Component: ARM Compiler 5.06 update 6 (build 750) Tool: armlink [4d35ed]

==============================================================================

Section Cross References

    event_groups.o(i.vEventGroupClearBitsCallback) refers to event_groups.o(i.xEventGroupClearBits) for xEventGroupClearBits
    event_groups.o(i.vEventGroupDelete) refers to tasks.o(i.vTaskSuspendAll) for vTaskSuspendAll
    event_groups.o(i.vEventGroupDelete) refers to tasks.o(i.vTaskRemoveFromUnorderedEventList) for vTaskRemoveFromUnorderedEventList
    event_groups.o(i.vEventGroupDelete) refers to heap_4.o(i.vPortFree) for vPortFree
    event_groups.o(i.vEventGroupDelete) refers to tasks.o(i.xTaskResumeAll) for xTaskResumeAll
    event_groups.o(i.vEventGroupSetBitsCallback) refers to event_groups.o(i.xEventGroupSetBits) for xEventGroupSetBits
    event_groups.o(i.xEventGroupClearBits) refers to port.o(i.vPortEnterCritical) for vPortEnterCritical
    event_groups.o(i.xEventGroupClearBits) refers to port.o(i.vPortExitCritical) for vPortExitCritical
    event_groups.o(i.xEventGroupCreate) refers to heap_4.o(i.pvPortMalloc) for pvPortMalloc
    event_groups.o(i.xEventGroupCreate) refers to list.o(i.vListInitialise) for vListInitialise
    event_groups.o(i.xEventGroupSetBits) refers to tasks.o(i.vTaskSuspendAll) for vTaskSuspendAll
    event_groups.o(i.xEventGroupSetBits) refers to tasks.o(i.vTaskRemoveFromUnorderedEventList) for vTaskRemoveFromUnorderedEventList
    event_groups.o(i.xEventGroupSetBits) refers to tasks.o(i.xTaskResumeAll) for xTaskResumeAll
    event_groups.o(i.xEventGroupSync) refers to tasks.o(i.xTaskGetSchedulerState) for xTaskGetSchedulerState
    event_groups.o(i.xEventGroupSync) refers to tasks.o(i.vTaskSuspendAll) for vTaskSuspendAll
    event_groups.o(i.xEventGroupSync) refers to event_groups.o(i.xEventGroupSetBits) for xEventGroupSetBits
    event_groups.o(i.xEventGroupSync) refers to tasks.o(i.vTaskPlaceOnUnorderedEventList) for vTaskPlaceOnUnorderedEventList
    event_groups.o(i.xEventGroupSync) refers to tasks.o(i.xTaskResumeAll) for xTaskResumeAll
    event_groups.o(i.xEventGroupSync) refers to tasks.o(i.uxTaskResetEventItemValue) for uxTaskResetEventItemValue
    event_groups.o(i.xEventGroupSync) refers to port.o(i.vPortEnterCritical) for vPortEnterCritical
    event_groups.o(i.xEventGroupSync) refers to port.o(i.vPortExitCritical) for vPortExitCritical
    event_groups.o(i.xEventGroupWaitBits) refers to tasks.o(i.xTaskGetSchedulerState) for xTaskGetSchedulerState
    event_groups.o(i.xEventGroupWaitBits) refers to tasks.o(i.vTaskSuspendAll) for vTaskSuspendAll
    event_groups.o(i.xEventGroupWaitBits) refers to event_groups.o(i.prvTestWaitCondition) for prvTestWaitCondition
    event_groups.o(i.xEventGroupWaitBits) refers to tasks.o(i.vTaskPlaceOnUnorderedEventList) for vTaskPlaceOnUnorderedEventList
    event_groups.o(i.xEventGroupWaitBits) refers to tasks.o(i.xTaskResumeAll) for xTaskResumeAll
    event_groups.o(i.xEventGroupWaitBits) refers to tasks.o(i.uxTaskResetEventItemValue) for uxTaskResetEventItemValue
    event_groups.o(i.xEventGroupWaitBits) refers to port.o(i.vPortEnterCritical) for vPortEnterCritical
    event_groups.o(i.xEventGroupWaitBits) refers to port.o(i.vPortExitCritical) for vPortExitCritical
    queue.o(i.pcQueueGetName) refers to queue.o(.bss) for xQueueRegistry
    queue.o(i.prvCopyDataFromQueue) refers to memcpya.o(.text) for __aeabi_memcpy
    queue.o(i.prvCopyDataToQueue) refers to tasks.o(i.xTaskPriorityDisinherit) for xTaskPriorityDisinherit
    queue.o(i.prvCopyDataToQueue) refers to memcpya.o(.text) for __aeabi_memcpy
    queue.o(i.prvInitialiseMutex) refers to queue.o(i.xQueueGenericSend) for xQueueGenericSend
    queue.o(i.prvInitialiseNewQueue) refers to queue.o(i.xQueueGenericReset) for xQueueGenericReset
    queue.o(i.prvIsQueueEmpty) refers to port.o(i.vPortEnterCritical) for vPortEnterCritical
    queue.o(i.prvIsQueueEmpty) refers to port.o(i.vPortExitCritical) for vPortExitCritical
    queue.o(i.prvIsQueueFull) refers to port.o(i.vPortEnterCritical) for vPortEnterCritical
    queue.o(i.prvIsQueueFull) refers to port.o(i.vPortExitCritical) for vPortExitCritical
    queue.o(i.prvUnlockQueue) refers to port.o(i.vPortEnterCritical) for vPortEnterCritical
    queue.o(i.prvUnlockQueue) refers to tasks.o(i.xTaskRemoveFromEventList) for xTaskRemoveFromEventList
    queue.o(i.prvUnlockQueue) refers to tasks.o(i.vTaskMissedYield) for vTaskMissedYield
    queue.o(i.prvUnlockQueue) refers to port.o(i.vPortExitCritical) for vPortExitCritical
    queue.o(i.uxQueueMessagesWaiting) refers to port.o(i.vPortEnterCritical) for vPortEnterCritical
    queue.o(i.uxQueueMessagesWaiting) refers to port.o(i.vPortExitCritical) for vPortExitCritical
    queue.o(i.uxQueueSpacesAvailable) refers to port.o(i.vPortEnterCritical) for vPortEnterCritical
    queue.o(i.uxQueueSpacesAvailable) refers to port.o(i.vPortExitCritical) for vPortExitCritical
[...]
    ..\Libraries\STM32F4xx_StdPeriph_Driver\src\stm32f4xx_cryp.c 0x00000000   Number         0  stm32f4xx_cryp.o ABSOLUTE
    ..\Libraries\STM32F4xx_StdPeriph_Driver\src\stm32f4xx_cryp_aes.c 0x00000000   Number         0  stm32f4xx_cryp_aes.o ABSOLUTE
    ..\Libraries\STM32F4xx_StdPeriph_Driver\src\stm32f4xx_cryp_des.c 0x00000000   Number         0  stm32f4xx_cryp_des.o ABSOLUTE
    ..\Libraries\STM32F4xx_StdPeriph_Driver\src\stm32f4xx_cryp_tdes.c 0x00000000   Number         0  stm32f4xx_cryp_tdes.o ABSOLUTE
    ..\Libraries\STM32F4xx_StdPeriph_Driver\src\stm32f4xx_dac.c 0x00000000   Number         0  stm32f4xx_dac.o ABSOLUTE
    ..\Libraries\STM32F4xx_StdPeriph_Driver\src\stm32f4xx_dbgmcu.c 0x00000000   Number         0  stm32f4xx_dbgmcu.o ABSOLUTE
    ..\Libraries\STM32F4xx_StdPeriph_Driver\src\stm32f4xx_dcmi.c 0x00000000   Number         0  stm32f4xx_dcmi.o ABSOLUTE
    ..\Libraries\STM32F4xx_StdPeriph_Driver\src\stm32f4xx_dma.c 0x00000000   Number         0  stm32f4xx_dma.o ABSOLUTE
    ..\Libraries\STM32F4xx_StdPeriph_Driver\src\stm32f4xx_dma2d.c 0x00000000   Number         0  stm32f4xx_dma2d.o ABSOLUTE
    ..\Libraries\STM32F4xx_StdPeriph_Driver\src\stm32f4xx_dsi.c 0x00000000   Number         0  stm32f4xx_dsi.o ABSOLUTE
    ..\Libraries\STM32F4xx_StdPeriph_Driver\src\stm32f4xx_exti.c 0x00000000   Number         0  stm32f4xx_exti.o ABSOLUTE
    ..\Libraries\STM32F4xx_StdPeriph_Driver\src\stm32f4xx_flash.c 0x00000000   Number         0  stm32f4xx_flash.o ABSOLUTE
    ..\Libraries\STM32F4xx_StdPeriph_Driver\src\stm32f4xx_flash_ramfunc.c 0x00000000   Number         0  stm32f4xx_flash_ramfunc.o ABSOLUTE
    ..\Libraries\STM32F4xx_StdPeriph_Driver\src\stm32f4xx_fmc.c 0x00000000   Number         0  stm32f4xx_fmc.o ABSOLUTE
    ..\Libraries\STM32F4xx_StdPeriph_Driver\src\stm32f4xx_fmpi2c.c 0x00000000   Number         0  stm32f4xx_fmpi2c.o ABSOLUTE
    ..\Libraries\STM32F4xx_StdPeriph_Driver\src\stm32f4xx_gpio.c 0x00000000   Number         0  stm32f4xx_gpio.o ABSOLUTE
    ..\Libraries\STM32F4xx_StdPeriph_Driver\src\stm32f4xx_hash.c 0x00000000   Number         0  stm32f4xx_hash.o ABSOLUTE
    ..\Libraries\STM32F4xx_StdPeriph_Driver\src\stm32f4xx_hash_md5.c 0x00000000   Number         0  stm32f4xx_hash_md5.o ABSOLUTE
    ..\Libraries\STM32F4xx_StdPeriph_Driver\src\stm32f4xx_hash_sha1.c 0x00000000   Number         0  stm32f4xx_hash_sha1.o ABSOLUTE
    ..\Libraries\STM32F4xx_StdPeriph_Driver\src\stm32f4xx_i2c.c 0x00000000   Number         0  stm32f4xx_i2c.o ABSOLUTE
    ..\Libraries\STM32F4xx_StdPeriph_Driver\src\stm32f4xx_iwdg.c 0x00000000   Number         0  stm32f4xx_iwdg.o ABSOLUTE
    ..\Libraries\STM32F4xx_StdPeriph_Driver\src\stm32f4xx_lptim.c 0x00000000   Number         0  stm32f4xx_lptim.o ABSOLUTE
    ..\Libraries\STM32F4xx_StdPeriph_Driver\src\stm32f4xx_ltdc.c 0x00000000   Number         0  stm32f4xx_ltdc.o ABSOLUTE
    ..\Libraries\STM32F4xx_StdPeriph_Driver\src\stm32f4xx_pwr.c 0x00000000   Number         0  stm32f4xx_pwr.o ABSOLUTE
    ..\Libraries\STM32F4xx_StdPeriph_Driver\src\stm32f4xx_qspi.c 0x00000000   Number         0  stm32f4xx_qspi.o ABSOLUTE
    ..\Libraries\STM32F4xx_StdPeriph_Driver\src\stm32f4xx_rcc.c 0x00000000   Number         0  stm32f4xx_rcc.o ABSOLUTE
    ..\Libraries\STM32F4xx_StdPeriph_Driver\src\stm32f4xx_rng.c 0x00000000   Number         0  stm32f4xx_rng.o ABSOLUTE
    ..\Libraries\STM32F4xx_StdPeriph_Driver\src\stm32f4xx_rtc.c 0x00000000   Number         0  stm32f4xx_rtc.o ABSOLUTE
    ..\Libraries\STM32F4xx_StdPeriph_Driver\src\stm32f4xx_sai.c 0x00000000   Number         0  stm32f4xx_sai.o ABSOLUTE
    ..\Libraries\STM32F4xx_StdPeriph_Driver\src\stm32f4xx_sdio.c 0x00000000   Number         0  stm32f4xx_sdio.o ABSOLUTE
    ..\Libraries\STM32F4xx_StdPeriph_Driver\src\stm32f4xx_spdifrx.c 0x00000000   Number         0  stm32f4xx_spdifrx.o ABSOLUTE
    ..\Libraries\STM32F4xx_StdPeriph_Driver\src\stm32f4xx_spi.c 0x00000000   Number         0  stm32f4xx_spi.o ABSOLUTE
    ..\Libraries\STM32F4xx_StdPeriph_Driver\src\stm32f4xx_syscfg.c 0x00000000   Number         0  stm32f4xx_syscfg.o ABSOLUTE
    ..\Libraries\STM32F4xx_StdPeriph_Driver\src\stm32f4xx_tim.c 0x00000000   Number         0  stm32f4xx_tim.o ABSOLUTE
    ..\Libraries\STM32F4xx_StdPeriph_Driver\src\stm32f4xx_usart.c 0x00000000   Number         0  stm32f4xx_usart.o ABSOLUTE
    ..\Libraries\STM32F4xx_StdPeriph_Driver\src\stm32f4xx_wwdg.c 0x00000000   Number         0  stm32f4xx_wwdg.o ABSOLUTE
    ..\Task\Task_Can.c                       0x00000000   Number         0  task_can.o ABSOLUTE
    ..\Task\Task_Ctrl.c                      0x00000000   Number         0  task_ctrl.o ABSOLUTE
    ..\Task\Task_Init.c                      0x00000000   Number         0  task_init.o ABSOLUTE
    ..\Task\Task_Usart.c                     0x00000000   Number         0  task_usart.o ABSOLUTE
    ..\User\delay.c                          0x00000000   Number         0  delay.o ABSOLUTE
    ..\User\main.c                           0x00000000   Number         0  main.o ABSOLUTE
    ..\User\pid.c                            0x00000000   Number         0  pid.o ABSOLUTE
    ..\User\stm32f4xx_it.c                   0x00000000   Number         0  stm32f4xx_it.o ABSOLUTE
    ..\\BSP\\BSP_ADC.c                       0x00000000   Number         0  bsp_adc.o ABSOLUTE
    ..\\BSP\\BSP_CAN.c                       0x00000000   Number         0  bsp_can.o ABSOLUTE
    ..\\BSP\\BSP_DMA.c                       0x00000000   Number         0  bsp_dma.o ABSOLUTE
    ..\\BSP\\BSP_GPIO.c                      0x00000000   Number         0  bsp_gpio.o ABSOLUTE
    ..\\BSP\\BSP_I2C.c                       0x00000000   Number         0  bsp_i2c.o ABSOLUTE
    ..\\BSP\\BSP_NVIC.c                      0x00000000   Number         0  bsp_nvic.o ABSOLUTE
    ..\\BSP\\BSP_TIM.c                       0x00000000   Number         0  bsp_tim.o ABSOLUTE
    ..\\BSP\\BSP_USART.c                     0x00000000   Number         0  bsp_usart.o ABSOLUTE
    ..\\Control\\Chassis.c                   0x00000000   Number         0  chassis.o ABSOLUTE
    ..\\Control\\Joint.c                     0x00000000   Number         0  joint.o ABSOLUTE
    ..\\Devices\\DR16.c                      0x00000000   Number         0  dr16.o ABSOLUTE
    ..\\Devices\\Key.c                       0x00000000   Number         0  key.o ABSOLUTE
    ..\\Devices\\LED.c                       0x00000000   Number         0  led.o ABSOLUTE
    ..\\Devices\\Motor.c                     0x00000000   Number         0  motor.o ABSOLUTE
    ..\\Devices\\OLED.c                      0x00000000   Number         0  oled.o ABSOLUTE
    ..\\FreeRTOS\\portable\\RVDS\\ARM_CM4F\\port.c 0x00000000   Number         0  port.o ABSOLUTE
    ..\\Libraries\\CMSIS\\Device\\ST\\STM32F4xx\\Source\\Templates\\system_stm32f4xx.c 0x00000000   Number         0  system_stm32f4xx.o ABSOLUTE
    ..\\Libraries\\STM32F4xx_StdPeriph_Driver\\src\\misc.c 0x00000000   Number         0  misc.o ABSOLUTE
    ..\\Libraries\\STM32F4xx_StdPeriph_Driver\\src\\stm32f4xx_adc.c 0x00000000   Number         0  stm32f4xx_adc.o ABSOLUTE
    ..\\Libraries\\STM32F4xx_StdPeriph_Driver\\src\\stm32f4xx_can.c 0x00000000   Number         0  stm32f4xx_can.o ABSOLUTE
    ..\\Libraries\\STM32F4xx_StdPeriph_Driver\\src\\stm32f4xx_cec.c 0x00000000   Number         0  stm32f4xx_cec.o ABSOLUTE
    ..\\Libraries\\STM32F4xx_StdPeriph_Driver\\src\\stm32f4xx_crc.c 0x00000000   Number         0  stm32f4xx_crc.o ABSOLUTE
    ..\\Libraries\\STM32F4xx_StdPeriph_Driver\\src\\stm32f4xx_cryp.c 0x00000000   Number         0  stm32f4xx_cryp.o ABSOLUTE
    ..\\Libraries\\STM32F4xx_StdPeriph_Driver\\src\\stm32f4xx_cryp_aes.c 0x00000000   Number         0  stm32f4xx_cryp_aes.o ABSOLUTE
    ..\\Libraries\\STM32F4xx_StdPeriph_Driver\\src\\stm32f4xx_cryp_des.c 0x00000000   Number         0  stm32f4xx_cryp_des.o ABSOLUTE
    ..\\Libraries\\STM32F4xx_StdPeriph_Driver\\src\\stm32f4xx_cryp_tdes.c 0x00000000   Number         0  stm32f4xx_cryp_tdes.o ABSOLUTE
    ..\\Libraries\\STM32F4xx_StdPeriph_Driver\\src\\stm32f4xx_dac.c 0x00000000   Number         0  stm32f4xx_dac.o ABSOLUTE
    ..\\Libraries\\STM32F4xx_StdPeriph_Driver\\src\\stm32f4xx_dbgmcu.c 0x00000000   Number         0  stm32f4xx_dbgmcu.o ABSOLUTE
    ..\\Libraries\\STM32F4xx_StdPeriph_Driver\\src\\stm32f4xx_dcmi.c 0x00000000   Number         0  stm32f4xx_dcmi.o ABSOLUTE
    ..\\Libraries\\STM32F4xx_StdPeriph_Driver\\src\\stm32f4xx_dma.c 0x00000000   Number         0  stm32f4xx_dma.o ABSOLUTE
    ..\\Libraries\\STM32F4xx_StdPeriph_Driver\\src\\stm32f4xx_dma2d.c 0x00000000   Number         0  stm32f4xx_dma2d.o ABSOLUTE
    ..\\Libraries\\STM32F4xx_StdPeriph_Driver\\src\\stm32f4xx_dsi.c 0x00000000   Number         0  stm32f4xx_dsi.o ABSOLUTE
    ..\\Libraries\\STM32F4xx_StdPeriph_Driver\\src\\stm32f4xx_exti.c 0x00000000   Number         0  stm32f4xx_exti.o ABSOLUTE
    ..\\Libraries\\STM32F4xx_StdPeriph_Driver\\src\\stm32f4xx_flash.c 0x00000000   Number         0  stm32f4xx_flash.o ABSOLUTE
    ..\\Libraries\\STM32F4xx_StdPeriph_Driver\\src\\stm32f4xx_flash_ramfunc.c 0x00000000   Number         0  stm32f4xx_flash_ramfunc.o ABSOLUTE
    ..\\Libraries\\STM32F4xx_StdPeriph_Driver\\src\\stm32f4xx_fmc.c 0x00000000   Number         0  stm32f4xx_fmc.o ABSOLUTE
    ..\\Libraries\\STM32F4xx_StdPeriph_Driver\\src\\stm32f4xx_fmpi2c.c 0x00000000   Number         0  stm32f4xx_fmpi2c.o ABSOLUTE
    ..\\Libraries\\STM32F4xx_StdPeriph_Driver\\src\\stm32f4xx_gpio.c 0x00000000   Number         0  stm32f4xx_gpio.o ABSOLUTE
    ..\\Libraries\\STM32F4xx_StdPeriph_Driver\\src\\stm32f4xx_hash.c 0x00000000   Number         0  stm32f4xx_hash.o ABSOLUTE
    ..\\Libraries\\STM32F4xx_StdPeriph_Driver\\src\\stm32f4xx_hash_md5.c 0x00000000   Number         0  stm32f4xx_hash_md5.o ABSOLUTE
    ..\\Libraries\\STM32F4xx_StdPeriph_Driver\\src\\stm32f4xx_hash_sha1.c 0x00000000   Number         0  stm32f4xx_hash_sha1.o ABSOLUTE
    ..\\Libraries\\STM32F4xx_StdPeriph_Driver\\src\\stm32f4xx_i2c.c 0x00000000   Number         0  stm32f4xx_i2c.o ABSOLUTE
    ..\\Libraries\\STM32F4xx_StdPeriph_Driver\\src\\stm32f4xx_iwdg.c 0x00000000   Number         0  stm32f4xx_iwdg.o ABSOLUTE
    ..\\Libraries\\STM32F4xx_StdPeriph_Driver\\src\\stm32f4xx_lptim.c 0x00000000   Number         0  stm32f4xx_lptim.o ABSOLUTE
    ..\\Libraries\\STM32F4xx_StdPeriph_Driver\\src\\stm32f4xx_ltdc.c 0x00000000   Number         0  stm32f4xx_ltdc.o ABSOLUTE
    ..\\Libraries\\STM32F4xx_StdPeriph_Driver\\src\\stm32f4xx_pwr.c 0x00000000   Number         0  stm32f4xx_pwr.o ABSOLUTE
    ..\\Libraries\\STM32F4xx_StdPeriph_Driver\\src\\stm32f4xx_qspi.c 0x00000000   Number         0  stm32f4xx_qspi.o ABSOLUTE
    ..\\Libraries\\STM32F4xx_StdPeriph_Driver\\src\\stm32f4xx_rcc.c 0x00000000   Number         0  stm32f4xx_rcc.o ABSOLUTE
    ..\\Libraries\\STM32F4xx_StdPeriph_Driver\\src\\stm32f4xx_rng.c 0x00000000   Number         0  stm32f4xx_rng.o ABSOLUTE
    ..\\Libraries\\STM32F4xx_StdPeriph_Driver\\src\\stm32f4xx_rtc.c 0x00000000   Number         0  stm32f4xx_rtc.o ABSOLUTE
    ..\\Libraries\\STM32F4xx_StdPeriph_Driver\\src\\stm32f4xx_sai.c 0x00000000   Number         0  stm32f4xx_sai.o ABSOLUTE
    ..\\Libraries\\STM32F4xx_StdPeriph_Driver\\src\\stm32f4xx_sdio.c 0x00000000   Number         0  stm32f4xx_sdio.o ABSOLUTE
    ..\\Libraries\\STM32F4xx_StdPeriph_Driver\\src\\stm32f4xx_spdifrx.c 0x00000000   Number         0  stm32f4xx_spdifrx.o ABSOLUTE
    ..\\Libraries\\STM32F4xx_StdPeriph_Driver\\src\\stm32f4xx_spi.c 0x00000000   Number         0  stm32f4xx_spi.o ABSOLUTE
    ..\\Libraries\\STM32F4xx_StdPeriph_Driver\\src\\stm32f4xx_syscfg.c 0x00000000   Number         0  stm32f4xx_syscfg.o ABSOLUTE
    ..\\Libraries\\STM32F4xx_StdPeriph_Driver\\src\\stm32f4xx_tim.c 0x00000000   Number         0  stm32f4xx_tim.o ABSOLUTE
    ..\\Libraries\\STM32F4xx_StdPeriph_Driver\\src\\stm32f4xx_usart.c 0x00000000   Number         0  stm32f4xx_usart.o ABSOLUTE
    ..\\Libraries\\STM32F4xx_StdPeriph_Driver\\src\\stm32f4xx_wwdg.c 0x00000000   Number         0  stm32f4xx_wwdg.o ABSOLUTE
    ..\\Task\\Task_Can.c                     0x00000000   Number         0  task_can.o ABSOLUTE
    ..\\Task\\Task_Init.c                    0x00000000   Number         0  task_init.o ABSOLUTE
    ..\\Task\\Task_Usart.c                   0x00000000   Number         0  task_usart.o ABSOLUTE
    ..\\User\\delay.c                        0x00000000   Number         0  delay.o ABSOLUTE
    ..\\User\\main.c                         0x00000000   Number         0  main.o ABSOLUTE
    ..\\User\\pid.c                          0x00000000   Number         0  pid.o ABSOLUTE
    ..\\User\\stm32f4xx_it.c                 0x00000000   Number         0  stm32f4xx_it.o ABSOLUTE
    dc.s                                     0x00000000   Number         0  dc.o ABSOLUTE
    handlers.s                               0x00000000   Number         0  handlers.o ABSOLUTE
    init.s                                   0x00000000   Number         0  init.o ABSOLUTE
    RESET                                    0x08000000   Section      428  startup_stm32f427_437xx.o(RESET)
    .ARM.Collect$$$$00000000                 0x080001ac   Section        0  entry.o(.ARM.Collect$$$$00000000)
    .ARM.Collect$$$$00000001                 0x080001ac   Section        4  entry2.o(.ARM.Collect$$$$00000001)
    .ARM.Collect$$$$00000004                 0x080001b0   Section        4  entry5.o(.ARM.Collect$$$$00000004)
    .ARM.Collect$$$$00000008                 0x080001b4   Section        0  entry7b.o(.ARM.Collect$$$$00000008)
    .ARM.Collect$$$$0000000A                 0x080001b4   Section        0  entry8b.o(.ARM.Collect$$$$0000000A)
    .ARM.Collect$$$$0000000B                 0x080001b4   Section        8  entry9a.o(.ARM.Collect$$$$0000000B)
    .ARM.Collect$$$$0000000D                 0x080001bc   Section        0  entry10a.o(.ARM.Collect$$$$0000000D)
    .ARM.Collect$$$$0000000F                 0x080001bc   Section        0  entry11a.o(.ARM.Collect$$$$0000000F)
    .ARM.Collect$$$$00002712                 0x080001bc   Section        4  entry2.o(.ARM.Collect$$$$00002712)
    __lit__00000000                          0x080001bc   Data           4  entry2.o(.ARM.Collect$$$$00002712)
    .emb_text                                0x080001c0   Section      190  port.o(.emb_text)
    $v0                                      0x080001c0   Number         0  port.o(.emb_text)
    .text                                    0x08000280   Section       36  startup_stm32f427_437xx.o(.text)
    $v0                                      0x08000280   Number         0  startup_stm32f427_437xx.o(.text)
    .text                                    0x080002a4   Section        0  memcpya.o(.text)
    .text                                    0x080002c8   Section        0  memseta.o(.text)
    .text                                    0x080002ec   Section       36  init.o(.text)
    i.BSP_CAN1_GPIOInit                      0x08000310   Section        0  bsp_gpio.o(i.BSP_CAN1_GPIOInit)
    i.BSP_CAN1_Init                          0x08000360   Section        0  bsp_can.o(i.BSP_CAN1_Init)
    i.BSP_I2C2_GPIOInit                      0x080003f4   Section        0  bsp_gpio.o(i.BSP_I2C2_GPIOInit)
    i.BSP_I2C2_Init                          0x08000420   Section        0  bsp_i2c.o(i.BSP_I2C2_Init)
    i.BSP_KEY_GPIOInit                       0x08000488   Section        0  bsp_gpio.o(i.BSP_KEY_GPIOInit)
    i.BSP_LED_GPIOInit                       0x080004b8   Section        0  bsp_gpio.o(i.BSP_LED_GPIOInit)
    i.BSP_NVIC_Init                          0x08000510   Section        0  bsp_nvic.o(i.BSP_NVIC_Init)
    i.BSP_USART1_GPIOInit                    0x0800065c   Section        0  bsp_gpio.o(i.BSP_USART1_GPIOInit)
    i.BSP_USART1_Init                        0x080006b0   Section        0  bsp_usart.o(i.BSP_USART1_Init)
    i.BSP_USART2_GPIOInit                    0x08000714   Section        0  bsp_gpio.o(i.BSP_USART2_GPIOInit)
    i.BSP_USART2_Init                        0x08000768   Section        0  bsp_usart.o(i.BSP_USART2_Init)
    i.BusFault_Handler                       0x080007c0   Section        0  stm32f4xx_it.o(i.BusFault_Handler)
    i.CAN1_RX0_IRQHandler                    0x080007c4   Section        0  stm32f4xx_it.o(i.CAN1_RX0_IRQHandler)
    i.CAN2_RX0_IRQHandler                    0x0800081c   Section        0  stm32f4xx_it.o(i.CAN2_RX0_IRQHandler)
    i.CAN_ClearITPendingBit                  0x08000874   Section        0  stm32f4xx_can.o(i.CAN_ClearITPendingBit)
    i.CAN_FilterInit                         0x0800091c   Section        0  stm32f4xx_can.o(i.CAN_FilterInit)
    i.CAN_GetITStatus                        0x08000a24   Section        0  stm32f4xx_can.o(i.CAN_GetITStatus)
    i.CAN_ITConfig                           0x08000b44   Section        0  stm32f4xx_can.o(i.CAN_ITConfig)
    i.CAN_Init                               0x08000b56   Section        0  stm32f4xx_can.o(i.CAN_Init)
    i.CAN_Receive                            0x08000c6a   Section        0  stm32f4xx_can.o(i.CAN_Receive)
    i.CAN_Transmit                           0x08000d5a   Section        0  stm32f4xx_can.o(i.CAN_Transmit)
    i.CanTaskCreate                          0x08000e80   Section        0  task_can.o(i.CanTaskCreate)
    i.CheckITStatus                          0x08000f48   Section        0  stm32f4xx_can.o(i.CheckITStatus)
    CheckITStatus                            0x08000f49   Thumb Code    18  stm32f4xx_can.o(i.CheckITStatus)
    i.ControlTaskCreate                      0x08000f5c   Section        0  task_ctrl.o(i.ControlTaskCreate)
    i.DMA_Cmd                                0x08000fe8   Section        0  stm32f4xx_dma.o(i.DMA_Cmd)
    i.DMA_DeInit                             0x08001000   Section        0  stm32f4xx_dma.o(i.DMA_DeInit)
    i.DMA_GetCmdStatus                       0x08001158   Section        0  stm32f4xx_dma.o(i.DMA_GetCmdStatus)
    i.DMA_GetCurrDataCounter                 0x0800116c   Section        0  stm32f4xx_dma.o(i.DMA_GetCurrDataCounter)
    i.DMA_Init                               0x08001174   Section        0  stm32f4xx_dma.o(i.DMA_Init)
    i.DR16_DataDecode                        0x080011cc   Section        0  dr16.o(i.DR16_DataDecode)
    i.DebugMon_Handler                       0x0800129c   Section        0  stm32f4xx_it.o(i.DebugMon_Handler)
    i.GPIO_Init                              0x0800129e   Section        0  stm32f4xx_gpio.o(i.GPIO_Init)
    i.GPIO_PinAFConfig                       0x0800132e   Section        0  stm32f4xx_gpio.o(i.GPIO_PinAFConfig)
    i.GPIO_WriteBit                          0x08001374   Section        0  stm32f4xx_gpio.o(i.GPIO_WriteBit)
    i.HardFault_Handler                      0x0800137e   Section        0  stm32f4xx_it.o(i.HardFault_Handler)
    i.I2C_Cmd                                0x08001380   Section        0  stm32f4xx_i2c.o(i.I2C_Cmd)
    i.I2C_DeInit                             0x08001398   Section        0  stm32f4xx_i2c.o(i.I2C_DeInit)
    i.I2C_Init                               0x080013f8   Section        0  stm32f4xx_i2c.o(i.I2C_Init)
    i.KEY_Init                               0x080014e0   Section        0  key.o(i.KEY_Init)
    i.LEDTaskcreate                          0x080014e8   Section        0  task_init.o(i.LEDTaskcreate)
    LEDTaskcreate                            0x080014e9   Thumb Code    44  task_init.o(i.LEDTaskcreate)
    i.LED_Init                               0x0800153c   Section        0  led.o(i.LED_Init)
    i.M3508_DataDecode                       0x08001564   Section        0  motor.o(i.M3508_DataDecode)
    i.M6020_DataDecode                       0x080015e0   Section        0  motor.o(i.M6020_DataDecode)
    i.MemManage_Handler                      0x08001654   Section        0  stm32f4xx_it.o(i.MemManage_Handler)
    i.MotorParamInit                         0x08001658   Section        0  motor.o(i.MotorParamInit)
    i.NMI_Handler                            0x080016ac   Section        0  stm32f4xx_it.o(i.NMI_Handler)
    i.NVIC_Init                              0x080016b0   Section        0  misc.o(i.NVIC_Init)
    i.NVIC_PriorityGroupConfig               0x08001728   Section        0  misc.o(i.NVIC_PriorityGroupConfig)
    i.PID_StructInit                         0x0800173c   Section        0  pid.o(i.PID_StructInit)
    i.RCC_AHB1PeriphClockCmd                 0x0800178c   Section        0  stm32f4xx_rcc.o(i.RCC_AHB1PeriphClockCmd)
    i.RCC_APB1PeriphClockCmd                 0x080017ac   Section        0  stm32f4xx_rcc.o(i.RCC_APB1PeriphClockCmd)
    i.RCC_APB1PeriphResetCmd                 0x080017cc   Section        0  stm32f4xx_rcc.o(i.RCC_APB1PeriphResetCmd)
    i.RCC_APB2PeriphClockCmd                 0x080017ec   Section        0  stm32f4xx_rcc.o(i.RCC_APB2PeriphClockCmd)
    i.RCC_GetClocksFreq                      0x0800180c   Section        0  stm32f4xx_rcc.o(i.RCC_GetClocksFreq)
    i.SetSysClock                            0x080018f4   Section        0  system_stm32f4xx.o(i.SetSysClock)
    SetSysClock                              0x080018f5   Thumb Code   272  system_stm32f4xx.o(i.SetSysClock)
    i.SysTick_Handler                        0x08001a14   Section        0  port.o(i.SysTick_Handler)
    i.SystemInit                             0x08001a48   Section        0  system_stm32f4xx.o(i.SystemInit)
    i.USART1_IRQHandler                      0x08001ab0   Section        0  stm32f4xx_it.o(i.USART1_IRQHandler)
    i.USART1_RXDMA_Config                    0x08001b1c   Section        0  bsp_dma.o(i.USART1_RXDMA_Config)
    i.USART_Cmd                              0x08001ba8   Section        0  stm32f4xx_usart.o(i.USART_Cmd)
    i.USART_DMACmd                           0x08001bc0   Section        0  stm32f4xx_usart.o(i.USART_DMACmd)
    i.USART_GetITStatus                      0x08001bd2   Section        0  stm32f4xx_usart.o(i.USART_GetITStatus)
    i.USART_ITConfig                         0x08001c26   Section        0  stm32f4xx_usart.o(i.USART_ITConfig)
    i.USART_Init                             0x08001c70   Section        0  stm32f4xx_usart.o(i.USART_Init)
    i.UsageFault_Handler                     0x08001d44   Section        0  stm32f4xx_it.o(i.UsageFault_Handler)
    i.UsartTaskCreate                        0x08001d48   Section        0  task_usart.o(i.UsartTaskCreate)
    i.__scatterload_copy                     0x08001e14   Section       14  handlers.o(i.__scatterload_copy)
    i.__scatterload_null                     0x08001e22   Section        2  handlers.o(i.__scatterload_null)
    i.__scatterload_zeroinit                 0x08001e24   Section       14  handlers.o(i.__scatterload_zeroinit)
    i.main                                   0x08001e34   Section        0  main.o(i.main)
    i.pidParamInit                           0x08001e68   Section        0  pid.o(i.pidParamInit)
    pidParamInit                             0x08001e69   Thumb Code    20  pid.o(i.pidParamInit)
    i.pidReset                               0x08001e7c   Section        0  pid.o(i.pidReset)
    pidReset                                 0x08001e7d   Thumb Code    14  pid.o(i.pidReset)
    i.prvAddCurrentTaskToDelayedList         0x08001e8c   Section        0  tasks.o(i.prvAddCurrentTaskToDelayedList)
    prvAddCurrentTaskToDelayedList           0x08001e8d   Thumb Code   124  tasks.o(i.prvAddCurrentTaskToDelayedList)
    i.prvAddNewTaskToReadyList               0x08001f24   Section        0  tasks.o(i.prvAddNewTaskToReadyList)
    prvAddNewTaskToReadyList                 0x08001f25   Thumb Code   156  tasks.o(i.prvAddNewTaskToReadyList)
    i.prvCheckForValidListAndQueue           0x08001fdc   Section        0  timers.o(i.prvCheckForValidListAndQueue)
    prvCheckForValidListAndQueue             0x08001fdd   Thumb Code    72  timers.o(i.prvCheckForValidListAndQueue)
    i.prvCheckTasksWaitingTermination        0x08002040   Section        0  tasks.o(i.prvCheckTasksWaitingTermination)
    prvCheckTasksWaitingTermination          0x08002041   Thumb Code    60  tasks.o(i.prvCheckTasksWaitingTermination)
    i.prvCopyDataFromQueue                   0x08002088   Section        0  queue.o(i.prvCopyDataFromQueue)
    prvCopyDataFromQueue                     0x08002089   Thumb Code    42  queue.o(i.prvCopyDataFromQueue)
    i.prvCopyDataToQueue                     0x080020b2   Section        0  queue.o(i.prvCopyDataToQueue)
    prvCopyDataToQueue                       0x080020b3   Thumb Code   124  queue.o(i.prvCopyDataToQueue)
    i.prvDeleteTCB                           0x0800212e   Section        0  tasks.o(i.prvDeleteTCB)
    prvDeleteTCB                             0x0800212f   Thumb Code    18  tasks.o(i.prvDeleteTCB)
    i.prvGetNextExpireTime                   0x08002140   Section        0  timers.o(i.prvGetNextExpireTime)
    prvGetNextExpireTime                     0x08002141   Thumb Code    36  timers.o(i.prvGetNextExpireTime)
    i.prvHeapInit                            0x08002168   Section        0  heap_4.o(i.prvHeapInit)
    prvHeapInit                              0x08002169   Thumb Code    98  heap_4.o(i.prvHeapInit)
    i.prvIdleTask                            0x080021e4   Section        0  tasks.o(i.prvIdleTask)
    prvIdleTask                              0x080021e5   Thumb Code    32  tasks.o(i.prvIdleTask)
    i.prvInitialiseNewQueue                  0x0800220c   Section        0  queue.o(i.prvInitialiseNewQueue)
    prvInitialiseNewQueue                    0x0800220d   Thumb Code    42  queue.o(i.prvInitialiseNewQueue)
    i.prvInitialiseNewTask                   0x08002236   Section        0  tasks.o(i.prvInitialiseNewTask)
    prvInitialiseNewTask                     0x08002237   Thumb Code   180  tasks.o(i.prvInitialiseNewTask)
    i.prvInitialiseTaskLists                 0x080022ec   Section        0  tasks.o(i.prvInitialiseTaskLists)
    prvInitialiseTaskLists                   0x080022ed   Thumb Code    70  tasks.o(i.prvInitialiseTaskLists)
    i.prvInsertBlockIntoFreeList             0x08002354   Section        0  heap_4.o(i.prvInsertBlockIntoFreeList)
    prvInsertBlockIntoFreeList               0x08002355   Thumb Code    96  heap_4.o(i.prvInsertBlockIntoFreeList)
    i.prvInsertTimerInActiveList             0x080023bc   Section        0  timers.o(i.prvInsertTimerInActiveList)
    prvInsertTimerInActiveList               0x080023bd   Thumb Code    80  timers.o(i.prvInsertTimerInActiveList)
    i.prvIsQueueEmpty                        0x08002414   Section        0  queue.o(i.prvIsQueueEmpty)
    prvIsQueueEmpty                          0x08002415   Thumb Code    26  queue.o(i.prvIsQueueEmpty)
    i.prvIsQueueFull                         0x0800242e   Section        0  queue.o(i.prvIsQueueFull)
    prvIsQueueFull                           0x0800242f   Thumb Code    30  queue.o(i.prvIsQueueFull)
    i.prvProcessExpiredTimer                 0x0800244c   Section        0  timers.o(i.prvProcessExpiredTimer)
    prvProcessExpiredTimer                   0x0800244d   Thumb Code    94  timers.o(i.prvProcessExpiredTimer)
    i.prvProcessReceivedCommands             0x080024b0   Section        0  timers.o(i.prvProcessReceivedCommands)
    prvProcessReceivedCommands               0x080024b1   Thumb Code   240  timers.o(i.prvProcessReceivedCommands)
    i.prvProcessTimerOrBlockTask             0x080025a4   Section        0  timers.o(i.prvProcessTimerOrBlockTask)
    prvProcessTimerOrBlockTask               0x080025a5   Thumb Code   102  timers.o(i.prvProcessTimerOrBlockTask)
    i.prvResetNextTaskUnblockTime            0x08002618   Section        0  tasks.o(i.prvResetNextTaskUnblockTime)
    prvResetNextTaskUnblockTime              0x08002619   Thumb Code    42  tasks.o(i.prvResetNextTaskUnblockTime)
    i.prvSampleTimeNow                       0x0800264c   Section        0  timers.o(i.prvSampleTimeNow)
    prvSampleTimeNow                         0x0800264d   Thumb Code    40  timers.o(i.prvSampleTimeNow)
    i.prvSwitchTimerLists                    0x08002678   Section        0  timers.o(i.prvSwitchTimerLists)
    prvSwitchTimerLists                      0x08002679   Thumb Code   150  timers.o(i.prvSwitchTimerLists)
    i.prvTaskExitError                       0x08002718   Section        0  port.o(i.prvTaskExitError)
    prvTaskExitError                         0x08002719   Thumb Code    60  port.o(i.prvTaskExitError)
    i.prvTimerTask                           0x08002758   Section        0  timers.o(i.prvTimerTask)
    prvTimerTask                             0x08002759   Thumb Code    26  timers.o(i.prvTimerTask)
    i.prvUnlockQueue                         0x08002772   Section        0  queue.o(i.prvUnlockQueue)
    prvUnlockQueue                           0x08002773   Thumb Code   126  queue.o(i.prvUnlockQueue)
    i.pvPortMalloc                           0x080027f0   Section        0  heap_4.o(i.pvPortMalloc)
    i.pxPortInitialiseStack                  0x0800292c   Section        0  port.o(i.pxPortInitialiseStack)
    i.uxListRemove                           0x08002958   Section        0  list.o(i.uxListRemove)
    i.vListInitialise                        0x08002980   Section        0  list.o(i.vListInitialise)
    i.vListInitialiseItem                    0x0800299a   Section        0  list.o(i.vListInitialiseItem)
    i.vListInsert                            0x080029a0   Section        0  list.o(i.vListInsert)
    i.vListInsertEnd                         0x080029d4   Section        0  list.o(i.vListInsertEnd)
    i.vPortEnterCritical                     0x080029ec   Section        0  port.o(i.vPortEnterCritical)
    i.vPortExitCritical                      0x08002a40   Section        0  port.o(i.vPortExitCritical)
    i.vPortFree                              0x08002a7c   Section        0  heap_4.o(i.vPortFree)
    i.vPortSetupTimerInterrupt               0x08002b10   Section        0  port.o(i.vPortSetupTimerInterrupt)
    i.vPortValidateInterruptPriority         0x08002b38   Section        0  port.o(i.vPortValidateInterruptPriority)
    i.vQueueAddToRegistry                    0x08002bb0   Section        0  queue.o(i.vQueueAddToRegistry)
    i.vQueueWaitForMessageRestricted         0x08002bdc   Section        0  queue.o(i.vQueueWaitForMessageRestricted)
    i.vTaskCan1Receive                       0x08002c28   Section        0  task_can.o(i.vTaskCan1Receive)
    vTaskCan1Receive                         0x08002c29   Thumb Code    56  task_can.o(i.vTaskCan1Receive)
    i.vTaskCan2Receive                       0x08002c68   Section        0  task_can.o(i.vTaskCan2Receive)
    vTaskCan2Receive                         0x08002c69   Thumb Code    32  task_can.o(i.vTaskCan2Receive)
    i.vTaskCanSend                           0x08002c90   Section        0  task_can.o(i.vTaskCanSend)
    vTaskCanSend                             0x08002c91   Thumb Code   146  task_can.o(i.vTaskCanSend)
    i.vTaskCtrlChassis                       0x08002d30   Section        0  task_ctrl.o(i.vTaskCtrlChassis)
    vTaskCtrlChassis                         0x08002d31   Thumb Code    10  task_ctrl.o(i.vTaskCtrlChassis)
    i.vTaskCtrlGimbal                        0x08002d3a   Section        0  task_ctrl.o(i.vTaskCtrlGimbal)
    vTaskCtrlGimbal                          0x08002d3b   Thumb Code    10  task_ctrl.o(i.vTaskCtrlGimbal)
    i.vTaskCtrlJoint                         0x08002d44   Section        0  task_ctrl.o(i.vTaskCtrlJoint)
    vTaskCtrlJoint                           0x08002d45   Thumb Code    10  task_ctrl.o(i.vTaskCtrlJoint)
    i.vTaskDelay                             0x08002d50   Section        0  tasks.o(i.vTaskDelay)
    i.vTaskDelete                            0x08002dac   Section        0  tasks.o(i.vTaskDelete)
    i.vTaskInternalSetTimeOutState           0x08002ea0   Section        0  tasks.o(i.vTaskInternalSetTimeOutState)
    i.vTaskLED0                              0x08002eb8   Section        0  task_init.o(i.vTaskLED0)
    vTaskLED0                                0x08002eb9   Thumb Code   168  task_init.o(i.vTaskLED0)
    i.vTaskLED6                              0x08002f68   Section        0  task_init.o(i.vTaskLED6)
    vTaskLED6                                0x08002f69   Thumb Code    10  task_init.o(i.vTaskLED6)
    i.vTaskMissedYield                       0x08002f74   Section        0  tasks.o(i.vTaskMissedYield)
    i.vTaskPlaceOnEventList                  0x08002f80   Section        0  tasks.o(i.vTaskPlaceOnEventList)
    i.vTaskPlaceOnEventListRestricted        0x08002fb8   Section        0  tasks.o(i.vTaskPlaceOnEventListRestricted)
    i.vTaskStart                             0x08002ff8   Section        0  task_init.o(i.vTaskStart)
    i.vTaskStartScheduler                    0x08003054   Section        0  tasks.o(i.vTaskStartScheduler)
    i.vTaskSuspendAll                        0x080030e8   Section        0  tasks.o(i.vTaskSuspendAll)
    i.vTaskSwitchContext                     0x080030f8   Section        0  tasks.o(i.vTaskSwitchContext)
    i.vTaskUsart1Receive                     0x08003184   Section        0  task_usart.o(i.vTaskUsart1Receive)
    vTaskUsart1Receive                       0x08003185   Thumb Code    38  task_usart.o(i.vTaskUsart1Receive)
    i.vTaskUsart2Receive                     0x080031b4   Section        0  task_usart.o(i.vTaskUsart2Receive)
    vTaskUsart2Receive                       0x080031b5   Thumb Code    20  task_usart.o(i.vTaskUsart2Receive)
    i.vTaskUsart3Receive                     0x080031cc   Section        0  task_usart.o(i.vTaskUsart3Receive)
    vTaskUsart3Receive                       0x080031cd   Thumb Code    20  task_usart.o(i.vTaskUsart3Receive)
    i.xPortStartScheduler                    0x080031e4   Section        0  port.o(i.xPortStartScheduler)
    i.xQueueGenericCreate                    0x0800334c   Section        0  queue.o(i.xQueueGenericCreate)
    i.xQueueGenericReset                     0x080033a4   Section        0  queue.o(i.xQueueGenericReset)
    i.xQueueGenericSend                      0x0800343c   Section        0  queue.o(i.xQueueGenericSend)
    i.xQueueGenericSendFromISR               0x080035e4   Section        0  queue.o(i.xQueueGenericSendFromISR)
    i.xQueueReceive                          0x080036dc   Section        0  queue.o(i.xQueueReceive)
    i.xTaskCheckForTimeOut                   0x08003844   Section        0  tasks.o(i.xTaskCheckForTimeOut)
    i.xTaskCreate                            0x080038d0   Section        0  tasks.o(i.xTaskCreate)
    i.xTaskGetSchedulerState                 0x08003930   Section        0  tasks.o(i.xTaskGetSchedulerState)
    i.xTaskGetTickCount                      0x08003950   Section        0  tasks.o(i.xTaskGetTickCount)
    i.xTaskIncrementTick                     0x0800395c   Section        0  tasks.o(i.xTaskIncrementTick)
    i.xTaskPriorityDisinherit                0x08003aa4   Section        0  tasks.o(i.xTaskPriorityDisinherit)
    i.xTaskRemoveFromEventList               0x08003b6c   Section        0  tasks.o(i.xTaskRemoveFromEventList)
    i.xTaskResumeAll                         0x08003c04   Section        0  tasks.o(i.xTaskResumeAll)
    i.xTimerCreateTimerTask                  0x08003d08   Section        0  timers.o(i.xTimerCreateTimerTask)
    i.xTimerGenericCommand                   0x08003d60   Section        0  timers.o(i.xTimerGenericCommand)
    .data                                    0x20000000   Section       60  tasks.o(.data)
    pxDelayedTaskList                        0x20000004   Data           4  tasks.o(.data)
    pxOverflowDelayedTaskList                0x20000008   Data           4  tasks.o(.data)
    uxDeletedTasksWaitingCleanUp             0x2000000c   Data           4  tasks.o(.data)
    uxCurrentNumberOfTasks                   0x20000010   Data           4  tasks.o(.data)
    xTickCount                               0x20000014   Data           4  tasks.o(.data)
    uxTopReadyPriority                       0x20000018   Data           4  tasks.o(.data)
    xSchedulerRunning                        0x2000001c   Data           4  tasks.o(.data)
    uxPendedTicks                            0x20000020   Data           4  tasks.o(.data)
    xYieldPending                            0x20000024   Data           4  tasks.o(.data)
    xNumOfOverflows                          0x20000028   Data           4  tasks.o(.data)
    uxTaskNumber                             0x2000002c   Data           4  tasks.o(.data)
    xNextTaskUnblockTime                     0x20000030   Data           4  tasks.o(.data)
    xIdleTaskHandle                          0x20000034   Data           4  tasks.o(.data)
    uxSchedulerSuspended                     0x20000038   Data           4  tasks.o(.data)
    .data                                    0x2000003c   Section       20  timers.o(.data)
    pxCurrentTimerList                       0x2000003c   Data           4  timers.o(.data)
    pxOverflowTimerList                      0x20000040   Data           4  timers.o(.data)
    xTimerQueue                              0x20000044   Data           4  timers.o(.data)
    xTimerTaskHandle                         0x20000048   Data           4  timers.o(.data)
    xLastTime                                0x2000004c   Data           4  timers.o(.data)
    .data                                    0x20000050   Section       24  heap_4.o(.data)
    xStart                                   0x20000050   Data           8  heap_4.o(.data)
    pxEnd                                    0x20000058   Data           4  heap_4.o(.data)
    xFreeBytesRemaining                      0x2000005c   Data           4  heap_4.o(.data)
    xMinimumEverFreeBytesRemaining           0x20000060   Data           4  heap_4.o(.data)
    xBlockAllocatedBit                       0x20000064   Data           4  heap_4.o(.data)
    .data                                    0x20000068   Section       12  port.o(.data)
    uxCriticalNesting                        0x20000068   Data           4  port.o(.data)
    ucMaxSysCallPriority                     0x2000006c   Data           1  port.o(.data)
    ulMaxPRIGROUPValue                       0x20000070   Data           4  port.o(.data)
    .data                                    0x20000074   Section       16  stm32f4xx_rcc.o(.data)
    APBAHBPrescTable                         0x20000074   Data          16  stm32f4xx_rcc.o(.data)
    .data                                    0x20000084   Section       20  system_stm32f4xx.o(.data)
    .data                                    0x20000098   Section       12  task_init.o(.data)
    TaskLED0Handler                          0x2000009c   Data           4  task_init.o(.data)
    TaskLED6Handler                          0x200000a0   Data           4  task_init.o(.data)
    .data                                    0x200000a4   Section       12  task_ctrl.o(.data)
    xHandleCtrlChassis                       0x200000a4   Data           4  task_ctrl.o(.data)
    xHandleCtrlGimbal                        0x200000a8   Data           4  task_ctrl.o(.data)
    xHandleCtrlJoint                         0x200000ac   Data           4  task_ctrl.o(.data)
    .data                                    0x200000b0   Section       24  task_usart.o(.data)
    xHandleUsart1Receive                     0x200000b0   Data           4  task_usart.o(.data)
    xHandleUsart2Receive                     0x200000b4   Data           4  task_usart.o(.data)
    xHandleUsart3Receive                     0x200000b8   Data           4  task_usart.o(.data)
    .data                                    0x200000c8   Section       24  task_can.o(.data)
    xHandleCan1Receive                       0x200000d4   Data           4  task_can.o(.data)
    xHandleCan2Receive                       0x200000d8   Data           4  task_can.o(.data)
    xHandleCanSend                           0x200000dc   Data           4  task_can.o(.data)
    .bss                                     0x200000e0   Section       64  queue.o(.bss)
    .bss                                     0x20000120   Section      200  tasks.o(.bss)
    pxReadyTasksLists                        0x20000120   Data         100  tasks.o(.bss)
    xDelayedTaskList1                        0x20000184   Data          20  tasks.o(.bss)
    xDelayedTaskList2                        0x20000198   Data          20  tasks.o(.bss)
    xPendingReadyList                        0x200001ac   Data          20  tasks.o(.bss)
    xTasksWaitingTermination                 0x200001c0   Data          20  tasks.o(.bss)
    xSuspendedTaskList                       0x200001d4   Data          20  tasks.o(.bss)
    .bss                                     0x200001e8   Section       40  timers.o(.bss)
    xActiveTimerList1                        0x200001e8   Data          20  timers.o(.bss)
    xActiveTimerList2                        0x200001fc   Data          20  timers.o(.bss)
    .bss                                     0x20000210   Section    76800  heap_4.o(.bss)
    ucHeap                                   0x20000210   Data       76800  heap_4.o(.bss)
    .bss                                     0x20012e10   Section       20  bsp_usart.o(.bss)
    .bss                                     0x20012e24   Section       24  dr16.o(.bss)
    .bss                                     0x20012e3c   Section     1228  motor.o(.bss)
    canSendData                              0x200132c0   Data          24  motor.o(.bss)
    canSendData                              0x200132d8   Data          24  motor.o(.bss)
    canSendData                              0x200132f0   Data          24  motor.o(.bss)
    STACK                                    0x20013308   Section     1024  startup_stm32f427_437xx.o(STACK)

    Global Symbols

    Symbol Name                              Value     Ov Type        Size  Object(Section)

    BuildAttributes$$THM_ISAv4$E$P$D$K$B$S$7EM$VFPi3$EXTD16$VFPS$VFMA$PE$A:L22UL41UL21$X:L11$S22US41US21$IEEE1$IW$USESV6$~STKCKD$USESV7$~SHL$OSPACE$EBA8$MICROLIB$REQ8$PRES8$EABIv2 0x00000000   Number         0  anon$$obj.o ABSOLUTE
    __ARM_use_no_argv                        0x00000000   Number         0  main.o ABSOLUTE
    __use_no_errno                           0x00000000   Number         0  useno.o ABSOLUTE
    __use_no_exception_handling              0x00000000   Number         0  useno.o ABSOLUTE
    __use_no_fp                              0x00000000   Number         0  useno.o ABSOLUTE
    __use_no_heap                            0x00000000   Number         0  useno.o ABSOLUTE
    __use_no_heap_region                     0x00000000   Number         0  useno.o ABSOLUTE
    __use_no_semihosting                     0x00000000   Number         0  useno.o ABSOLUTE
    __use_no_semihosting_swi                 0x00000000   Number         0  useno.o ABSOLUTE
    __use_no_signal_handling                 0x00000000   Number         0  useno.o ABSOLUTE
    __cpp_initialize__aeabi_                  - Undefined Weak Reference
    __cxa_finalize                            - Undefined Weak Reference
    __decompress                              - Undefined Weak Reference
    _clock_init                               - Undefined Weak Reference
    _microlib_exit                            - Undefined Weak Reference
    __Vectors_Size                           0x000001ac   Number         0  startup_stm32f427_437xx.o ABSOLUTE
    __Vectors                                0x08000000   Data           4  startup_stm32f427_437xx.o(RESET)
    __Vectors_End                            0x080001ac   Data           0  startup_stm32f427_437xx.o(RESET)
    __main                                   0x080001ad   Thumb Code     0  entry.o(.ARM.Collect$$$$00000000)
    _main_stk                                0x080001ad   Thumb Code     0  entry2.o(.ARM.Collect$$$$00000001)
    _main_scatterload                        0x080001b1   Thumb Code     0  entry5.o(.ARM.Collect$$$$00000004)
    __main_after_scatterload                 0x080001b5   Thumb Code     0  entry5.o(.ARM.Collect$$$$00000004)
    _main_clock                              0x080001b5   Thumb Code     0  entry7b.o(.ARM.Collect$$$$00000008)
    _main_cpp_init                           0x080001b5   Thumb Code     0  entry8b.o(.ARM.Collect$$$$0000000A)
    _main_init                               0x080001b5   Thumb Code     0  entry9a.o(.ARM.Collect$$$$0000000B)
    __rt_final_cpp                           0x080001bd   Thumb Code     0  entry10a.o(.ARM.Collect$$$$0000000D)
    __rt_final_exit                          0x080001bd   Thumb Code     0  entry11a.o(.ARM.Collect$$$$0000000F)
    SVC_Handler                              0x080001c1   Thumb Code    28  port.o(.emb_text)
    __asm___6_port_c_39a90d8d__prvStartFirstTask 0x080001e1   Thumb Code    36  port.o(.emb_text)
    __asm___6_port_c_39a90d8d__prvEnableVFP  0x08000209   Thumb Code    16  port.o(.emb_text)
    PendSV_Handler                           0x0800021d   Thumb Code    88  port.o(.emb_text)
    vPortGetIPSR                             0x08000279   Thumb Code     6  port.o(.emb_text)
    Reset_Handler                            0x08000281   Thumb Code     8  startup_stm32f427_437xx.o(.text)
    ADC_IRQHandler                           0x0800029b   Thumb Code     0  startup_stm32f427_437xx.o(.text)
    CAN1_RX1_IRQHandler                      0x0800029b   Thumb Code     0  startup_stm32f427_437xx.o(.text)
    CAN1_SCE_IRQHandler                      0x0800029b   Thumb Code     0  startup_stm32f427_437xx.o(.text)
    CAN1_TX_IRQHandler                       0x0800029b   Thumb Code     0  startup_stm32f427_437xx.o(.text)
    CAN2_RX1_IRQHandler                      0x0800029b   Thumb Code     0  startup_stm32f427_437xx.o(.text)
    CAN2_SCE_IRQHandler                      0x0800029b   Thumb Code     0  startup_stm32f427_437xx.o(.text)
    CAN2_TX_IRQHandler                       0x0800029b   Thumb Code     0  startup_stm32f427_437xx.o(.text)
    CRYP_IRQHandler                          0x0800029b   Thumb Code     0  startup_stm32f427_437xx.o(.text)
    DCMI_IRQHandler                          0x0800029b   Thumb Code     0  startup_stm32f427_437xx.o(.text)
    DMA1_Stream0_IRQHandler                  0x0800029b   Thumb Code     0  startup_stm32f427_437xx.o(.text)
    DMA1_Stream1_IRQHandler                  0x0800029b   Thumb Code     0  startup_stm32f427_437xx.o(.text)
    DMA1_Stream2_IRQHandler                  0x0800029b   Thumb Code     0  startup_stm32f427_437xx.o(.text)
    DMA1_Stream3_IRQHandler                  0x0800029b   Thumb Code     0  startup_stm32f427_437xx.o(.text)
    DMA1_Stream4_IRQHandler                  0x0800029b   Thumb Code     0  startup_stm32f427_437xx.o(.text)
    DMA1_Stream5_IRQHandler                  0x0800029b   Thumb Code     0  startup_stm32f427_437xx.o(.text)
    DMA1_Stream6_IRQHandler                  0x0800029b   Thumb Code     0  startup_stm32f427_437xx.o(.text)
    DMA1_Stream7_IRQHandler                  0x0800029b   Thumb Code     0  startup_stm32f427_437xx.o(.text)
    DMA2D_IRQHandler                         0x0800029b   Thumb Code     0  startup_stm32f427_437xx.o(.text)
    DMA2_Stream0_IRQHandler                  0x0800029b   Thumb Code     0  startup_stm32f427_437xx.o(.text)
    DMA2_Stream1_IRQHandler                  0x0800029b   Thumb Code     0  startup_stm32f427_437xx.o(.text)
    DMA2_Stream2_IRQHandler                  0x0800029b   Thumb Code     0  startup_stm32f427_437xx.o(.text)
    DMA2_Stream3_IRQHandler                  0x0800029b   Thumb Code     0  startup_stm32f427_437xx.o(.text)
    DMA2_Stream4_IRQHandler                  0x0800029b   Thumb Code     0  startup_stm32f427_437xx.o(.text)
    DMA2_Stream5_IRQHandler                  0x0800029b   Thumb Code     0  startup_stm32f427_437xx.o(.text)
    DMA2_Stream6_IRQHandler                  0x0800029b   Thumb Code     0  startup_stm32f427_437xx.o(.text)
    DMA2_Stream7_IRQHandler                  0x0800029b   Thumb Code     0  startup_stm32f427_437xx.o(.text)
    ETH_IRQHandler                           0x0800029b   Thumb Code     0  startup_stm32f427_437xx.o(.text)
    ETH_WKUP_IRQHandler                      0x0800029b   Thumb Code     0  startup_stm32f427_437xx.o(.text)
    EXTI0_IRQHandler                         0x0800029b   Thumb Code     0  startup_stm32f427_437xx.o(.text)
    EXTI15_10_IRQHandler                     0x0800029b   Thumb Code     0  startup_stm32f427_437xx.o(.text)
    EXTI1_IRQHandler                         0x0800029b   Thumb Code     0  startup_stm32f427_437xx.o(.text)
    EXTI2_IRQHandler                         0x0800029b   Thumb Code     0  startup_stm32f427_437xx.o(.text)
    EXTI3_IRQHandler                         0x0800029b   Thumb Code     0  startup_stm32f427_437xx.o(.text)
    EXTI4_IRQHandler                         0x0800029b   Thumb Code     0  startup_stm32f427_437xx.o(.text)
    EXTI9_5_IRQHandler                       0x0800029b   Thumb Code     0  startup_stm32f427_437xx.o(.text)
    FLASH_IRQHandler                         0x0800029b   Thumb Code     0  startup_stm32f427_437xx.o(.text)
    FMC_IRQHandler                           0x0800029b   Thumb Code     0  startup_stm32f427_437xx.o(.text)
    FPU_IRQHandler                           0x0800029b   Thumb Code     0  startup_stm32f427_437xx.o(.text)
    HASH_RNG_IRQHandler                      0x0800029b   Thumb Code     0  startup_stm32f427_437xx.o(.text)
    I2C1_ER_IRQHandler                       0x0800029b   Thumb Code     0  startup_stm32f427_437xx.o(.text)
    I2C1_EV_IRQHandler                       0x0800029b   Thumb Code     0  startup_stm32f427_437xx.o(.text)
    I2C2_ER_IRQHandler                       0x0800029b   Thumb Code     0  startup_stm32f427_437xx.o(.text)
    I2C2_EV_IRQHandler                       0x0800029b   Thumb Code     0  startup_stm32f427_437xx.o(.text)
    I2C3_ER_IRQHandler                       0x0800029b   Thumb Code     0  startup_stm32f427_437xx.o(.text)
    I2C3_EV_IRQHandler                       0x0800029b   Thumb Code     0  startup_stm32f427_437xx.o(.text)
    OTG_FS_IRQHandler                        0x0800029b   Thumb Code     0  startup_stm32f427_437xx.o(.text)
    OTG_FS_WKUP_IRQHandler                   0x0800029b   Thumb Code     0  startup_stm32f427_437xx.o(.text)
    OTG_HS_EP1_IN_IRQHandler                 0x0800029b   Thumb Code     0  startup_stm32f427_437xx.o(.text)
    OTG_HS_EP1_OUT_IRQHandler                0x0800029b   Thumb Code     0  startup_stm32f427_437xx.o(.text)
    OTG_HS_IRQHandler                        0x0800029b   Thumb Code     0  startup_stm32f427_437xx.o(.text)
    OTG_HS_WKUP_IRQHandler                   0x0800029b   Thumb Code     0  startup_stm32f427_437xx.o(.text)
    PVD_IRQHandler                           0x0800029b   Thumb Code     0  startup_stm32f427_437xx.o(.text)
    RCC_IRQHandler                           0x0800029b   Thumb Code     0  startup_stm32f427_437xx.o(.text)
    RTC_Alarm_IRQHandler                     0x0800029b   Thumb Code     0  startup_stm32f427_437xx.o(.text)
    RTC_WKUP_IRQHandler                      0x0800029b   Thumb Code     0  startup_stm32f427_437xx.o(.text)
    SAI1_IRQHandler                          0x0800029b   Thumb Code     0  startup_stm32f427_437xx.o(.text)
    SDIO_IRQHandler                          0x0800029b   Thumb Code     0  startup_stm32f427_437xx.o(.text)
    SPI1_IRQHandler                          0x0800029b   Thumb Code     0  startup_stm32f427_437xx.o(.text)
    SPI2_IRQHandler                          0x0800029b   Thumb Code     0  startup_stm32f427_437xx.o(.text)
    SPI3_IRQHandler                          0x0800029b   Thumb Code     0  startup_stm32f427_437xx.o(.text)
    SPI4_IRQHandler                          0x0800029b   Thumb Code     0  startup_stm32f427_437xx.o(.text)
    SPI5_IRQHandler                          0x0800029b   Thumb Code     0  startup_stm32f427_437xx.o(.text)
    SPI6_IRQHandler                          0x0800029b   Thumb Code     0  startup_stm32f427_437xx.o(.text)
    TAMP_STAMP_IRQHandler                    0x0800029b   Thumb Code     0  startup_stm32f427_437xx.o(.text)
    TIM1_BRK_TIM9_IRQHandler                 0x0800029b   Thumb Code     0  startup_stm32f427_437xx.o(.text)
    TIM1_CC_IRQHandler                       0x0800029b   Thumb Code     0  startup_stm32f427_437xx.o(.text)
    TIM1_TRG_COM_TIM11_IRQHandler            0x0800029b   Thumb Code     0  startup_stm32f427_437xx.o(.text)
    TIM1_UP_TIM10_IRQHandler                 0x0800029b   Thumb Code     0  startup_stm32f427_437xx.o(.text)
    TIM2_IRQHandler                          0x0800029b   Thumb Code     0  startup_stm32f427_437xx.o(.text)
    TIM3_IRQHandler                          0x0800029b   Thumb Code     0  startup_stm32f427_437xx.o(.text)
    TIM4_IRQHandler                          0x0800029b   Thumb Code     0  startup_stm32f427_437xx.o(.text)
    TIM5_IRQHandler                          0x0800029b   Thumb Code     0  startup_stm32f427_437xx.o(.text)
    TIM6_DAC_IRQHandler                      0x0800029b   Thumb Code     0  startup_stm32f427_437xx.o(.text)
    TIM7_IRQHandler                          0x0800029b   Thumb Code     0  startup_stm32f427_437xx.o(.text)
    TIM8_BRK_TIM12_IRQHandler                0x0800029b   Thumb Code     0  startup_stm32f427_437xx.o(.text)
    TIM8_CC_IRQHandler                       0x0800029b   Thumb Code     0  startup_stm32f427_437xx.o(.text)
    TIM8_TRG_COM_TIM14_IRQHandler            0x0800029b   Thumb Code     0  startup_stm32f427_437xx.o(.text)
    TIM8_UP_TIM13_IRQHandler                 0x0800029b   Thumb Code     0  startup_stm32f427_437xx.o(.text)
    UART4_IRQHandler                         0x0800029b   Thumb Code     0  startup_stm32f427_437xx.o(.text)
    UART5_IRQHandler                         0x0800029b   Thumb Code     0  startup_stm32f427_437xx.o(.text)
    UART7_IRQHandler                         0x0800029b   Thumb Code     0  startup_stm32f427_437xx.o(.text)
    UART8_IRQHandler                         0x0800029b   Thumb Code     0  startup_stm32f427_437xx.o(.text)
    USART2_IRQHandler                        0x0800029b   Thumb Code     0  startup_stm32f427_437xx.o(.text)
    USART3_IRQHandler                        0x0800029b   Thumb Code     0  startup_stm32f427_437xx.o(.text)
    USART6_IRQHandler                        0x0800029b   Thumb Code     0  startup_stm32f427_437xx.o(.text)
    WWDG_IRQHandler                          0x0800029b   Thumb Code     0  startup_stm32f427_437xx.o(.text)
    __aeabi_memcpy                           0x080002a5   Thumb Code    36  memcpya.o(.text)
    __aeabi_memcpy4                          0x080002a5   Thumb Code     0  memcpya.o(.text)
    __aeabi_memcpy8                          0x080002a5   Thumb Code     0  memcpya.o(.text)
    __aeabi_memset                           0x080002c9   Thumb Code    14  memseta.o(.text)
    __aeabi_memset4                          0x080002c9   Thumb Code     0  memseta.o(.text)
    __aeabi_memset8                          0x080002c9   Thumb Code     0  memseta.o(.text)
    __aeabi_memclr                           0x080002d7   Thumb Code     4  memseta.o(.text)
    __aeabi_memclr4                          0x080002d7   Thumb Code     0  memseta.o(.text)
    __aeabi_memclr8                          0x080002d7   Thumb Code     0  memseta.o(.text)
    memset                                   0x080002db   Thumb Code    18  memseta.o(.text)
    __scatterload                            0x080002ed   Thumb Code    28  init.o(.text)
    __scatterload_rt2                        0x080002ed   Thumb Code     0  init.o(.text)
    BSP_CAN1_GPIOInit                        0x08000311   Thumb Code    74  bsp_gpio.o(i.BSP_CAN1_GPIOInit)
    BSP_CAN1_Init                            0x08000361   Thumb Code   144  bsp_can.o(i.BSP_CAN1_Init)
    BSP_I2C2_GPIOInit                        0x080003f5   Thumb Code    40  bsp_gpio.o(i.BSP_I2C2_GPIOInit)
    BSP_I2C2_Init                            0x08000421   Thumb Code    94  bsp_i2c.o(i.BSP_I2C2_Init)
    BSP_KEY_GPIOInit                         0x08000489   Thumb Code    42  bsp_gpio.o(i.BSP_KEY_GPIOInit)
    BSP_LED_GPIOInit                         0x080004b9   Thumb Code    78  bsp_gpio.o(i.BSP_LED_GPIOInit)
    BSP_NVIC_Init                            0x08000511   Thumb Code   302  bsp_nvic.o(i.BSP_NVIC_Init)
    BSP_USART1_GPIOInit                      0x0800065d   Thumb Code    78  bsp_gpio.o(i.BSP_USART1_GPIOInit)
    BSP_USART1_Init                          0x080006b1   Thumb Code    92  bsp_usart.o(i.BSP_USART1_Init)
    BSP_USART2_GPIOInit                      0x08000715   Thumb Code    78  bsp_gpio.o(i.BSP_USART2_GPIOInit)
    BSP_USART2_Init                          0x08000769   Thumb Code    84  bsp_usart.o(i.BSP_USART2_Init)
    BusFault_Handler                         0x080007c1   Thumb Code     4  stm32f4xx_it.o(i.BusFault_Handler)
    CAN1_RX0_IRQHandler                      0x080007c5   Thumb Code    74  stm32f4xx_it.o(i.CAN1_RX0_IRQHandler)
    CAN2_RX0_IRQHandler                      0x0800081d   Thumb Code    74  stm32f4xx_it.o(i.CAN2_RX0_IRQHandler)
    CAN_ClearITPendingBit                    0x08000875   Thumb Code   162  stm32f4xx_can.o(i.CAN_ClearITPendingBit)
    CAN_FilterInit                           0x0800091d   Thumb Code   258  stm32f4xx_can.o(i.CAN_FilterInit)
    CAN_GetITStatus                          0x08000a25   Thumb Code   284  stm32f4xx_can.o(i.CAN_GetITStatus)
    CAN_ITConfig                             0x08000b45   Thumb Code    18  stm32f4xx_can.o(i.CAN_ITConfig)
    CAN_Init                                 0x08000b57   Thumb Code   276  stm32f4xx_can.o(i.CAN_Init)
    CAN_Receive                              0x08000c6b   Thumb Code   240  stm32f4xx_can.o(i.CAN_Receive)
    CAN_Transmit                             0x08000d5b   Thumb Code   294  stm32f4xx_can.o(i.CAN_Transmit)
    CanTaskCreate                            0x08000e81   Thumb Code   106  task_can.o(i.CanTaskCreate)
    ControlTaskCreate                        0x08000f5d   Thumb Code    64  task_ctrl.o(i.ControlTaskCreate)
    DMA_Cmd                                  0x08000fe9   Thumb Code    22  stm32f4xx_dma.o(i.DMA_Cmd)
    DMA_DeInit                               0x08001001   Thumb Code   324  stm32f4xx_dma.o(i.DMA_DeInit)
    DMA_GetCmdStatus                         0x08001159   Thumb Code    20  stm32f4xx_dma.o(i.DMA_GetCmdStatus)
    DMA_GetCurrDataCounter                   0x0800116d   Thumb Code     8  stm32f4xx_dma.o(i.DMA_GetCurrDataCounter)
    DMA_Init                                 0x08001175   Thumb Code    82  stm32f4xx_dma.o(i.DMA_Init)
    DR16_DataDecode                          0x080011cd   Thumb Code   204  dr16.o(i.DR16_DataDecode)
    DebugMon_Handler                         0x0800129d   Thumb Code     2  stm32f4xx_it.o(i.DebugMon_Handler)
    GPIO_Init                                0x0800129f   Thumb Code   144  stm32f4xx_gpio.o(i.GPIO_Init)
    GPIO_PinAFConfig                         0x0800132f   Thumb Code    70  stm32f4xx_gpio.o(i.GPIO_PinAFConfig)
    GPIO_WriteBit                            0x08001375   Thumb Code    10  stm32f4xx_gpio.o(i.GPIO_WriteBit)
    HardFault_Handler                        0x0800137f   Thumb Code     2  stm32f4xx_it.o(i.HardFault_Handler)
    I2C_Cmd                                  0x08001381   Thumb Code    24  stm32f4xx_i2c.o(i.I2C_Cmd)
    I2C_DeInit                               0x08001399   Thumb Code    82  stm32f4xx_i2c.o(i.I2C_DeInit)
    I2C_Init                                 0x080013f9   Thumb Code   218  stm32f4xx_i2c.o(i.I2C_Init)
    KEY_Init                                 0x080014e1   Thumb Code     8  key.o(i.KEY_Init)
    LED_Init                                 0x0800153d   Thumb Code    30  led.o(i.LED_Init)
    M3508_DataDecode                         0x08001565   Thumb Code   118  motor.o(i.M3508_DataDecode)
    M6020_DataDecode                         0x080015e1   Thumb Code   112  motor.o(i.M6020_DataDecode)
    MemManage_Handler                        0x08001655   Thumb Code     4  stm32f4xx_it.o(i.MemManage_Handler)
    MotorParamInit                           0x08001659   Thumb Code    68  motor.o(i.MotorParamInit)
    NMI_Handler                              0x080016ad   Thumb Code     2  stm32f4xx_it.o(i.NMI_Handler)
    NVIC_Init                                0x080016b1   Thumb Code   106  misc.o(i.NVIC_Init)
    NVIC_PriorityGroupConfig                 0x08001729   Thumb Code    10  misc.o(i.NVIC_PriorityGroupConfig)
    PID_StructInit                           0x0800173d   Thumb Code    70  pid.o(i.PID_StructInit)
    RCC_AHB1PeriphClockCmd                   0x0800178d   Thumb Code    26  stm32f4xx_rcc.o(i.RCC_AHB1PeriphClockCmd)
    RCC_APB1PeriphClockCmd                   0x080017ad   Thumb Code    26  stm32f4xx_rcc.o(i.RCC_APB1PeriphClockCmd)
    RCC_APB1PeriphResetCmd                   0x080017cd   Thumb Code    26  stm32f4xx_rcc.o(i.RCC_APB1PeriphResetCmd)
    RCC_APB2PeriphClockCmd                   0x080017ed   Thumb Code    26  stm32f4xx_rcc.o(i.RCC_APB2PeriphClockCmd)
    RCC_GetClocksFreq                        0x0800180d   Thumb Code   214  stm32f4xx_rcc.o(i.RCC_GetClocksFreq)
    SysTick_Handler                          0x08001a15   Thumb Code    46  port.o(i.SysTick_Handler)
    SystemInit                               0x08001a49   Thumb Code    88  system_stm32f4xx.o(i.SystemInit)
    USART1_IRQHandler                        0x08001ab1   Thumb Code    88  stm32f4xx_it.o(i.USART1_IRQHandler)
    USART1_RXDMA_Config                      0x08001b1d   Thumb Code   130  bsp_dma.o(i.USART1_RXDMA_Config)
    USART_Cmd                                0x08001ba9   Thumb Code    24  stm32f4xx_usart.o(i.USART_Cmd)
    USART_DMACmd                             0x08001bc1   Thumb Code    18  stm32f4xx_usart.o(i.USART_DMACmd)
    USART_GetITStatus                        0x08001bd3   Thumb Code    84  stm32f4xx_usart.o(i.USART_GetITStatus)
    USART_ITConfig                           0x08001c27   Thumb Code    74  stm32f4xx_usart.o(i.USART_ITConfig)
    USART_Init                               0x08001c71   Thumb Code   204  stm32f4xx_usart.o(i.USART_Init)
    UsageFault_Handler                       0x08001d45   Thumb Code     4  stm32f4xx_it.o(i.UsageFault_Handler)
    UsartTaskCreate                          0x08001d49   Thumb Code   106  task_usart.o(i.UsartTaskCreate)
    __scatterload_copy                       0x08001e15   Thumb Code    14  handlers.o(i.__scatterload_copy)
    __scatterload_null                       0x08001e23   Thumb Code     2  handlers.o(i.__scatterload_null)
    __scatterload_zeroinit                   0x08001e25   Thumb Code    14  handlers.o(i.__scatterload_zeroinit)
    main                                     0x08001e35   Thumb Code    30  main.o(i.main)
    pvPortMalloc                             0x080027f1   Thumb Code   296  heap_4.o(i.pvPortMalloc)
    pxPortInitialiseStack                    0x0800292d   Thumb Code    38  port.o(i.pxPortInitialiseStack)
    uxListRemove                             0x08002959   Thumb Code    40  list.o(i.uxListRemove)
    vListInitialise                          0x08002981   Thumb Code    26  list.o(i.vListInitialise)
    vListInitialiseItem                      0x0800299b   Thumb Code     6  list.o(i.vListInitialiseItem)
    vListInsert                              0x080029a1   Thumb Code    52  list.o(i.vListInsert)
    vListInsertEnd                           0x080029d5   Thumb Code    24  list.o(i.vListInsertEnd)
    vPortEnterCritical                       0x080029ed   Thumb Code    76  port.o(i.vPortEnterCritical)
    vPortExitCritical                        0x08002a41   Thumb Code    56  port.o(i.vPortExitCritical)
    vPortFree                                0x08002a7d   Thumb Code   140  heap_4.o(i.vPortFree)
    vPortSetupTimerInterrupt                 0x08002b11   Thumb Code    36  port.o(i.vPortSetupTimerInterrupt)
    vPortValidateInterruptPriority           0x08002b39   Thumb Code   106  port.o(i.vPortValidateInterruptPriority)
    vQueueAddToRegistry                      0x08002bb1   Thumb Code    38  queue.o(i.vQueueAddToRegistry)
    vQueueWaitForMessageRestricted           0x08002bdd   Thumb Code    74  queue.o(i.vQueueWaitForMessageRestricted)
    vTaskDelay                               0x08002d51   Thumb Code    82  tasks.o(i.vTaskDelay)
    vTaskDelete                              0x08002dad   Thumb Code   202  tasks.o(i.vTaskDelete)
    vTaskInternalSetTimeOutState             0x08002ea1   Thumb Code    14  tasks.o(i.vTaskInternalSetTimeOutState)
    vTaskMissedYield                         0x08002f75   Thumb Code     8  tasks.o(i.vTaskMissedYield)
    vTaskPlaceOnEventList                    0x08002f81   Thumb Code    52  tasks.o(i.vTaskPlaceOnEventList)
    vTaskPlaceOnEventListRestricted          0x08002fb9   Thumb Code    60  tasks.o(i.vTaskPlaceOnEventListRestricted)
    vTaskStart                               0x08002ff9   Thumb Code    84  task_init.o(i.vTaskStart)
    vTaskStartScheduler                      0x08003055   Thumb Code   118  tasks.o(i.vTaskStartScheduler)
    vTaskSuspendAll                          0x080030e9   Thumb Code    12  tasks.o(i.vTaskSuspendAll)
    vTaskSwitchContext                       0x080030f9   Thumb Code   118  tasks.o(i.vTaskSwitchContext)
    xPortStartScheduler                      0x080031e5   Thumb Code   330  port.o(i.xPortStartScheduler)
    xQueueGenericCreate                      0x0800334d   Thumb Code    88  queue.o(i.xQueueGenericCreate)
    xQueueGenericReset                       0x080033a5   Thumb Code   146  queue.o(i.xQueueGenericReset)
    xQueueGenericSend                        0x0800343d   Thumb Code   420  queue.o(i.xQueueGenericSend)
    xQueueGenericSendFromISR                 0x080035e5   Thumb Code   248  queue.o(i.xQueueGenericSendFromISR)
    xQueueReceive                            0x080036dd   Thumb Code   356  queue.o(i.xQueueReceive)
    xTaskCheckForTimeOut                     0x08003845   Thumb Code   132  tasks.o(i.xTaskCheckForTimeOut)
    xTaskCreate                              0x080038d1   Thumb Code    96  tasks.o(i.xTaskCreate)
    xTaskGetSchedulerState                   0x08003931   Thumb Code    24  tasks.o(i.xTaskGetSchedulerState)
    xTaskGetTickCount                        0x08003951   Thumb Code     6  tasks.o(i.xTaskGetTickCount)
    xTaskIncrementTick                       0x0800395d   Thumb Code   282  tasks.o(i.xTaskIncrementTick)
    xTaskPriorityDisinherit                  0x08003aa5   Thumb Code   188  tasks.o(i.xTaskPriorityDisinherit)
    xTaskRemoveFromEventList                 0x08003b6d   Thumb Code   128  tasks.o(i.xTaskRemoveFromEventList)
    xTaskResumeAll                           0x08003c05   Thumb Code   224  tasks.o(i.xTaskResumeAll)
    xTimerCreateTimerTask                    0x08003d09   Thumb Code    66  timers.o(i.xTimerCreateTimerTask)
    xTimerGenericCommand                     0x08003d61   Thumb Code   126  timers.o(i.xTimerGenericCommand)
    Region$$Table$$Base                      0x08003de4   Number         0  anon$$obj.o(Region$$Table)
    Region$$Table$$Limit                     0x08003e04   Number         0  anon$$obj.o(Region$$Table)
    pxCurrentTCB                             0x20000000   Data           4  tasks.o(.data)
    SystemCoreClock                          0x20000084   Data           4  system_stm32f4xx.o(.data)
    AHBPrescTable                            0x20000088   Data          16  system_stm32f4xx.o(.data)
    StartTaskHandler                         0x20000098   Data           4  task_init.o(.data)
    xUsart1RxQueue                           0x200000bc   Data           4  task_usart.o(.data)
    xUsart2RxQueue                           0x200000c0   Data           4  task_usart.o(.data)
    xUsart3RxQueue                           0x200000c4   Data           4  task_usart.o(.data)
    xCanSendQueue                            0x200000c8   Data           4  task_can.o(.data)
    xCan1RxQueue                             0x200000cc   Data           4  task_can.o(.data)
    xCan2RxQueue                             0x200000d0   Data           4  task_can.o(.data)
    xQueueRegistry                           0x200000e0   Data          64  queue.o(.bss)
    Usart1Buffer                             0x20012e10   Data          20  bsp_usart.o(.bss)
    DR16_Data                                0x20012e24   Data          24  dr16.o(.bss)
    M3508                                    0x20012e3c   Data          56  motor.o(.bss)
    M6623                                    0x20012e74   Data          20  motor.o(.bss)
    M6020                                    0x20012e88   Data        1024  motor.o(.bss)
    M2006                                    0x20013288   Data          56  motor.o(.bss)
    __initial_sp                             0x20013708   Data           0  startup_stm32f427_437xx.o(STACK)



==============================================================================

Memory Map of the image

  Image Entry point : 0x080001ad

  Load Region LR_IROM1 (Base: 0x08000000, Size: 0x00003ee4, Max: 0x00200000, ABSOLUTE)

    Execution Region ER_IROM1 (Exec base: 0x08000000, Load base: 0x08000000, Size: 0x00003e04, Max: 0x00200000, ABSOLUTE)

    Exec Addr    Load Addr    Size         Type   Attr      Idx    E Section Name        Object

    0x08000000   0x08000000   0x000001ac   Data   RO         1181    RESET               startup_stm32f427_437xx.o
    0x080001ac   0x080001ac   0x00000000   Code   RO         7617  * .ARM.Collect$$$$00000000  mc_w.l(entry.o)
    0x080001ac   0x080001ac   0x00000004   Code   RO         7628    .ARM.Collect$$$$00000001  mc_w.l(entry2.o)
    0x080001b0   0x080001b0   0x00000004   Code   RO         7631    .ARM.Collect$$$$00000004  mc_w.l(entry5.o)
    0x080001b4   0x080001b4   0x00000000   Code   RO         7633    .ARM.Collect$$$$00000008  mc_w.l(entry7b.o)
    0x080001b4   0x080001b4   0x00000000   Code   RO         7635    .ARM.Collect$$$$0000000A  mc_w.l(entry8b.o)
    0x080001b4   0x080001b4   0x00000008   Code   RO         7636    .ARM.Collect$$$$0000000B  mc_w.l(entry9a.o)
    0x080001bc   0x080001bc   0x00000000   Code   RO         7638    .ARM.Collect$$$$0000000D  mc_w.l(entry10a.o)
    0x080001bc   0x080001bc   0x00000000   Code   RO         7640    .ARM.Collect$$$$0000000F  mc_w.l(entry11a.o)
    0x080001bc   0x080001bc   0x00000004   Code   RO         7629    .ARM.Collect$$$$00002712  mc_w.l(entry2.o)
    0x080001c0   0x080001c0   0x000000be   Code   RO         1101    .emb_text           port.o
    0x0800027e   0x0800027e   0x00000002   PAD
    0x08000280   0x08000280   0x00000024   Code   RO         1182    .text               startup_stm32f427_437xx.o
    0x080002a4   0x080002a4   0x00000024   Code   RO         7620    .text               mc_w.l(memcpya.o)
    0x080002c8   0x080002c8   0x00000024   Code   RO         7624    .text               mc_w.l(memseta.o)
    0x080002ec   0x080002ec   0x00000024   Code   RO         7642    .text               mc_w.l(init.o)
    0x08000310   0x08000310   0x00000050   Code   RO         6378    i.BSP_CAN1_GPIOInit  bsp_gpio.o
    0x08000360   0x08000360   0x00000094   Code   RO         6655    i.BSP_CAN1_Init     bsp_can.o
    0x080003f4   0x080003f4   0x0000002c   Code   RO         6380    i.BSP_I2C2_GPIOInit  bsp_gpio.o
    0x08000420   0x08000420   0x00000068   Code   RO         6796    i.BSP_I2C2_Init     bsp_i2c.o
    0x08000488   0x08000488   0x00000030   Code   RO         6381    i.BSP_KEY_GPIOInit  bsp_gpio.o
    0x080004b8   0x080004b8   0x00000058   Code   RO         6382    i.BSP_LED_GPIOInit  bsp_gpio.o
    0x08000510   0x08000510   0x0000014c   Code   RO         6688    i.BSP_NVIC_Init     bsp_nvic.o
    0x0800065c   0x0800065c   0x00000054   Code   RO         6385    i.BSP_USART1_GPIOInit  bsp_gpio.o
    0x080006b0   0x080006b0   0x00000064   Code   RO         6569    i.BSP_USART1_Init   bsp_usart.o
    0x08000714   0x08000714   0x00000054   Code   RO         6386    i.BSP_USART2_GPIOInit  bsp_gpio.o
    0x08000768   0x08000768   0x00000058   Code   RO         6570    i.BSP_USART2_Init   bsp_usart.o
    0x080007c0   0x080007c0   0x00000004   Code   RO         7528    i.BusFault_Handler  stm32f4xx_it.o
    0x080007c4   0x080007c4   0x00000058   Code   RO         7529    i.CAN1_RX0_IRQHandler  stm32f4xx_it.o
    0x0800081c   0x0800081c   0x00000058   Code   RO         7530    i.CAN2_RX0_IRQHandler  stm32f4xx_it.o
    0x08000874   0x08000874   0x000000a8   Code   RO         1595    i.CAN_ClearITPendingBit  stm32f4xx_can.o
    0x0800091c   0x0800091c   0x00000108   Code   RO         1599    i.CAN_FilterInit    stm32f4xx_can.o
    0x08000a24   0x08000a24   0x00000120   Code   RO         1601    i.CAN_GetITStatus   stm32f4xx_can.o
    0x08000b44   0x08000b44   0x00000012   Code   RO         1605    i.CAN_ITConfig      stm32f4xx_can.o
    0x08000b56   0x08000b56   0x00000114   Code   RO         1606    i.CAN_Init          stm32f4xx_can.o
    0x08000c6a   0x08000c6a   0x000000f0   Code   RO         1609    i.CAN_Receive       stm32f4xx_can.o
    0x08000d5a   0x08000d5a   0x00000126   Code   RO         1614    i.CAN_Transmit      stm32f4xx_can.o
    0x08000e80   0x08000e80   0x000000c8   Code   RO         7367    i.CanTaskCreate     task_can.o
    0x08000f48   0x08000f48   0x00000012   Code   RO         1617    i.CheckITStatus     stm32f4xx_can.o
    0x08000f5a   0x08000f5a   0x00000002   PAD
    0x08000f5c   0x08000f5c   0x0000008c   Code   RO         7279    i.ControlTaskCreate  task_ctrl.o
    0x08000fe8   0x08000fe8   0x00000016   Code   RO         2113    i.DMA_Cmd           stm32f4xx_dma.o
    0x08000ffe   0x08000ffe   0x00000002   PAD
    0x08001000   0x08001000   0x00000158   Code   RO         2114    i.DMA_DeInit        stm32f4xx_dma.o
    0x08001158   0x08001158   0x00000014   Code   RO         2118    i.DMA_GetCmdStatus  stm32f4xx_dma.o
    0x0800116c   0x0800116c   0x00000008   Code   RO         2119    i.DMA_GetCurrDataCounter  stm32f4xx_dma.o
    0x08001174   0x08001174   0x00000058   Code   RO         2125    i.DMA_Init          stm32f4xx_dma.o
    0x080011cc   0x080011cc   0x000000d0   Code   RO         6895    i.DR16_DataDecode   dr16.o
    0x0800129c   0x0800129c   0x00000002   Code   RO         7531    i.DebugMon_Handler  stm32f4xx_it.o
    0x0800129e   0x0800129e   0x00000090   Code   RO         2958    i.GPIO_Init         stm32f4xx_gpio.o
    0x0800132e   0x0800132e   0x00000046   Code   RO         2959    i.GPIO_PinAFConfig  stm32f4xx_gpio.o
    0x08001374   0x08001374   0x0000000a   Code   RO         2970    i.GPIO_WriteBit     stm32f4xx_gpio.o
    0x0800137e   0x0800137e   0x00000002   Code   RO         7532    i.HardFault_Handler  stm32f4xx_it.o
    0x08001380   0x08001380   0x00000018   Code   RO         3252    i.I2C_Cmd           stm32f4xx_i2c.o
    0x08001398   0x08001398   0x00000060   Code   RO         3255    i.I2C_DeInit        stm32f4xx_i2c.o
    0x080013f8   0x080013f8   0x000000e8   Code   RO         3267    i.I2C_Init          stm32f4xx_i2c.o
    0x080014e0   0x080014e0   0x00000008   Code   RO         6859    i.KEY_Init          key.o
    0x080014e8   0x080014e8   0x00000054   Code   RO         7209    i.LEDTaskcreate     task_init.o
    0x0800153c   0x0800153c   0x00000028   Code   RO         6832    i.LED_Init          led.o
    0x08001564   0x08001564   0x0000007c   Code   RO         6927    i.M3508_DataDecode  motor.o
    0x080015e0   0x080015e0   0x00000074   Code   RO         6929    i.M6020_DataDecode  motor.o
    0x08001654   0x08001654   0x00000004   Code   RO         7533    i.MemManage_Handler  stm32f4xx_it.o
    0x08001658   0x08001658   0x00000054   Code   RO         6932    i.MotorParamInit    motor.o
    0x080016ac   0x080016ac   0x00000002   Code   RO         7534    i.NMI_Handler       stm32f4xx_it.o
    0x080016ae   0x080016ae   0x00000002   PAD
    0x080016b0   0x080016b0   0x00000078   Code   RO         1189    i.NVIC_Init         misc.o
    0x08001728   0x08001728   0x00000014   Code   RO         1190    i.NVIC_PriorityGroupConfig  misc.o
    0x0800173c   0x0800173c   0x00000050   Code   RO         7444    i.PID_StructInit    pid.o
    0x0800178c   0x0800178c   0x00000020   Code   RO         3896    i.RCC_AHB1PeriphClockCmd  stm32f4xx_rcc.o
    0x080017ac   0x080017ac   0x00000020   Code   RO         3905    i.RCC_APB1PeriphClockCmd  stm32f4xx_rcc.o
    0x080017cc   0x080017cc   0x00000020   Code   RO         3907    i.RCC_APB1PeriphResetCmd  stm32f4xx_rcc.o
    0x080017ec   0x080017ec   0x00000020   Code   RO         3908    i.RCC_APB2PeriphClockCmd  stm32f4xx_rcc.o
    0x0800180c   0x0800180c   0x000000e8   Code   RO         3917    i.RCC_GetClocksFreq  stm32f4xx_rcc.o
    0x080018f4   0x080018f4   0x00000120   Code   RO         6337    i.SetSysClock       system_stm32f4xx.o
    0x08001a14   0x08001a14   0x00000034   Code   RO         1102    i.SysTick_Handler   port.o
    0x08001a48   0x08001a48   0x00000068   Code   RO         6339    i.SystemInit        system_stm32f4xx.o
    0x08001ab0   0x08001ab0   0x0000006c   Code   RO         7535    i.USART1_IRQHandler  stm32f4xx_it.o
    0x08001b1c   0x08001b1c   0x0000008c   Code   RO         6715    i.USART1_RXDMA_Config  bsp_dma.o
    0x08001ba8   0x08001ba8   0x00000018   Code   RO         5843    i.USART_Cmd         stm32f4xx_usart.o
    0x08001bc0   0x08001bc0   0x00000012   Code   RO         5844    i.USART_DMACmd      stm32f4xx_usart.o
    0x08001bd2   0x08001bd2   0x00000054   Code   RO         5847    i.USART_GetITStatus  stm32f4xx_usart.o
    0x08001c26   0x08001c26   0x0000004a   Code   RO         5849    i.USART_ITConfig    stm32f4xx_usart.o
    0x08001c70   0x08001c70   0x000000d4   Code   RO         5850    i.USART_Init        stm32f4xx_usart.o
    0x08001d44   0x08001d44   0x00000004   Code   RO         7536    i.UsageFault_Handler  stm32f4xx_it.o
    0x08001d48   0x08001d48   0x000000cc   Code   RO         7315    i.UsartTaskCreate   task_usart.o
    0x08001e14   0x08001e14   0x0000000e   Code   RO         7646    i.__scatterload_copy  mc_w.l(handlers.o)
    0x08001e22   0x08001e22   0x00000002   Code   RO         7647    i.__scatterload_null  mc_w.l(handlers.o)
    0x08001e24   0x08001e24   0x0000000e   Code   RO         7648    i.__scatterload_zeroinit  mc_w.l(handlers.o)
    0x08001e32   0x08001e32   0x00000002   PAD
    0x08001e34   0x08001e34   0x00000034   Code   RO         7415    i.main              main.o
    0x08001e68   0x08001e68   0x00000014   Code   RO         7446    i.pidParamInit      pid.o
    0x08001e7c   0x08001e7c   0x0000000e   Code   RO         7447    i.pidReset          pid.o
    0x08001e8a   0x08001e8a   0x00000002   PAD
    0x08001e8c   0x08001e8c   0x00000098   Code   RO          561    i.prvAddCurrentTaskToDelayedList  tasks.o
    0x08001f24   0x08001f24   0x000000b8   Code   RO          562    i.prvAddNewTaskToReadyList  tasks.o
    0x08001fdc   0x08001fdc   0x00000064   Code   RO          910    i.prvCheckForValidListAndQueue  timers.o
    0x08002040   0x08002040   0x00000048   Code   RO          563    i.prvCheckTasksWaitingTermination  tasks.o
    0x08002088   0x08002088   0x0000002a   Code   RO          190    i.prvCopyDataFromQueue  queue.o
    0x080020b2   0x080020b2   0x0000007c   Code   RO          191    i.prvCopyDataToQueue  queue.o
    0x0800212e   0x0800212e   0x00000012   Code   RO          564    i.prvDeleteTCB      tasks.o
    0x08002140   0x08002140   0x00000028   Code   RO          911    i.prvGetNextExpireTime  timers.o
    0x08002168   0x08002168   0x0000007c   Code   RO         1052    i.prvHeapInit       heap_4.o
    0x080021e4   0x080021e4   0x00000028   Code   RO          565    i.prvIdleTask       tasks.o
    0x0800220c   0x0800220c   0x0000002a   Code   RO          194    i.prvInitialiseNewQueue  queue.o
    0x08002236   0x08002236   0x000000b4   Code   RO          566    i.prvInitialiseNewTask  tasks.o
    0x080022ea   0x080022ea   0x00000002   PAD
    0x080022ec   0x080022ec   0x00000068   Code   RO          567    i.prvInitialiseTaskLists  tasks.o
    0x08002354   0x08002354   0x00000068   Code   RO         1053    i.prvInsertBlockIntoFreeList  heap_4.o
    0x080023bc   0x080023bc   0x00000058   Code   RO          913    i.prvInsertTimerInActiveList  timers.o
    0x08002414   0x08002414   0x0000001a   Code   RO          195    i.prvIsQueueEmpty   queue.o
    0x0800242e   0x0800242e   0x0000001e   Code   RO          196    i.prvIsQueueFull    queue.o
    0x0800244c   0x0800244c   0x00000064   Code   RO          914    i.prvProcessExpiredTimer  timers.o
    0x080024b0   0x080024b0   0x000000f4   Code   RO          915    i.prvProcessReceivedCommands  timers.o
    0x080025a4   0x080025a4   0x00000074   Code   RO          916    i.prvProcessTimerOrBlockTask  timers.o
    0x08002618   0x08002618   0x00000034   Code   RO          569    i.prvResetNextTaskUnblockTime  tasks.o
    0x0800264c   0x0800264c   0x0000002c   Code   RO          917    i.prvSampleTimeNow  timers.o
    0x08002678   0x08002678   0x000000a0   Code   RO          918    i.prvSwitchTimerLists  timers.o
    0x08002718   0x08002718   0x00000040   Code   RO         1103    i.prvTaskExitError  port.o
    0x08002758   0x08002758   0x0000001a   Code   RO          919    i.prvTimerTask      timers.o
    0x08002772   0x08002772   0x0000007e   Code   RO          197    i.prvUnlockQueue    queue.o
    0x080027f0   0x080027f0   0x0000013c   Code   RO         1054    i.pvPortMalloc      heap_4.o
    0x0800292c   0x0800292c   0x0000002c   Code   RO         1104    i.pxPortInitialiseStack  port.o
    0x08002958   0x08002958   0x00000028   Code   RO          150    i.uxListRemove      list.o
    0x08002980   0x08002980   0x0000001a   Code   RO          151    i.vListInitialise   list.o
    0x0800299a   0x0800299a   0x00000006   Code   RO          152    i.vListInitialiseItem  list.o
    0x080029a0   0x080029a0   0x00000034   Code   RO          153    i.vListInsert       list.o
    0x080029d4   0x080029d4   0x00000018   Code   RO          154    i.vListInsertEnd    list.o
    0x080029ec   0x080029ec   0x00000054   Code   RO         1106    i.vPortEnterCritical  port.o
    0x08002a40   0x08002a40   0x0000003c   Code   RO         1107    i.vPortExitCritical  port.o
    0x08002a7c   0x08002a7c   0x00000094   Code   RO         1055    i.vPortFree         heap_4.o
    0x08002b10   0x08002b10   0x00000028   Code   RO         1108    i.vPortSetupTimerInterrupt  port.o
    0x08002b38   0x08002b38   0x00000078   Code   RO         1109    i.vPortValidateInterruptPriority  port.o
    0x08002bb0   0x08002bb0   0x0000002c   Code   RO          203    i.vQueueAddToRegistry  queue.o
    0x08002bdc   0x08002bdc   0x0000004a   Code   RO          207    i.vQueueWaitForMessageRestricted  queue.o
    0x08002c26   0x08002c26   0x00000002   PAD
    0x08002c28   0x08002c28   0x00000040   Code   RO         7368    i.vTaskCan1Receive  task_can.o
    0x08002c68   0x08002c68   0x00000028   Code   RO         7369    i.vTaskCan2Receive  task_can.o
    0x08002c90   0x08002c90   0x000000a0   Code   RO         7370    i.vTaskCanSend      task_can.o
    0x08002d30   0x08002d30   0x0000000a   Code   RO         7280    i.vTaskCtrlChassis  task_ctrl.o
    0x08002d3a   0x08002d3a   0x0000000a   Code   RO         7281    i.vTaskCtrlGimbal   task_ctrl.o
    0x08002d44   0x08002d44   0x0000000a   Code   RO         7282    i.vTaskCtrlJoint    task_ctrl.o
    0x08002d4e   0x08002d4e   0x00000002   PAD
    0x08002d50   0x08002d50   0x0000005c   Code   RO          580    i.vTaskDelay        tasks.o
    0x08002dac   0x08002dac   0x000000f4   Code   RO          582    i.vTaskDelete       tasks.o
    0x08002ea0   0x08002ea0   0x00000018   Code   RO          585    i.vTaskInternalSetTimeOutState  tasks.o
    0x08002eb8   0x08002eb8   0x000000b0   Code   RO         7210    i.vTaskLED0         task_init.o
    0x08002f68   0x08002f68   0x0000000a   Code   RO         7211    i.vTaskLED6         task_init.o
    0x08002f72   0x08002f72   0x00000002   PAD
    0x08002f74   0x08002f74   0x0000000c   Code   RO          586    i.vTaskMissedYield  tasks.o
    0x08002f80   0x08002f80   0x00000038   Code   RO          588    i.vTaskPlaceOnEventList  tasks.o
    0x08002fb8   0x08002fb8   0x00000040   Code   RO          589    i.vTaskPlaceOnEventListRestricted  tasks.o
    0x08002ff8   0x08002ff8   0x0000005c   Code   RO         7212    i.vTaskStart        task_init.o
    0x08003054   0x08003054   0x00000094   Code   RO          597    i.vTaskStartScheduler  tasks.o
    0x080030e8   0x080030e8   0x00000010   Code   RO          599    i.vTaskSuspendAll   tasks.o
    0x080030f8   0x080030f8   0x0000008c   Code   RO          600    i.vTaskSwitchContext  tasks.o
    0x08003184   0x08003184   0x00000030   Code   RO         7316    i.vTaskUsart1Receive  task_usart.o
    0x080031b4   0x080031b4   0x00000018   Code   RO         7317    i.vTaskUsart2Receive  task_usart.o
    0x080031cc   0x080031cc   0x00000018   Code   RO         7318    i.vTaskUsart3Receive  task_usart.o
    0x080031e4   0x080031e4   0x00000168   Code   RO         1110    i.xPortStartScheduler  port.o
    0x0800334c   0x0800334c   0x00000058   Code   RO          210    i.xQueueGenericCreate  queue.o
    0x080033a4   0x080033a4   0x00000098   Code   RO          211    i.xQueueGenericReset  queue.o
    0x0800343c   0x0800343c   0x000001a8   Code   RO          212    i.xQueueGenericSend  queue.o
    0x080035e4   0x080035e4   0x000000f8   Code   RO          213    i.xQueueGenericSendFromISR  queue.o
    0x080036dc   0x080036dc   0x00000168   Code   RO          220    i.xQueueReceive     queue.o
    0x08003844   0x08003844   0x0000008c   Code   RO          601    i.xTaskCheckForTimeOut  tasks.o
    0x080038d0   0x080038d0   0x00000060   Code   RO          602    i.xTaskCreate       tasks.o
    0x08003930   0x08003930   0x00000020   Code   RO          606    i.xTaskGetSchedulerState  tasks.o
    0x08003950   0x08003950   0x0000000c   Code   RO          607    i.xTaskGetTickCount  tasks.o
    0x0800395c   0x0800395c   0x00000148   Code   RO          609    i.xTaskIncrementTick  tasks.o
    0x08003aa4   0x08003aa4   0x000000c8   Code   RO          612    i.xTaskPriorityDisinherit  tasks.o
    0x08003b6c   0x08003b6c   0x00000098   Code   RO          614    i.xTaskRemoveFromEventList  tasks.o
    0x08003c04   0x08003c04   0x00000104   Code   RO          615    i.xTaskResumeAll    tasks.o
    0x08003d08   0x08003d08   0x00000058   Code   RO          925    i.xTimerCreateTimerTask  timers.o
    0x08003d60   0x08003d60   0x00000084   Code   RO          926    i.xTimerGenericCommand  timers.o
    0x08003de4   0x08003de4   0x00000020   Data   RO         7644    Region$$Table       anon$$obj.o


    Execution Region RW_IRAM1 (Exec base: 0x20000000, Load base: 0x08003e04, Size: 0x00013708, Max: 0x00030000, ABSOLUTE)

    Exec Addr    Load Addr    Size         Type   Attr      Idx    E Section Name        Object

    0x20000000   0x08003e04   0x0000003c   Data   RW          618    .data               tasks.o
    0x2000003c   0x08003e40   0x00000014   Data   RW          932    .data               timers.o
    0x20000050   0x08003e54   0x00000018   Data   RW         1060    .data               heap_4.o
    0x20000068   0x08003e6c   0x0000000c   Data   RW         1111    .data               port.o
    0x20000074   0x08003e78   0x00000010   Data   RW         3949    .data               stm32f4xx_rcc.o
    0x20000084   0x08003e88   0x00000014   Data   RW         6340    .data               system_stm32f4xx.o
    0x20000098   0x08003e9c   0x0000000c   Data   RW         7213    .data               task_init.o
    0x200000a4   0x08003ea8   0x0000000c   Data   RW         7283    .data               task_ctrl.o
    0x200000b0   0x08003eb4   0x00000018   Data   RW         7319    .data               task_usart.o
    0x200000c8   0x08003ecc   0x00000018   Data   RW         7371    .data               task_can.o
    0x200000e0        -       0x00000040   Zero   RW          224    .bss                queue.o
    0x20000120        -       0x000000c8   Zero   RW          617    .bss                tasks.o
    0x200001e8        -       0x00000028   Zero   RW          931    .bss                timers.o
    0x20000210        -       0x00012c00   Zero   RW         1059    .bss                heap_4.o
    0x20012e10        -       0x00000014   Zero   RW         6573    .bss                bsp_usart.o
    0x20012e24        -       0x00000018   Zero   RW         6896    .bss                dr16.o
    0x20012e3c        -       0x000004cc   Zero   RW         6933    .bss                motor.o
    0x20013308        -       0x00000400   Zero   RW         1179    STACK               startup_stm32f427_437xx.o


==============================================================================

Image component sizes


      Code (inc. data)   RO Data    RW Data    ZI Data      Debug   Object Name

       148          4          0          0          0       1652   bsp_can.o
       140         10          0          0          0        746   bsp_dma.o
       428         38          0          0          0     263022   bsp_gpio.o
       104         10          0          0          0        564   bsp_i2c.o
       332         30          0          0          0        684   bsp_nvic.o
       188         12          0          0         20      12879   bsp_usart.o
         0          0          0          0          0      11812   croutine.o
       208          4          0          0         24       1834   dr16.o
         0          0          0          0          0      11784   event_groups.o
       692         62          0         24      76800       4551   heap_4.o
         8          0          0          0          0        471   key.o
        40         10          0          0          0        483   led.o
       148          0          0          0          0       3386   list.o
        52         22          0          0          0        499   main.o
       140         24          0          0          0     297723   misc.o
       324         26          0          0       1228       6034   motor.o
       114         10          0          0          0       2561   pid.o
      1014         92          0         12          0      11717   port.o
      1780         20          0          0         64      15742   queue.o
        36          8        428          0       1024        952   startup_stm32f427_437xx.o
      1566         16          0          0          0       7194   stm32f4xx_can.o
       482         26          0          0          0       4818   stm32f4xx_dma.o
       224          0          0          0          0       2795   stm32f4xx_gpio.o
       352         28          0          0          0       2826   stm32f4xx_i2c.o
       302         48          0          0          0       4717   stm32f4xx_it.o
       360         42          0         16          0       5844   stm32f4xx_rcc.o
       412          8          0          0          0       4865   stm32f4xx_usart.o
       392         32          0         20          0       2377   system_stm32f4xx.o
       464        124          0         24          0       2602   task_can.o
       170         76          0         12          0       2256   task_ctrl.o
       362         56          0         12          0       2540   task_init.o
       300        116          0         24          0       2617   task_usart.o
      2818        390          0         60        200      22156   tasks.o
      1138        116          0         20         40      17547   timers.o

    ----------------------------------------------------------------------
     15256       1460        460        224      79400     734250   Object Totals
         0          0         32          0          0          0   (incl. Generated)
        18          0          0          0          0          0   (incl. Padding)

    ----------------------------------------------------------------------

      Code (inc. data)   RO Data    RW Data    ZI Data      Debug   Library Member Name

         0          0          0          0          0          0   entry.o
         0          0          0          0          0          0   entry10a.o
         0          0          0          0          0          0   entry11a.o
         8          4          0          0          0          0   entry2.o
         4          0          0          0          0          0   entry5.o
         0          0          0          0          0          0   entry7b.o
         0          0          0          0          0          0   entry8b.o
         8          4          0          0          0          0   entry9a.o
        30          0          0          0          0          0   handlers.o
        36          8          0          0          0         68   init.o
        36          0          0          0          0         68   memcpya.o
        36          0          0          0          0        108   memseta.o

    ----------------------------------------------------------------------
       160         16          0          0          0        244   Library Totals
         2          0          0          0          0          0   (incl. Padding)

    ----------------------------------------------------------------------

      Code (inc. data)   RO Data    RW Data    ZI Data      Debug   Library Name

       158         16          0          0          0        244   mc_w.l

    ----------------------------------------------------------------------
       160         16          0          0          0        244   Library Totals

    ----------------------------------------------------------------------

==============================================================================


      Code (inc. data)   RO Data    RW Data    ZI Data      Debug   

     15416       1476        460        224      79400     720446   Grand Totals
     15416       1476        460        224      79400     720446   ELF Image Totals
     15416       1476        460        224          0          0   ROM Totals

==============================================================================

    Total RO  Size (Code + RO Data)                15876 (  15.50kB)
    Total RW  Size (RW Data + ZI Data)             79624 (  77.76kB)
    Total ROM Size (Code + RO Data + RW Data)      16100 (  15.72kB)

==============================================================================

