Component: ARM Compiler 5.06 update 6 (build 750) Tool: armlink [4d35ed]

==============================================================================

Section Cross References

    main.o(i.main) refers to tasks.o(i.xTaskCreate) for xTaskCreate
    main.o(i.main) refers to tasks.o(i.vTaskStartScheduler) for vTaskStartScheduler
    main.o(i.main) refers to task_init.o(.data) for StartTaskHandler
    main.o(i.main) refers to task_init.o(i.vTaskStart) for vTaskStart
    stm32f4xx_it.o(i.CAN1_RX0_IRQHandler) refers to stm32f4xx_can.o(i.CAN_GetITStatus) for CAN_GetITStatus
    stm32f4xx_it.o(i.CAN1_RX0_IRQHandler) refers to stm32f4xx_can.o(i.CAN_Receive) for CAN_Receive
    stm32f4xx_it.o(i.CAN1_RX0_IRQHandler) refers to queue.o(i.xQueueGenericSendFromISR) for xQueueGenericSendFromISR
    stm32f4xx_it.o(i.CAN1_RX0_IRQHandler) refers to stm32f4xx_can.o(i.CAN_ClearITPendingBit) for CAN_ClearITPendingBit
    stm32f4xx_it.o(i.CAN1_RX0_IRQHandler) refers to task_can.o(.data) for xCan1RxQueue
    stm32f4xx_it.o(i.CAN2_RX0_IRQHandler) refers to stm32f4xx_can.o(i.CAN_GetITStatus) for CAN_GetITStatus
    stm32f4xx_it.o(i.CAN2_RX0_IRQHandler) refers to stm32f4xx_can.o(i.CAN_Receive) for CAN_Receive
    stm32f4xx_it.o(i.CAN2_RX0_IRQHandler) refers to queue.o(i.xQueueGenericSendFromISR) for xQueueGenericSendFromISR
    stm32f4xx_it.o(i.CAN2_RX0_IRQHandler) refers to stm32f4xx_can.o(i.CAN_ClearITPendingBit) for CAN_ClearITPendingBit
    stm32f4xx_it.o(i.CAN2_RX0_IRQHandler) refers to task_can.o(.data) for xCan2RxQueue
    stm32f4xx_it.o(i.USART1_IRQHandler) refers to stm32f4xx_usart.o(i.USART_GetITStatus) for USART_GetITStatus
    stm32f4xx_it.o(i.USART1_IRQHandler) refers to stm32f4xx_dma.o(i.DMA_Cmd) for DMA_Cmd
    stm32f4xx_it.o(i.USART1_IRQHandler) refers to stm32f4xx_dma.o(i.DMA_GetCurrDataCounter) for DMA_GetCurrDataCounter
    stm32f4xx_it.o(i.USART1_IRQHandler) refers to queue.o(i.xQueueGenericSendFromISR) for xQueueGenericSendFromISR
    stm32f4xx_it.o(i.USART1_IRQHandler) refers to bsp_usart.o(.bss) for Usart1Buffer
    stm32f4xx_it.o(i.USART1_IRQHandler) refers to task_usart.o(.data) for xUsart1RxQueue
    stm32f4xx_it.o(i.USART2_IRQHandler) refers to stm32f4xx_usart.o(i.USART_GetITStatus) for USART_GetITStatus
    stm32f4xx_it.o(i.USART2_IRQHandler) refers to stm32f4xx_dma.o(i.DMA_Cmd) for DMA_Cmd
    stm32f4xx_it.o(i.USART2_IRQHandler) refers to stm32f4xx_dma.o(i.DMA_GetCurrDataCounter) for DMA_GetCurrDataCounter
    stm32f4xx_it.o(i.USART2_IRQHandler) refers to queue.o(i.xQueueGenericSendFromISR) for xQueueGenericSendFromISR
    stm32f4xx_it.o(i.USART2_IRQHandler) refers to bsp_usart.o(.bss) for Usart2Buffer
    stm32f4xx_it.o(i.USART2_IRQHandler) refers to task_usart.o(.data) for xUsart2RxQueue
    stm32f4xx_it.o(i.USART3_IRQHandler) refers to stm32f4xx_usart.o(i.USART_GetITStatus) for USART_GetITStatus
    stm32f4xx_it.o(i.USART3_IRQHandler) refers to stm32f4xx_dma.o(i.DMA_Cmd) for DMA_Cmd
    stm32f4xx_it.o(i.USART3_IRQHandler) refers to stm32f4xx_dma.o(i.DMA_GetCurrDataCounter) for DMA_GetCurrDataCounter
    stm32f4xx_it.o(i.USART3_IRQHandler) refers to queue.o(i.xQueueGenericSendFromISR) for xQueueGenericSendFromISR
    stm32f4xx_it.o(i.USART3_IRQHandler) refers to bsp_usart.o(.bss) for Usart2Buffer
    stm32f4xx_it.o(i.USART3_IRQHandler) refers to task_usart.o(.data) for xUsart2RxQueue
    task_init.o(i.LEDTaskcreate) refers to tasks.o(i.xTaskCreate) for xTaskCreate
    task_init.o(i.LEDTaskcreate) refers to task_init.o(.data) for TaskLED0Handler
    task_init.o(i.LEDTaskcreate) refers to task_init.o(i.vTaskLED0) for vTaskLED0
    task_init.o(i.LEDTaskcreate) refers to task_init.o(i.vTaskLED6) for vTaskLED6
    task_init.o(i.vTaskLED0) refers to tasks.o(i.vTaskDelay) for vTaskDelay
    task_init.o(i.vTaskLED6) refers to tasks.o(i.vTaskDelay) for vTaskDelay
    task_init.o(i.vTaskStart) refers to port.o(i.vPortEnterCritical) for vPortEnterCritical
    task_init.o(i.vTaskStart) refers to bsp_usart.o(i.BSP_USART1_Init) for BSP_USART1_Init
    task_init.o(i.vTaskStart) refers to bsp_usart.o(i.BSP_USART2_Init) for BSP_USART2_Init
    task_init.o(i.vTaskStart) refers to bsp_can.o(i.BSP_CAN1_Init) for BSP_CAN1_Init
    task_init.o(i.vTaskStart) refers to bsp_i2c.o(i.BSP_I2C2_Init) for BSP_I2C2_Init
    task_init.o(i.vTaskStart) refers to bsp_nvic.o(i.BSP_NVIC_Init) for BSP_NVIC_Init
    task_init.o(i.vTaskStart) refers to led.o(i.LED_Init) for LED_Init
    task_init.o(i.vTaskStart) refers to key.o(i.KEY_Init) for KEY_Init
    task_init.o(i.vTaskStart) refers to dr16.o(i.DR16_Init) for DR16_Init
    task_init.o(i.vTaskStart) refers to motor.o(i.MotorParamInit) for MotorParamInit
    task_init.o(i.vTaskStart) refers to task_can.o(i.CanTaskCreate) for CanTaskCreate
    task_init.o(i.vTaskStart) refers to task_usart.o(i.UsartTaskCreate) for UsartTaskCreate
    task_init.o(i.vTaskStart) refers to task_init.o(i.LEDTaskcreate) for LEDTaskcreate
[...]
    ..\\Libraries\\STM32F4xx_StdPeriph_Driver\\src\\stm32f4xx_cryp_aes.c 0x00000000   Number         0  stm32f4xx_cryp_aes.o ABSOLUTE
    ..\\Libraries\\STM32F4xx_StdPeriph_Driver\\src\\stm32f4xx_cryp_des.c 0x00000000   Number         0  stm32f4xx_cryp_des.o ABSOLUTE
    ..\\Libraries\\STM32F4xx_StdPeriph_Driver\\src\\stm32f4xx_cryp_tdes.c 0x00000000   Number         0  stm32f4xx_cryp_tdes.o ABSOLUTE
    ..\\Libraries\\STM32F4xx_StdPeriph_Driver\\src\\stm32f4xx_dac.c 0x00000000   Number         0  stm32f4xx_dac.o ABSOLUTE
    ..\\Libraries\\STM32F4xx_StdPeriph_Driver\\src\\stm32f4xx_dbgmcu.c 0x00000000   Number         0  stm32f4xx_dbgmcu.o ABSOLUTE
    ..\\Libraries\\STM32F4xx_StdPeriph_Driver\\src\\stm32f4xx_dcmi.c 0x00000000   Number         0  stm32f4xx_dcmi.o ABSOLUTE
    ..\\Libraries\\STM32F4xx_StdPeriph_Driver\\src\\stm32f4xx_dma.c 0x00000000   Number         0  stm32f4xx_dma.o ABSOLUTE
    ..\\Libraries\\STM32F4xx_StdPeriph_Driver\\src\\stm32f4xx_dma2d.c 0x00000000   Number         0  stm32f4xx_dma2d.o ABSOLUTE
    ..\\Libraries\\STM32F4xx_StdPeriph_Driver\\src\\stm32f4xx_dsi.c 0x00000000   Number         0  stm32f4xx_dsi.o ABSOLUTE
    ..\\Libraries\\STM32F4xx_StdPeriph_Driver\\src\\stm32f4xx_exti.c 0x00000000   Number         0  stm32f4xx_exti.o ABSOLUTE
    ..\\Libraries\\STM32F4xx_StdPeriph_Driver\\src\\stm32f4xx_flash.c 0x00000000   Number         0  stm32f4xx_flash.o ABSOLUTE
    ..\\Libraries\\STM32F4xx_StdPeriph_Driver\\src\\stm32f4xx_flash_ramfunc.c 0x00000000   Number         0  stm32f4xx_flash_ramfunc.o ABSOLUTE
    ..\\Libraries\\STM32F4xx_StdPeriph_Driver\\src\\stm32f4xx_fmc.c 0x00000000   Number         0  stm32f4xx_fmc.o ABSOLUTE
    ..\\Libraries\\STM32F4xx_StdPeriph_Driver\\src\\stm32f4xx_fmpi2c.c 0x00000000   Number         0  stm32f4xx_fmpi2c.o ABSOLUTE
    ..\\Libraries\\STM32F4xx_StdPeriph_Driver\\src\\stm32f4xx_gpio.c 0x00000000   Number         0  stm32f4xx_gpio.o ABSOLUTE
    ..\\Libraries\\STM32F4xx_StdPeriph_Driver\\src\\stm32f4xx_hash.c 0x00000000   Number         0  stm32f4xx_hash.o ABSOLUTE
    ..\\Libraries\\STM32F4xx_StdPeriph_Driver\\src\\stm32f4xx_hash_md5.c 0x00000000   Number         0  stm32f4xx_hash_md5.o ABSOLUTE
    ..\\Libraries\\STM32F4xx_StdPeriph_Driver\\src\\stm32f4xx_hash_sha1.c 0x00000000   Number         0  stm32f4xx_hash_sha1.o ABSOLUTE
    ..\\Libraries\\STM32F4xx_StdPeriph_Driver\\src\\stm32f4xx_i2c.c 0x00000000   Number         0  stm32f4xx_i2c.o ABSOLUTE
    ..\\Libraries\\STM32F4xx_StdPeriph_Driver\\src\\stm32f4xx_iwdg.c 0x00000000   Number         0  stm32f4xx_iwdg.o ABSOLUTE
    ..\\Libraries\\STM32F4xx_StdPeriph_Driver\\src\\stm32f4xx_lptim.c 0x00000000   Number         0  stm32f4xx_lptim.o ABSOLUTE
    ..\\Libraries\\STM32F4xx_StdPeriph_Driver\\src\\stm32f4xx_ltdc.c 0x00000000   Number         0  stm32f4xx_ltdc.o ABSOLUTE
    ..\\Libraries\\STM32F4xx_StdPeriph_Driver\\src\\stm32f4xx_pwr.c 0x00000000   Number         0  stm32f4xx_pwr.o ABSOLUTE
    ..\\Libraries\\STM32F4xx_StdPeriph_Driver\\src\\stm32f4xx_qspi.c 0x00000000   Number         0  stm32f4xx_qspi.o ABSOLUTE
    ..\\Libraries\\STM32F4xx_StdPeriph_Driver\\src\\stm32f4xx_rcc.c 0x00000000   Number         0  stm32f4xx_rcc.o ABSOLUTE
    ..\\Libraries\\STM32F4xx_StdPeriph_Driver\\src\\stm32f4xx_rng.c 0x00000000   Number         0  stm32f4xx_rng.o ABSOLUTE
    ..\\Libraries\\STM32F4xx_StdPeriph_Driver\\src\\stm32f4xx_rtc.c 0x00000000   Number         0  stm32f4xx_rtc.o ABSOLUTE
    ..\\Libraries\\STM32F4xx_StdPeriph_Driver\\src\\stm32f4xx_sai.c 0x00000000   Number         0  stm32f4xx_sai.o ABSOLUTE
    ..\\Libraries\\STM32F4xx_StdPeriph_Driver\\src\\stm32f4xx_sdio.c 0x00000000   Number         0  stm32f4xx_sdio.o ABSOLUTE
    ..\\Libraries\\STM32F4xx_StdPeriph_Driver\\src\\stm32f4xx_spdifrx.c 0x00000000   Number         0  stm32f4xx_spdifrx.o ABSOLUTE
    ..\\Libraries\\STM32F4xx_StdPeriph_Driver\\src\\stm32f4xx_spi.c 0x00000000   Number         0  stm32f4xx_spi.o ABSOLUTE
    ..\\Libraries\\STM32F4xx_StdPeriph_Driver\\src\\stm32f4xx_syscfg.c 0x00000000   Number         0  stm32f4xx_syscfg.o ABSOLUTE
    ..\\Libraries\\STM32F4xx_StdPeriph_Driver\\src\\stm32f4xx_tim.c 0x00000000   Number         0  stm32f4xx_tim.o ABSOLUTE
    ..\\Libraries\\STM32F4xx_StdPeriph_Driver\\src\\stm32f4xx_usart.c 0x00000000   Number         0  stm32f4xx_usart.o ABSOLUTE
    ..\\Libraries\\STM32F4xx_StdPeriph_Driver\\src\\stm32f4xx_wwdg.c 0x00000000   Number         0  stm32f4xx_wwdg.o ABSOLUTE
    ..\\Task\\Task_Can.c                     0x00000000   Number         0  task_can.o ABSOLUTE
    ..\\Task\\Task_Ctrl.c                    0x00000000   Number         0  task_ctrl.o ABSOLUTE
    ..\\Task\\Task_Init.c                    0x00000000   Number         0  task_init.o ABSOLUTE
    ..\\Task\\Task_Usart.c                   0x00000000   Number         0  task_usart.o ABSOLUTE
    ..\\User\\main.c                         0x00000000   Number         0  main.o ABSOLUTE
    ..\\User\\stm32f4xx_it.c                 0x00000000   Number         0  stm32f4xx_it.o ABSOLUTE
    cdcmple.s                                0x00000000   Number         0  cdcmple.o ABSOLUTE
    cdrcmple.s                               0x00000000   Number         0  cdrcmple.o ABSOLUTE
    dc.s                                     0x00000000   Number         0  dc.o ABSOLUTE
    handlers.s                               0x00000000   Number         0  handlers.o ABSOLUTE
    init.s                                   0x00000000   Number         0  init.o ABSOLUTE
    RESET                                    0x08000000   Section      428  startup_stm32f427_437xx.o(RESET)
    .ARM.Collect$$$$00000000                 0x080001ac   Section        0  entry.o(.ARM.Collect$$$$00000000)
    .ARM.Collect$$$$00000001                 0x080001ac   Section        4  entry2.o(.ARM.Collect$$$$00000001)
    .ARM.Collect$$$$00000004                 0x080001b0   Section        4  entry5.o(.ARM.Collect$$$$00000004)
    .ARM.Collect$$$$00000008                 0x080001b4   Section        0  entry7b.o(.ARM.Collect$$$$00000008)
    .ARM.Collect$$$$0000000A                 0x080001b4   Section        0  entry8b.o(.ARM.Collect$$$$0000000A)
    .ARM.Collect$$$$0000000B                 0x080001b4   Section        8  entry9a.o(.ARM.Collect$$$$0000000B)
    .ARM.Collect$$$$0000000D                 0x080001bc   Section        0  entry10a.o(.ARM.Collect$$$$0000000D)
    .ARM.Collect$$$$0000000F                 0x080001bc   Section        0  entry11a.o(.ARM.Collect$$$$0000000F)
    .ARM.Collect$$$$00002712                 0x080001bc   Section        4  entry2.o(.ARM.Collect$$$$00002712)
    __lit__00000000                          0x080001bc   Data           4  entry2.o(.ARM.Collect$$$$00002712)
    .emb_text                                0x080001c0   Section      190  port.o(.emb_text)
    $v0                                      0x080001c0   Number         0  port.o(.emb_text)
    .text                                    0x08000280   Section       36  startup_stm32f427_437xx.o(.text)
    $v0                                      0x08000280   Number         0  startup_stm32f427_437xx.o(.text)
    .text                                    0x080002a4   Section        0  memcpya.o(.text)
    .text                                    0x080002c8   Section        0  memseta.o(.text)
    .text                                    0x080002ec   Section       36  init.o(.text)
    i.BSP_CAN1_GPIOInit                      0x08000310   Section        0  bsp_gpio.o(i.BSP_CAN1_GPIOInit)
    i.BSP_CAN1_Init                          0x08000360   Section        0  bsp_can.o(i.BSP_CAN1_Init)
    i.BSP_I2C2_GPIOInit                      0x080003f4   Section        0  bsp_gpio.o(i.BSP_I2C2_GPIOInit)
    i.BSP_I2C2_Init                          0x08000420   Section        0  bsp_i2c.o(i.BSP_I2C2_Init)
    i.BSP_KEY_GPIOInit                       0x08000488   Section        0  bsp_gpio.o(i.BSP_KEY_GPIOInit)
    i.BSP_LED_GPIOInit                       0x080004b8   Section        0  bsp_gpio.o(i.BSP_LED_GPIOInit)
    i.BSP_NVIC_Init                          0x08000510   Section        0  bsp_nvic.o(i.BSP_NVIC_Init)
    i.BSP_USART1_GPIOInit                    0x0800065c   Section        0  bsp_gpio.o(i.BSP_USART1_GPIOInit)
    i.BSP_USART1_Init                        0x080006b0   Section        0  bsp_usart.o(i.BSP_USART1_Init)
    i.BSP_USART2_GPIOInit                    0x08000714   Section        0  bsp_gpio.o(i.BSP_USART2_GPIOInit)
    i.BSP_USART2_Init                        0x08000768   Section        0  bsp_usart.o(i.BSP_USART2_Init)
    i.BusFault_Handler                       0x080007cc   Section        0  stm32f4xx_it.o(i.BusFault_Handler)
    i.CAN1_RX0_IRQHandler                    0x080007d0   Section        0  stm32f4xx_it.o(i.CAN1_RX0_IRQHandler)
    i.CAN2_RX0_IRQHandler                    0x08000828   Section        0  stm32f4xx_it.o(i.CAN2_RX0_IRQHandler)
    i.CAN_ClearITPendingBit                  0x08000880   Section        0  stm32f4xx_can.o(i.CAN_ClearITPendingBit)
    i.CAN_FilterInit                         0x08000928   Section        0  stm32f4xx_can.o(i.CAN_FilterInit)
    i.CAN_GetITStatus                        0x08000a30   Section        0  stm32f4xx_can.o(i.CAN_GetITStatus)
    i.CAN_ITConfig                           0x08000b50   Section        0  stm32f4xx_can.o(i.CAN_ITConfig)
    i.CAN_Init                               0x08000b62   Section        0  stm32f4xx_can.o(i.CAN_Init)
    i.CAN_Receive                            0x08000c76   Section        0  stm32f4xx_can.o(i.CAN_Receive)
    i.CAN_Transmit                           0x08000d66   Section        0  stm32f4xx_can.o(i.CAN_Transmit)
    i.CanTaskCreate                          0x08000e8c   Section        0  task_can.o(i.CanTaskCreate)
    i.CheckITStatus                          0x08000f54   Section        0  stm32f4xx_can.o(i.CheckITStatus)
    CheckITStatus                            0x08000f55   Thumb Code    18  stm32f4xx_can.o(i.CheckITStatus)
    i.ControlTaskCreate                      0x08000f68   Section        0  task_ctrl.o(i.ControlTaskCreate)
    i.DMA_Cmd                                0x08000ff4   Section        0  stm32f4xx_dma.o(i.DMA_Cmd)
    i.DMA_DeInit                             0x0800100c   Section        0  stm32f4xx_dma.o(i.DMA_DeInit)
    i.DMA_GetCmdStatus                       0x08001164   Section        0  stm32f4xx_dma.o(i.DMA_GetCmdStatus)
    i.DMA_GetCurrDataCounter                 0x08001178   Section        0  stm32f4xx_dma.o(i.DMA_GetCurrDataCounter)
    i.DMA_Init                               0x08001180   Section        0  stm32f4xx_dma.o(i.DMA_Init)
    i.DR16_Init                              0x080011d8   Section        0  dr16.o(i.DR16_Init)
    i.DR16_getMessage                        0x08001208   Section        0  dr16.o(i.DR16_getMessage)
    DR16_getMessage                          0x08001209   Thumb Code   204  dr16.o(i.DR16_getMessage)
    i.DebugMon_Handler                       0x080012d8   Section        0  stm32f4xx_it.o(i.DebugMon_Handler)
    i.Dynamixel_setMassage                   0x080012dc   Section        0  servo.o(i.Dynamixel_setMassage)
    i.GPIO_Init                              0x08001364   Section        0  stm32f4xx_gpio.o(i.GPIO_Init)
    i.GPIO_PinAFConfig                       0x080013f4   Section        0  stm32f4xx_gpio.o(i.GPIO_PinAFConfig)
    i.GPIO_WriteBit                          0x0800143a   Section        0  stm32f4xx_gpio.o(i.GPIO_WriteBit)
    i.HardFault_Handler                      0x08001444   Section        0  stm32f4xx_it.o(i.HardFault_Handler)
    i.I2C_Cmd                                0x08001448   Section        0  stm32f4xx_i2c.o(i.I2C_Cmd)
    i.I2C_DeInit                             0x08001460   Section        0  stm32f4xx_i2c.o(i.I2C_DeInit)
    i.I2C_Init                               0x080014c0   Section        0  stm32f4xx_i2c.o(i.I2C_Init)
    i.KEY_Init                               0x080015a8   Section        0  key.o(i.KEY_Init)
    i.LEDTaskcreate                          0x080015b0   Section        0  task_init.o(i.LEDTaskcreate)
    LEDTaskcreate                            0x080015b1   Thumb Code    44  task_init.o(i.LEDTaskcreate)
    i.LED_Init                               0x08001604   Section        0  led.o(i.LED_Init)
    i.M2006_getMessage                       0x0800162c   Section        0  motor.o(i.M2006_getMessage)
    M2006_getMessage                         0x0800162d   Thumb Code   118  motor.o(i.M2006_getMessage)
    i.M2006_setCurrent                       0x080016a8   Section        0  motor.o(i.M2006_setCurrent)
    M2006_setCurrent                         0x080016a9   Thumb Code   130  motor.o(i.M2006_setCurrent)
    i.M3508_getMessage                       0x08001738   Section        0  motor.o(i.M3508_getMessage)
    M3508_getMessage                         0x08001739   Thumb Code   118  motor.o(i.M3508_getMessage)
    i.M3508_setCurrent                       0x080017b4   Section        0  motor.o(i.M3508_setCurrent)
    M3508_setCurrent                         0x080017b5   Thumb Code   118  motor.o(i.M3508_setCurrent)
    i.M6020_getMessage                       0x08001838   Section        0  motor.o(i.M6020_getMessage)
    M6020_getMessage                         0x08001839   Thumb Code   112  motor.o(i.M6020_getMessage)
    i.M6020_setCurrent                       0x080018ac   Section        0  motor.o(i.M6020_setCurrent)
    M6020_setCurrent                         0x080018ad   Thumb Code    86  motor.o(i.M6020_setCurrent)
    i.M6020_setTargetAngle                   0x08001910   Section        0  motor.o(i.M6020_setTargetAngle)
    M6020_setTargetAngle                     0x08001911   Thumb Code   170  motor.o(i.M6020_setTargetAngle)
    i.M6623_getMessage                       0x080019c4   Section        0  motor.o(i.M6623_getMessage)
    M6623_getMessage                         0x080019c5   Thumb Code    84  motor.o(i.M6623_getMessage)
    i.MemManage_Handler                      0x08001a1c   Section        0  stm32f4xx_it.o(i.MemManage_Handler)
    i.MotorParamInit                         0x08001a20   Section        0  motor.o(i.MotorParamInit)
    i.NMI_Handler                            0x08001acc   Section        0  stm32f4xx_it.o(i.NMI_Handler)
    i.NVIC_Init                              0x08001ad0   Section        0  misc.o(i.NVIC_Init)
    i.NVIC_PriorityGroupConfig               0x08001b48   Section        0  misc.o(i.NVIC_PriorityGroupConfig)
    i.PID_Calc                               0x08001b5c   Section        0  pid.o(i.PID_Calc)
    i.PID_StructInit                         0x08001d70   Section        0  pid.o(i.PID_StructInit)
    i.Posture_getMessage                     0x08001dc0   Section        0  encoder.o(i.Posture_getMessage)
    i.RCC_AHB1PeriphClockCmd                 0x08001dec   Section        0  stm32f4xx_rcc.o(i.RCC_AHB1PeriphClockCmd)
    i.RCC_APB1PeriphClockCmd                 0x08001e0c   Section        0  stm32f4xx_rcc.o(i.RCC_APB1PeriphClockCmd)
    i.RCC_APB1PeriphResetCmd                 0x08001e2c   Section        0  stm32f4xx_rcc.o(i.RCC_APB1PeriphResetCmd)
    i.RCC_APB2PeriphClockCmd                 0x08001e4c   Section        0  stm32f4xx_rcc.o(i.RCC_APB2PeriphClockCmd)
    i.RCC_GetClocksFreq                      0x08001e6c   Section        0  stm32f4xx_rcc.o(i.RCC_GetClocksFreq)
    i.SetSysClock                            0x08001f54   Section        0  system_stm32f4xx.o(i.SetSysClock)
    SetSysClock                              0x08001f55   Thumb Code   272  system_stm32f4xx.o(i.SetSysClock)
    i.SysTick_Handler                        0x08002074   Section        0  port.o(i.SysTick_Handler)
    i.SystemInit                             0x080020a8   Section        0  system_stm32f4xx.o(i.SystemInit)
    i.Thigh_M6020Ctrl                        0x08002110   Section        0  joint.o(i.Thigh_M6020Ctrl)
    i.USART1_IRQHandler                      0x0800219c   Section        0  stm32f4xx_it.o(i.USART1_IRQHandler)
    i.USART1_RXDMA_Config                    0x08002208   Section        0  bsp_dma.o(i.USART1_RXDMA_Config)
    i.USART2_IRQHandler                      0x08002294   Section        0  stm32f4xx_it.o(i.USART2_IRQHandler)
    i.USART2_RXDMA_Config                    0x08002304   Section        0  bsp_dma.o(i.USART2_RXDMA_Config)
    i.USART3_IRQHandler                      0x08002390   Section        0  stm32f4xx_it.o(i.USART3_IRQHandler)
    i.USART_Cmd                              0x08002404   Section        0  stm32f4xx_usart.o(i.USART_Cmd)
    i.USART_DMACmd                           0x0800241c   Section        0  stm32f4xx_usart.o(i.USART_DMACmd)
    i.USART_GetFlagStatus                    0x0800242e   Section        0  stm32f4xx_usart.o(i.USART_GetFlagStatus)
    i.USART_GetITStatus                      0x08002448   Section        0  stm32f4xx_usart.o(i.USART_GetITStatus)
    i.USART_ITConfig                         0x0800249c   Section        0  stm32f4xx_usart.o(i.USART_ITConfig)
    i.USART_Init                             0x080024e8   Section        0  stm32f4xx_usart.o(i.USART_Init)
    i.USART_SendData                         0x080025bc   Section        0  stm32f4xx_usart.o(i.USART_SendData)
    i.USART_sendChar                         0x080025c4   Section        0  bsp_usart.o(i.USART_sendChar)
    i.UsageFault_Handler                     0x080025e2   Section        0  stm32f4xx_it.o(i.UsageFault_Handler)
    i.UsartTaskCreate                        0x080025e8   Section        0  task_usart.o(i.UsartTaskCreate)
    i.__scatterload_copy                     0x080026f0   Section       14  handlers.o(i.__scatterload_copy)
    i.__scatterload_null                     0x080026fe   Section        2  handlers.o(i.__scatterload_null)
    i.__scatterload_zeroinit                 0x08002700   Section       14  handlers.o(i.__scatterload_zeroinit)
    i.absLimit                               0x0800270e   Section        0  pid.o(i.absLimit)
    i.main                                   0x0800273c   Section        0  main.o(i.main)
    i.pidParamInit                           0x08002770   Section        0  pid.o(i.pidParamInit)
    pidParamInit                             0x08002771   Thumb Code    20  pid.o(i.pidParamInit)
    i.pidReset                               0x08002784   Section        0  pid.o(i.pidReset)
    pidReset                                 0x08002785   Thumb Code    14  pid.o(i.pidReset)
    i.prvAddCurrentTaskToDelayedList         0x08002794   Section        0  tasks.o(i.prvAddCurrentTaskToDelayedList)
    prvAddCurrentTaskToDelayedList           0x08002795   Thumb Code   124  tasks.o(i.prvAddCurrentTaskToDelayedList)
    i.prvAddNewTaskToReadyList               0x0800282c   Section        0  tasks.o(i.prvAddNewTaskToReadyList)
    prvAddNewTaskToReadyList                 0x0800282d   Thumb Code   156  tasks.o(i.prvAddNewTaskToReadyList)
    i.prvCheckForValidListAndQueue           0x080028e4   Section        0  timers.o(i.prvCheckForValidListAndQueue)
    prvCheckForValidListAndQueue             0x080028e5   Thumb Code    72  timers.o(i.prvCheckForValidListAndQueue)
    i.prvCheckTasksWaitingTermination        0x08002948   Section        0  tasks.o(i.prvCheckTasksWaitingTermination)
    prvCheckTasksWaitingTermination          0x08002949   Thumb Code    60  tasks.o(i.prvCheckTasksWaitingTermination)
    i.prvCopyDataFromQueue                   0x08002990   Section        0  queue.o(i.prvCopyDataFromQueue)
    prvCopyDataFromQueue                     0x08002991   Thumb Code    42  queue.o(i.prvCopyDataFromQueue)
    i.prvCopyDataToQueue                     0x080029ba   Section        0  queue.o(i.prvCopyDataToQueue)
    prvCopyDataToQueue                       0x080029bb   Thumb Code   124  queue.o(i.prvCopyDataToQueue)
    i.prvDeleteTCB                           0x08002a36   Section        0  tasks.o(i.prvDeleteTCB)
    prvDeleteTCB                             0x08002a37   Thumb Code    18  tasks.o(i.prvDeleteTCB)
    i.prvGetNextExpireTime                   0x08002a48   Section        0  timers.o(i.prvGetNextExpireTime)
    prvGetNextExpireTime                     0x08002a49   Thumb Code    36  timers.o(i.prvGetNextExpireTime)
    i.prvHeapInit                            0x08002a70   Section        0  heap_4.o(i.prvHeapInit)
    prvHeapInit                              0x08002a71   Thumb Code    98  heap_4.o(i.prvHeapInit)
    i.prvIdleTask                            0x08002aec   Section        0  tasks.o(i.prvIdleTask)
    prvIdleTask                              0x08002aed   Thumb Code    32  tasks.o(i.prvIdleTask)
    i.prvInitialiseNewQueue                  0x08002b14   Section        0  queue.o(i.prvInitialiseNewQueue)
    prvInitialiseNewQueue                    0x08002b15   Thumb Code    42  queue.o(i.prvInitialiseNewQueue)
    i.prvInitialiseNewTask                   0x08002b3e   Section        0  tasks.o(i.prvInitialiseNewTask)
    prvInitialiseNewTask                     0x08002b3f   Thumb Code   180  tasks.o(i.prvInitialiseNewTask)
    i.prvInitialiseTaskLists                 0x08002bf4   Section        0  tasks.o(i.prvInitialiseTaskLists)
    prvInitialiseTaskLists                   0x08002bf5   Thumb Code    70  tasks.o(i.prvInitialiseTaskLists)
    i.prvInsertBlockIntoFreeList             0x08002c5c   Section        0  heap_4.o(i.prvInsertBlockIntoFreeList)
    prvInsertBlockIntoFreeList               0x08002c5d   Thumb Code    96  heap_4.o(i.prvInsertBlockIntoFreeList)
    i.prvInsertTimerInActiveList             0x08002cc4   Section        0  timers.o(i.prvInsertTimerInActiveList)
    prvInsertTimerInActiveList               0x08002cc5   Thumb Code    80  timers.o(i.prvInsertTimerInActiveList)
    i.prvIsQueueEmpty                        0x08002d1c   Section        0  queue.o(i.prvIsQueueEmpty)
    prvIsQueueEmpty                          0x08002d1d   Thumb Code    26  queue.o(i.prvIsQueueEmpty)
    i.prvIsQueueFull                         0x08002d36   Section        0  queue.o(i.prvIsQueueFull)
    prvIsQueueFull                           0x08002d37   Thumb Code    30  queue.o(i.prvIsQueueFull)
    i.prvProcessExpiredTimer                 0x08002d54   Section        0  timers.o(i.prvProcessExpiredTimer)
    prvProcessExpiredTimer                   0x08002d55   Thumb Code    94  timers.o(i.prvProcessExpiredTimer)
    i.prvProcessReceivedCommands             0x08002db8   Section        0  timers.o(i.prvProcessReceivedCommands)
    prvProcessReceivedCommands               0x08002db9   Thumb Code   240  timers.o(i.prvProcessReceivedCommands)
    i.prvProcessTimerOrBlockTask             0x08002eac   Section        0  timers.o(i.prvProcessTimerOrBlockTask)
    prvProcessTimerOrBlockTask               0x08002ead   Thumb Code   102  timers.o(i.prvProcessTimerOrBlockTask)
    i.prvResetNextTaskUnblockTime            0x08002f20   Section        0  tasks.o(i.prvResetNextTaskUnblockTime)
    prvResetNextTaskUnblockTime              0x08002f21   Thumb Code    42  tasks.o(i.prvResetNextTaskUnblockTime)
    i.prvSampleTimeNow                       0x08002f54   Section        0  timers.o(i.prvSampleTimeNow)
    prvSampleTimeNow                         0x08002f55   Thumb Code    40  timers.o(i.prvSampleTimeNow)
    i.prvSwitchTimerLists                    0x08002f80   Section        0  timers.o(i.prvSwitchTimerLists)
    prvSwitchTimerLists                      0x08002f81   Thumb Code   150  timers.o(i.prvSwitchTimerLists)
    i.prvTaskExitError                       0x08003020   Section        0  port.o(i.prvTaskExitError)
    prvTaskExitError                         0x08003021   Thumb Code    60  port.o(i.prvTaskExitError)
    i.prvTimerTask                           0x08003060   Section        0  timers.o(i.prvTimerTask)
    prvTimerTask                             0x08003061   Thumb Code    26  timers.o(i.prvTimerTask)
    i.prvUnlockQueue                         0x0800307a   Section        0  queue.o(i.prvUnlockQueue)
    prvUnlockQueue                           0x0800307b   Thumb Code   126  queue.o(i.prvUnlockQueue)
    i.pvPortMalloc                           0x080030f8   Section        0  heap_4.o(i.pvPortMalloc)
    i.pxPortInitialiseStack                  0x08003234   Section        0  port.o(i.pxPortInitialiseStack)
    i.update_crc                             0x08003260   Section        0  servo.o(i.update_crc)
    i.uxListRemove                           0x080032b0   Section        0  list.o(i.uxListRemove)
    i.vListInitialise                        0x080032d8   Section        0  list.o(i.vListInitialise)
    i.vListInitialiseItem                    0x080032f2   Section        0  list.o(i.vListInitialiseItem)
    i.vListInsert                            0x080032f8   Section        0  list.o(i.vListInsert)
    i.vListInsertEnd                         0x0800332c   Section        0  list.o(i.vListInsertEnd)
    i.vPortEnterCritical                     0x08003344   Section        0  port.o(i.vPortEnterCritical)
    i.vPortExitCritical                      0x08003398   Section        0  port.o(i.vPortExitCritical)
    i.vPortFree                              0x080033d4   Section        0  heap_4.o(i.vPortFree)
    i.vPortSetupTimerInterrupt               0x08003468   Section        0  port.o(i.vPortSetupTimerInterrupt)
    i.vPortValidateInterruptPriority         0x08003490   Section        0  port.o(i.vPortValidateInterruptPriority)
    i.vQueueAddToRegistry                    0x08003508   Section        0  queue.o(i.vQueueAddToRegistry)
    i.vQueueWaitForMessageRestricted         0x08003534   Section        0  queue.o(i.vQueueWaitForMessageRestricted)
    i.vTaskCan1Receive                       0x08003580   Section        0  task_can.o(i.vTaskCan1Receive)
    vTaskCan1Receive                         0x08003581   Thumb Code    64  task_can.o(i.vTaskCan1Receive)
    i.vTaskCan2Receive                       0x080035cc   Section        0  task_can.o(i.vTaskCan2Receive)
    vTaskCan2Receive                         0x080035cd   Thumb Code    32  task_can.o(i.vTaskCan2Receive)
    i.vTaskCanSend                           0x080035f4   Section        0  task_can.o(i.vTaskCanSend)
    vTaskCanSend                             0x080035f5   Thumb Code    46  task_can.o(i.vTaskCanSend)
    i.vTaskCtrlChassis                       0x08003630   Section        0  task_ctrl.o(i.vTaskCtrlChassis)
    vTaskCtrlChassis                         0x08003631   Thumb Code    18  task_ctrl.o(i.vTaskCtrlChassis)
    i.vTaskCtrlGimbal                        0x08003642   Section        0  task_ctrl.o(i.vTaskCtrlGimbal)
    vTaskCtrlGimbal                          0x08003643   Thumb Code    18  task_ctrl.o(i.vTaskCtrlGimbal)
    i.vTaskCtrlJoint                         0x08003654   Section        0  task_ctrl.o(i.vTaskCtrlJoint)
    vTaskCtrlJoint                           0x08003655   Thumb Code    42  task_ctrl.o(i.vTaskCtrlJoint)
    i.vTaskDelay                             0x08003688   Section        0  tasks.o(i.vTaskDelay)
    i.vTaskDelayUntil                        0x080036e4   Section        0  tasks.o(i.vTaskDelayUntil)
    i.vTaskDelete                            0x080037b8   Section        0  tasks.o(i.vTaskDelete)
    i.vTaskInternalSetTimeOutState           0x080038ac   Section        0  tasks.o(i.vTaskInternalSetTimeOutState)
    i.vTaskLED0                              0x080038c4   Section        0  task_init.o(i.vTaskLED0)
    vTaskLED0                                0x080038c5   Thumb Code   168  task_init.o(i.vTaskLED0)
    i.vTaskLED6                              0x08003974   Section        0  task_init.o(i.vTaskLED6)
    vTaskLED6                                0x08003975   Thumb Code    10  task_init.o(i.vTaskLED6)
    i.vTaskMissedYield                       0x08003980   Section        0  tasks.o(i.vTaskMissedYield)
    i.vTaskPlaceOnEventList                  0x0800398c   Section        0  tasks.o(i.vTaskPlaceOnEventList)
    i.vTaskPlaceOnEventListRestricted        0x080039c4   Section        0  tasks.o(i.vTaskPlaceOnEventListRestricted)
    i.vTaskStart                             0x08003a04   Section        0  task_init.o(i.vTaskStart)
    i.vTaskStartScheduler                    0x08003a64   Section        0  tasks.o(i.vTaskStartScheduler)
    i.vTaskSuspendAll                        0x08003af8   Section        0  tasks.o(i.vTaskSuspendAll)
    i.vTaskSwitchContext                     0x08003b08   Section        0  tasks.o(i.vTaskSwitchContext)
    i.vTaskUsart1Receive                     0x08003b94   Section        0  task_usart.o(i.vTaskUsart1Receive)
    vTaskUsart1Receive                       0x08003b95   Thumb Code    40  task_usart.o(i.vTaskUsart1Receive)
    i.vTaskUsart2Receive                     0x08003bc8   Section        0  task_usart.o(i.vTaskUsart2Receive)
    vTaskUsart2Receive                       0x08003bc9   Thumb Code    26  task_usart.o(i.vTaskUsart2Receive)
    i.vTaskUsart3Receive                     0x08003be8   Section        0  task_usart.o(i.vTaskUsart3Receive)
    vTaskUsart3Receive                       0x08003be9   Thumb Code    20  task_usart.o(i.vTaskUsart3Receive)
    i.vTaskUsartSend                         0x08003c00   Section        0  task_usart.o(i.vTaskUsartSend)
    vTaskUsartSend                           0x08003c01   Thumb Code    90  task_usart.o(i.vTaskUsartSend)
    i.xPortStartScheduler                    0x08003c68   Section        0  port.o(i.xPortStartScheduler)
    i.xQueueGenericCreate                    0x08003dd0   Section        0  queue.o(i.xQueueGenericCreate)
    i.xQueueGenericReset                     0x08003e28   Section        0  queue.o(i.xQueueGenericReset)
    i.xQueueGenericSend                      0x08003ec0   Section        0  queue.o(i.xQueueGenericSend)
    i.xQueueGenericSendFromISR               0x08004068   Section        0  queue.o(i.xQueueGenericSendFromISR)
    i.xQueueReceive                          0x08004160   Section        0  queue.o(i.xQueueReceive)
    i.xTaskCheckForTimeOut                   0x080042c8   Section        0  tasks.o(i.xTaskCheckForTimeOut)
    i.xTaskCreate                            0x08004354   Section        0  tasks.o(i.xTaskCreate)
    i.xTaskGetSchedulerState                 0x080043b4   Section        0  tasks.o(i.xTaskGetSchedulerState)
    i.xTaskGetTickCount                      0x080043d4   Section        0  tasks.o(i.xTaskGetTickCount)
    i.xTaskIncrementTick                     0x080043e0   Section        0  tasks.o(i.xTaskIncrementTick)
    i.xTaskPriorityDisinherit                0x08004528   Section        0  tasks.o(i.xTaskPriorityDisinherit)
    i.xTaskRemoveFromEventList               0x080045f0   Section        0  tasks.o(i.xTaskRemoveFromEventList)
    i.xTaskResumeAll                         0x08004688   Section        0  tasks.o(i.xTaskResumeAll)
    i.xTimerCreateTimerTask                  0x0800478c   Section        0  timers.o(i.xTimerCreateTimerTask)
    i.xTimerGenericCommand                   0x080047e4   Section        0  timers.o(i.xTimerGenericCommand)
    .constdata                               0x08004868   Section      512  servo.o(.constdata)
    .data                                    0x20000000   Section       12  task_init.o(.data)
    TaskLED0Handler                          0x20000004   Data           4  task_init.o(.data)
    TaskLED6Handler                          0x20000008   Data           4  task_init.o(.data)
    .data                                    0x2000000c   Section       12  task_ctrl.o(.data)
    xHandleCtrlChassis                       0x2000000c   Data           4  task_ctrl.o(.data)
    xHandleCtrlGimbal                        0x20000010   Data           4  task_ctrl.o(.data)
    xHandleCtrlJoint                         0x20000014   Data           4  task_ctrl.o(.data)
    .data                                    0x20000018   Section       32  task_usart.o(.data)
    xHandleUsart1Receive                     0x20000018   Data           4  task_usart.o(.data)
    xHandleUsart2Receive                     0x2000001c   Data           4  task_usart.o(.data)
    xHandleUsart3Receive                     0x20000020   Data           4  task_usart.o(.data)
    xHandleUsartsend                         0x20000024   Data           4  task_usart.o(.data)
    .data                                    0x20000038   Section       24  task_can.o(.data)
    xHandleCan1Receive                       0x20000044   Data           4  task_can.o(.data)
    xHandleCan2Receive                       0x20000048   Data           4  task_can.o(.data)
    xHandleCanSend                           0x2000004c   Data           4  task_can.o(.data)
    .data                                    0x20000050   Section        2  motor.o(.data)
    targetAngle                              0x20000050   Data           2  motor.o(.data)
    .data                                    0x20000054   Section       60  tasks.o(.data)
    pxDelayedTaskList                        0x20000058   Data           4  tasks.o(.data)
    pxOverflowDelayedTaskList                0x2000005c   Data           4  tasks.o(.data)
    uxDeletedTasksWaitingCleanUp             0x20000060   Data           4  tasks.o(.data)
    uxCurrentNumberOfTasks                   0x20000064   Data           4  tasks.o(.data)
    xTickCount                               0x20000068   Data           4  tasks.o(.data)
    uxTopReadyPriority                       0x2000006c   Data           4  tasks.o(.data)
    xSchedulerRunning                        0x20000070   Data           4  tasks.o(.data)
    uxPendedTicks                            0x20000074   Data           4  tasks.o(.data)
    xYieldPending                            0x20000078   Data           4  tasks.o(.data)
    xNumOfOverflows                          0x2000007c   Data           4  tasks.o(.data)
    uxTaskNumber                             0x20000080   Data           4  tasks.o(.data)
    xNextTaskUnblockTime                     0x20000084   Data           4  tasks.o(.data)
    xIdleTaskHandle                          0x20000088   Data           4  tasks.o(.data)
    uxSchedulerSuspended                     0x2000008c   Data           4  tasks.o(.data)
    .data                                    0x20000090   Section       20  timers.o(.data)
    pxCurrentTimerList                       0x20000090   Data           4  timers.o(.data)
    pxOverflowTimerList                      0x20000094   Data           4  timers.o(.data)
    xTimerQueue                              0x20000098   Data           4  timers.o(.data)
    xTimerTaskHandle                         0x2000009c   Data           4  timers.o(.data)
    xLastTime                                0x200000a0   Data           4  timers.o(.data)
    .data                                    0x200000a4   Section       24  heap_4.o(.data)
    xStart                                   0x200000a4   Data           8  heap_4.o(.data)
    pxEnd                                    0x200000ac   Data           4  heap_4.o(.data)
    xFreeBytesRemaining                      0x200000b0   Data           4  heap_4.o(.data)
    xMinimumEverFreeBytesRemaining           0x200000b4   Data           4  heap_4.o(.data)
    xBlockAllocatedBit                       0x200000b8   Data           4  heap_4.o(.data)
    .data                                    0x200000bc   Section       12  port.o(.data)
    uxCriticalNesting                        0x200000bc   Data           4  port.o(.data)
    ucMaxSysCallPriority                     0x200000c0   Data           1  port.o(.data)
    ulMaxPRIGROUPValue                       0x200000c4   Data           4  port.o(.data)
    .data                                    0x200000c8   Section       16  stm32f4xx_rcc.o(.data)
    APBAHBPrescTable                         0x200000c8   Data          16  stm32f4xx_rcc.o(.data)
    .data                                    0x200000d8   Section       20  system_stm32f4xx.o(.data)
    .bss                                     0x200000ec   Section       28  dr16.o(.bss)
    .bss                                     0x20000108   Section     1260  motor.o(.bss)
    canSendData                              0x200005ac   Data          24  motor.o(.bss)
    canSendData                              0x200005c4   Data          24  motor.o(.bss)
    canSendData                              0x200005dc   Data          24  motor.o(.bss)
    .bss                                     0x200005f4   Section       24  encoder.o(.bss)
    .bss                                     0x2000060c   Section       72  bsp_usart.o(.bss)
    .bss                                     0x20000654   Section       64  queue.o(.bss)
    .bss                                     0x20000694   Section      200  tasks.o(.bss)
    pxReadyTasksLists                        0x20000694   Data         100  tasks.o(.bss)
    xDelayedTaskList1                        0x200006f8   Data          20  tasks.o(.bss)
    xDelayedTaskList2                        0x2000070c   Data          20  tasks.o(.bss)
    xPendingReadyList                        0x20000720   Data          20  tasks.o(.bss)
    xTasksWaitingTermination                 0x20000734   Data          20  tasks.o(.bss)
    xSuspendedTaskList                       0x20000748   Data          20  tasks.o(.bss)
    .bss                                     0x2000075c   Section       40  timers.o(.bss)
    xActiveTimerList1                        0x2000075c   Data          20  timers.o(.bss)
    xActiveTimerList2                        0x20000770   Data          20  timers.o(.bss)
    .bss                                     0x20000784   Section    76800  heap_4.o(.bss)
    ucHeap                                   0x20000784   Data       76800  heap_4.o(.bss)
    STACK                                    0x20013388   Section     1024  startup_stm32f427_437xx.o(STACK)

    Global Symbols

    Symbol Name                              Value     Ov Type        Size  Object(Section)

    BuildAttributes$$THM_ISAv4$E$P$D$K$B$S$7EM$VFPi3$EXTD16$VFPS$VFMA$PE$A:L22UL41UL21$X:L11$S22US41US21$IEEE1$IW$USESV6$~STKCKD$USESV7$~SHL$OTIME$ROPI$IEEEX$EBA8$MICROLIB$REQ8$PRES8$EABIv2 0x00000000   Number         0  anon$$obj.o ABSOLUTE
    __ARM_use_no_argv                        0x00000000   Number         0  main.o ABSOLUTE
    __use_no_errno                           0x00000000   Number         0  useno.o ABSOLUTE
    __use_no_exception_handling              0x00000000   Number         0  useno.o ABSOLUTE
    __use_no_fp                              0x00000000   Number         0  useno.o ABSOLUTE
    __use_no_heap                            0x00000000   Number         0  useno.o ABSOLUTE
    __use_no_heap_region                     0x00000000   Number         0  useno.o ABSOLUTE
    __use_no_semihosting                     0x00000000   Number         0  useno.o ABSOLUTE
    __use_no_semihosting_swi                 0x00000000   Number         0  useno.o ABSOLUTE
    __use_no_signal_handling                 0x00000000   Number         0  useno.o ABSOLUTE
    __cpp_initialize__aeabi_                  - Undefined Weak Reference
    __cxa_finalize                            - Undefined Weak Reference
    __decompress                              - Undefined Weak Reference
    _clock_init                               - Undefined Weak Reference
    _microlib_exit                            - Undefined Weak Reference
    __Vectors_Size                           0x000001ac   Number         0  startup_stm32f427_437xx.o ABSOLUTE
    __Vectors                                0x08000000   Data           4  startup_stm32f427_437xx.o(RESET)
    __Vectors_End                            0x080001ac   Data           0  startup_stm32f427_437xx.o(RESET)
    __main                                   0x080001ad   Thumb Code     0  entry.o(.ARM.Collect$$$$00000000)
    _main_stk                                0x080001ad   Thumb Code     0  entry2.o(.ARM.Collect$$$$00000001)
    _main_scatterload                        0x080001b1   Thumb Code     0  entry5.o(.ARM.Collect$$$$00000004)
    __main_after_scatterload                 0x080001b5   Thumb Code     0  entry5.o(.ARM.Collect$$$$00000004)
    _main_clock                              0x080001b5   Thumb Code     0  entry7b.o(.ARM.Collect$$$$00000008)
    _main_cpp_init                           0x080001b5   Thumb Code     0  entry8b.o(.ARM.Collect$$$$0000000A)
    _main_init                               0x080001b5   Thumb Code     0  entry9a.o(.ARM.Collect$$$$0000000B)
    __rt_final_cpp                           0x080001bd   Thumb Code     0  entry10a.o(.ARM.Collect$$$$0000000D)
    __rt_final_exit                          0x080001bd   Thumb Code     0  entry11a.o(.ARM.Collect$$$$0000000F)
    SVC_Handler                              0x080001c1   Thumb Code    28  port.o(.emb_text)
    __asm___6_port_c_39a90d8d__prvStartFirstTask 0x080001e1   Thumb Code    36  port.o(.emb_text)
    __asm___6_port_c_39a90d8d__prvEnableVFP  0x08000209   Thumb Code    16  port.o(.emb_text)
    PendSV_Handler                           0x0800021d   Thumb Code    88  port.o(.emb_text)
    vPortGetIPSR                             0x08000279   Thumb Code     6  port.o(.emb_text)
    Reset_Handler                            0x08000281   Thumb Code     8  startup_stm32f427_437xx.o(.text)
    ADC_IRQHandler                           0x0800029b   Thumb Code     0  startup_stm32f427_437xx.o(.text)
    CAN1_RX1_IRQHandler                      0x0800029b   Thumb Code     0  startup_stm32f427_437xx.o(.text)
    CAN1_SCE_IRQHandler                      0x0800029b   Thumb Code     0  startup_stm32f427_437xx.o(.text)
    CAN1_TX_IRQHandler                       0x0800029b   Thumb Code     0  startup_stm32f427_437xx.o(.text)
    CAN2_RX1_IRQHandler                      0x0800029b   Thumb Code     0  startup_stm32f427_437xx.o(.text)
    CAN2_SCE_IRQHandler                      0x0800029b   Thumb Code     0  startup_stm32f427_437xx.o(.text)
    CAN2_TX_IRQHandler                       0x0800029b   Thumb Code     0  startup_stm32f427_437xx.o(.text)
    CRYP_IRQHandler                          0x0800029b   Thumb Code     0  startup_stm32f427_437xx.o(.text)
    DCMI_IRQHandler                          0x0800029b   Thumb Code     0  startup_stm32f427_437xx.o(.text)
    DMA1_Stream0_IRQHandler                  0x0800029b   Thumb Code     0  startup_stm32f427_437xx.o(.text)
    DMA1_Stream1_IRQHandler                  0x0800029b   Thumb Code     0  startup_stm32f427_437xx.o(.text)
    DMA1_Stream2_IRQHandler                  0x0800029b   Thumb Code     0  startup_stm32f427_437xx.o(.text)
    DMA1_Stream3_IRQHandler                  0x0800029b   Thumb Code     0  startup_stm32f427_437xx.o(.text)
    DMA1_Stream4_IRQHandler                  0x0800029b   Thumb Code     0  startup_stm32f427_437xx.o(.text)
    DMA1_Stream5_IRQHandler                  0x0800029b   Thumb Code     0  startup_stm32f427_437xx.o(.text)
    DMA1_Stream6_IRQHandler                  0x0800029b   Thumb Code     0  startup_stm32f427_437xx.o(.text)
    DMA1_Stream7_IRQHandler                  0x0800029b   Thumb Code     0  startup_stm32f427_437xx.o(.text)
    DMA2D_IRQHandler                         0x0800029b   Thumb Code     0  startup_stm32f427_437xx.o(.text)
    DMA2_Stream0_IRQHandler                  0x0800029b   Thumb Code     0  startup_stm32f427_437xx.o(.text)
    DMA2_Stream1_IRQHandler                  0x0800029b   Thumb Code     0  startup_stm32f427_437xx.o(.text)
    DMA2_Stream2_IRQHandler                  0x0800029b   Thumb Code     0  startup_stm32f427_437xx.o(.text)
    DMA2_Stream3_IRQHandler                  0x0800029b   Thumb Code     0  startup_stm32f427_437xx.o(.text)
    DMA2_Stream4_IRQHandler                  0x0800029b   Thumb Code     0  startup_stm32f427_437xx.o(.text)
    DMA2_Stream5_IRQHandler                  0x0800029b   Thumb Code     0  startup_stm32f427_437xx.o(.text)
    DMA2_Stream6_IRQHandler                  0x0800029b   Thumb Code     0  startup_stm32f427_437xx.o(.text)
    DMA2_Stream7_IRQHandler                  0x0800029b   Thumb Code     0  startup_stm32f427_437xx.o(.text)
    ETH_IRQHandler                           0x0800029b   Thumb Code     0  startup_stm32f427_437xx.o(.text)
    ETH_WKUP_IRQHandler                      0x0800029b   Thumb Code     0  startup_stm32f427_437xx.o(.text)
    EXTI0_IRQHandler                         0x0800029b   Thumb Code     0  startup_stm32f427_437xx.o(.text)
    EXTI15_10_IRQHandler                     0x0800029b   Thumb Code     0  startup_stm32f427_437xx.o(.text)
    EXTI1_IRQHandler                         0x0800029b   Thumb Code     0  startup_stm32f427_437xx.o(.text)
    EXTI2_IRQHandler                         0x0800029b   Thumb Code     0  startup_stm32f427_437xx.o(.text)
    EXTI3_IRQHandler                         0x0800029b   Thumb Code     0  startup_stm32f427_437xx.o(.text)
    EXTI4_IRQHandler                         0x0800029b   Thumb Code     0  startup_stm32f427_437xx.o(.text)
    EXTI9_5_IRQHandler                       0x0800029b   Thumb Code     0  startup_stm32f427_437xx.o(.text)
    FLASH_IRQHandler                         0x0800029b   Thumb Code     0  startup_stm32f427_437xx.o(.text)
    FMC_IRQHandler                           0x0800029b   Thumb Code     0  startup_stm32f427_437xx.o(.text)
    FPU_IRQHandler                           0x0800029b   Thumb Code     0  startup_stm32f427_437xx.o(.text)
    HASH_RNG_IRQHandler                      0x0800029b   Thumb Code     0  startup_stm32f427_437xx.o(.text)
    I2C1_ER_IRQHandler                       0x0800029b   Thumb Code     0  startup_stm32f427_437xx.o(.text)
    I2C1_EV_IRQHandler                       0x0800029b   Thumb Code     0  startup_stm32f427_437xx.o(.text)
    I2C2_ER_IRQHandler                       0x0800029b   Thumb Code     0  startup_stm32f427_437xx.o(.text)
    I2C2_EV_IRQHandler                       0x0800029b   Thumb Code     0  startup_stm32f427_437xx.o(.text)
    I2C3_ER_IRQHandler                       0x0800029b   Thumb Code     0  startup_stm32f427_437xx.o(.text)
    I2C3_EV_IRQHandler                       0x0800029b   Thumb Code     0  startup_stm32f427_437xx.o(.text)
    OTG_FS_IRQHandler                        0x0800029b   Thumb Code     0  startup_stm32f427_437xx.o(.text)
    OTG_FS_WKUP_IRQHandler                   0x0800029b   Thumb Code     0  startup_stm32f427_437xx.o(.text)
    OTG_HS_EP1_IN_IRQHandler                 0x0800029b   Thumb Code     0  startup_stm32f427_437xx.o(.text)
    OTG_HS_EP1_OUT_IRQHandler                0x0800029b   Thumb Code     0  startup_stm32f427_437xx.o(.text)
    OTG_HS_IRQHandler                        0x0800029b   Thumb Code     0  startup_stm32f427_437xx.o(.text)
    OTG_HS_WKUP_IRQHandler                   0x0800029b   Thumb Code     0  startup_stm32f427_437xx.o(.text)
    PVD_IRQHandler                           0x0800029b   Thumb Code     0  startup_stm32f427_437xx.o(.text)
    RCC_IRQHandler                           0x0800029b   Thumb Code     0  startup_stm32f427_437xx.o(.text)
    RTC_Alarm_IRQHandler                     0x0800029b   Thumb Code     0  startup_stm32f427_437xx.o(.text)
    RTC_WKUP_IRQHandler                      0x0800029b   Thumb Code     0  startup_stm32f427_437xx.o(.text)
    SAI1_IRQHandler                          0x0800029b   Thumb Code     0  startup_stm32f427_437xx.o(.text)
    SDIO_IRQHandler                          0x0800029b   Thumb Code     0  startup_stm32f427_437xx.o(.text)
    SPI1_IRQHandler                          0x0800029b   Thumb Code     0  startup_stm32f427_437xx.o(.text)
    SPI2_IRQHandler                          0x0800029b   Thumb Code     0  startup_stm32f427_437xx.o(.text)
    SPI3_IRQHandler                          0x0800029b   Thumb Code     0  startup_stm32f427_437xx.o(.text)
    SPI4_IRQHandler                          0x0800029b   Thumb Code     0  startup_stm32f427_437xx.o(.text)
    SPI5_IRQHandler                          0x0800029b   Thumb Code     0  startup_stm32f427_437xx.o(.text)
    SPI6_IRQHandler                          0x0800029b   Thumb Code     0  startup_stm32f427_437xx.o(.text)
    TAMP_STAMP_IRQHandler                    0x0800029b   Thumb Code     0  startup_stm32f427_437xx.o(.text)
    TIM1_BRK_TIM9_IRQHandler                 0x0800029b   Thumb Code     0  startup_stm32f427_437xx.o(.text)
    TIM1_CC_IRQHandler                       0x0800029b   Thumb Code     0  startup_stm32f427_437xx.o(.text)
    TIM1_TRG_COM_TIM11_IRQHandler            0x0800029b   Thumb Code     0  startup_stm32f427_437xx.o(.text)
    TIM1_UP_TIM10_IRQHandler                 0x0800029b   Thumb Code     0  startup_stm32f427_437xx.o(.text)
    TIM2_IRQHandler                          0x0800029b   Thumb Code     0  startup_stm32f427_437xx.o(.text)
    TIM3_IRQHandler                          0x0800029b   Thumb Code     0  startup_stm32f427_437xx.o(.text)
    TIM4_IRQHandler                          0x0800029b   Thumb Code     0  startup_stm32f427_437xx.o(.text)
    TIM5_IRQHandler                          0x0800029b   Thumb Code     0  startup_stm32f427_437xx.o(.text)
    TIM6_DAC_IRQHandler                      0x0800029b   Thumb Code     0  startup_stm32f427_437xx.o(.text)
    TIM7_IRQHandler                          0x0800029b   Thumb Code     0  startup_stm32f427_437xx.o(.text)
    TIM8_BRK_TIM12_IRQHandler                0x0800029b   Thumb Code     0  startup_stm32f427_437xx.o(.text)
    TIM8_CC_IRQHandler                       0x0800029b   Thumb Code     0  startup_stm32f427_437xx.o(.text)
    TIM8_TRG_COM_TIM14_IRQHandler            0x0800029b   Thumb Code     0  startup_stm32f427_437xx.o(.text)
    TIM8_UP_TIM13_IRQHandler                 0x0800029b   Thumb Code     0  startup_stm32f427_437xx.o(.text)
    UART4_IRQHandler                         0x0800029b   Thumb Code     0  startup_stm32f427_437xx.o(.text)
    UART5_IRQHandler                         0x0800029b   Thumb Code     0  startup_stm32f427_437xx.o(.text)
    UART7_IRQHandler                         0x0800029b   Thumb Code     0  startup_stm32f427_437xx.o(.text)
    UART8_IRQHandler                         0x0800029b   Thumb Code     0  startup_stm32f427_437xx.o(.text)
    USART6_IRQHandler                        0x0800029b   Thumb Code     0  startup_stm32f427_437xx.o(.text)
    WWDG_IRQHandler                          0x0800029b   Thumb Code     0  startup_stm32f427_437xx.o(.text)
    __aeabi_memcpy                           0x080002a5   Thumb Code    36  memcpya.o(.text)
    __aeabi_memcpy4                          0x080002a5   Thumb Code     0  memcpya.o(.text)
    __aeabi_memcpy8                          0x080002a5   Thumb Code     0  memcpya.o(.text)
    __aeabi_memset                           0x080002c9   Thumb Code    14  memseta.o(.text)
    __aeabi_memset4                          0x080002c9   Thumb Code     0  memseta.o(.text)
    __aeabi_memset8                          0x080002c9   Thumb Code     0  memseta.o(.text)
    __aeabi_memclr                           0x080002d7   Thumb Code     4  memseta.o(.text)
    __aeabi_memclr4                          0x080002d7   Thumb Code     0  memseta.o(.text)
    __aeabi_memclr8                          0x080002d7   Thumb Code     0  memseta.o(.text)
    memset                                   0x080002db   Thumb Code    18  memseta.o(.text)
    __scatterload                            0x080002ed   Thumb Code    28  init.o(.text)
    __scatterload_rt2                        0x080002ed   Thumb Code     0  init.o(.text)
    BSP_CAN1_GPIOInit                        0x08000311   Thumb Code    74  bsp_gpio.o(i.BSP_CAN1_GPIOInit)
    BSP_CAN1_Init                            0x08000361   Thumb Code   144  bsp_can.o(i.BSP_CAN1_Init)
    BSP_I2C2_GPIOInit                        0x080003f5   Thumb Code    40  bsp_gpio.o(i.BSP_I2C2_GPIOInit)
    BSP_I2C2_Init                            0x08000421   Thumb Code    94  bsp_i2c.o(i.BSP_I2C2_Init)
    BSP_KEY_GPIOInit                         0x08000489   Thumb Code    42  bsp_gpio.o(i.BSP_KEY_GPIOInit)
    BSP_LED_GPIOInit                         0x080004b9   Thumb Code    78  bsp_gpio.o(i.BSP_LED_GPIOInit)
    BSP_NVIC_Init                            0x08000511   Thumb Code   302  bsp_nvic.o(i.BSP_NVIC_Init)
    BSP_USART1_GPIOInit                      0x0800065d   Thumb Code    78  bsp_gpio.o(i.BSP_USART1_GPIOInit)
    BSP_USART1_Init                          0x080006b1   Thumb Code    92  bsp_usart.o(i.BSP_USART1_Init)
    BSP_USART2_GPIOInit                      0x08000715   Thumb Code    78  bsp_gpio.o(i.BSP_USART2_GPIOInit)
    BSP_USART2_Init                          0x08000769   Thumb Code    92  bsp_usart.o(i.BSP_USART2_Init)
    BusFault_Handler                         0x080007cd   Thumb Code     4  stm32f4xx_it.o(i.BusFault_Handler)
    CAN1_RX0_IRQHandler                      0x080007d1   Thumb Code    74  stm32f4xx_it.o(i.CAN1_RX0_IRQHandler)
    CAN2_RX0_IRQHandler                      0x08000829   Thumb Code    74  stm32f4xx_it.o(i.CAN2_RX0_IRQHandler)
    CAN_ClearITPendingBit                    0x08000881   Thumb Code   162  stm32f4xx_can.o(i.CAN_ClearITPendingBit)
    CAN_FilterInit                           0x08000929   Thumb Code   258  stm32f4xx_can.o(i.CAN_FilterInit)
    CAN_GetITStatus                          0x08000a31   Thumb Code   284  stm32f4xx_can.o(i.CAN_GetITStatus)
    CAN_ITConfig                             0x08000b51   Thumb Code    18  stm32f4xx_can.o(i.CAN_ITConfig)
    CAN_Init                                 0x08000b63   Thumb Code   276  stm32f4xx_can.o(i.CAN_Init)
    CAN_Receive                              0x08000c77   Thumb Code   240  stm32f4xx_can.o(i.CAN_Receive)
    CAN_Transmit                             0x08000d67   Thumb Code   294  stm32f4xx_can.o(i.CAN_Transmit)
    CanTaskCreate                            0x08000e8d   Thumb Code   106  task_can.o(i.CanTaskCreate)
    ControlTaskCreate                        0x08000f69   Thumb Code    64  task_ctrl.o(i.ControlTaskCreate)
    DMA_Cmd                                  0x08000ff5   Thumb Code    22  stm32f4xx_dma.o(i.DMA_Cmd)
    DMA_DeInit                               0x0800100d   Thumb Code   324  stm32f4xx_dma.o(i.DMA_DeInit)
    DMA_GetCmdStatus                         0x08001165   Thumb Code    20  stm32f4xx_dma.o(i.DMA_GetCmdStatus)
    DMA_GetCurrDataCounter                   0x08001179   Thumb Code     8  stm32f4xx_dma.o(i.DMA_GetCurrDataCounter)
    DMA_Init                                 0x08001181   Thumb Code    82  stm32f4xx_dma.o(i.DMA_Init)
    DR16_Init                                0x080011d9   Thumb Code    40  dr16.o(i.DR16_Init)
    DebugMon_Handler                         0x080012d9   Thumb Code     2  stm32f4xx_it.o(i.DebugMon_Handler)
    Dynamixel_setMassage                     0x080012dd   Thumb Code   132  servo.o(i.Dynamixel_setMassage)
    GPIO_Init                                0x08001365   Thumb Code   144  stm32f4xx_gpio.o(i.GPIO_Init)
    GPIO_PinAFConfig                         0x080013f5   Thumb Code    70  stm32f4xx_gpio.o(i.GPIO_PinAFConfig)
    GPIO_WriteBit                            0x0800143b   Thumb Code    10  stm32f4xx_gpio.o(i.GPIO_WriteBit)
    HardFault_Handler                        0x08001445   Thumb Code     4  stm32f4xx_it.o(i.HardFault_Handler)
    I2C_Cmd                                  0x08001449   Thumb Code    24  stm32f4xx_i2c.o(i.I2C_Cmd)
    I2C_DeInit                               0x08001461   Thumb Code    82  stm32f4xx_i2c.o(i.I2C_DeInit)
    I2C_Init                                 0x080014c1   Thumb Code   218  stm32f4xx_i2c.o(i.I2C_Init)
    KEY_Init                                 0x080015a9   Thumb Code     8  key.o(i.KEY_Init)
    LED_Init                                 0x08001605   Thumb Code    30  led.o(i.LED_Init)
    MemManage_Handler                        0x08001a1d   Thumb Code     4  stm32f4xx_it.o(i.MemManage_Handler)
    MotorParamInit                           0x08001a21   Thumb Code   122  motor.o(i.MotorParamInit)
    NMI_Handler                              0x08001acd   Thumb Code     2  stm32f4xx_it.o(i.NMI_Handler)
    NVIC_Init                                0x08001ad1   Thumb Code   106  misc.o(i.NVIC_Init)
    NVIC_PriorityGroupConfig                 0x08001b49   Thumb Code    10  misc.o(i.NVIC_PriorityGroupConfig)
    PID_Calc                                 0x08001b5d   Thumb Code   528  pid.o(i.PID_Calc)
    PID_StructInit                           0x08001d71   Thumb Code    70  pid.o(i.PID_StructInit)
    Posture_getMessage                       0x08001dc1   Thumb Code    40  encoder.o(i.Posture_getMessage)
    RCC_AHB1PeriphClockCmd                   0x08001ded   Thumb Code    26  stm32f4xx_rcc.o(i.RCC_AHB1PeriphClockCmd)
    RCC_APB1PeriphClockCmd                   0x08001e0d   Thumb Code    26  stm32f4xx_rcc.o(i.RCC_APB1PeriphClockCmd)
    RCC_APB1PeriphResetCmd                   0x08001e2d   Thumb Code    26  stm32f4xx_rcc.o(i.RCC_APB1PeriphResetCmd)
    RCC_APB2PeriphClockCmd                   0x08001e4d   Thumb Code    26  stm32f4xx_rcc.o(i.RCC_APB2PeriphClockCmd)
    RCC_GetClocksFreq                        0x08001e6d   Thumb Code   214  stm32f4xx_rcc.o(i.RCC_GetClocksFreq)
    SysTick_Handler                          0x08002075   Thumb Code    46  port.o(i.SysTick_Handler)
    SystemInit                               0x080020a9   Thumb Code    88  system_stm32f4xx.o(i.SystemInit)
    Thigh_M6020Ctrl                          0x08002111   Thumb Code   126  joint.o(i.Thigh_M6020Ctrl)
    USART1_IRQHandler                        0x0800219d   Thumb Code    88  stm32f4xx_it.o(i.USART1_IRQHandler)
    USART1_RXDMA_Config                      0x08002209   Thumb Code   130  bsp_dma.o(i.USART1_RXDMA_Config)
    USART2_IRQHandler                        0x08002295   Thumb Code    90  stm32f4xx_it.o(i.USART2_IRQHandler)
    USART2_RXDMA_Config                      0x08002305   Thumb Code   130  bsp_dma.o(i.USART2_RXDMA_Config)
    USART3_IRQHandler                        0x08002391   Thumb Code    92  stm32f4xx_it.o(i.USART3_IRQHandler)
    USART_Cmd                                0x08002405   Thumb Code    24  stm32f4xx_usart.o(i.USART_Cmd)
    USART_DMACmd                             0x0800241d   Thumb Code    18  stm32f4xx_usart.o(i.USART_DMACmd)
    USART_GetFlagStatus                      0x0800242f   Thumb Code    26  stm32f4xx_usart.o(i.USART_GetFlagStatus)
    USART_GetITStatus                        0x08002449   Thumb Code    84  stm32f4xx_usart.o(i.USART_GetITStatus)
    USART_ITConfig                           0x0800249d   Thumb Code    74  stm32f4xx_usart.o(i.USART_ITConfig)
    USART_Init                               0x080024e9   Thumb Code   204  stm32f4xx_usart.o(i.USART_Init)
    USART_SendData                           0x080025bd   Thumb Code     8  stm32f4xx_usart.o(i.USART_SendData)
    USART_sendChar                           0x080025c5   Thumb Code    30  bsp_usart.o(i.USART_sendChar)
    UsageFault_Handler                       0x080025e3   Thumb Code     4  stm32f4xx_it.o(i.UsageFault_Handler)
    UsartTaskCreate                          0x080025e9   Thumb Code   140  task_usart.o(i.UsartTaskCreate)
    __scatterload_copy                       0x080026f1   Thumb Code    14  handlers.o(i.__scatterload_copy)
    __scatterload_null                       0x080026ff   Thumb Code     2  handlers.o(i.__scatterload_null)
    __scatterload_zeroinit                   0x08002701   Thumb Code    14  handlers.o(i.__scatterload_zeroinit)
    absLimit                                 0x0800270f   Thumb Code    46  pid.o(i.absLimit)
    main                                     0x0800273d   Thumb Code    30  main.o(i.main)
    pvPortMalloc                             0x080030f9   Thumb Code   296  heap_4.o(i.pvPortMalloc)
    pxPortInitialiseStack                    0x08003235   Thumb Code    38  port.o(i.pxPortInitialiseStack)
    update_crc                               0x08003261   Thumb Code    74  servo.o(i.update_crc)
    uxListRemove                             0x080032b1   Thumb Code    40  list.o(i.uxListRemove)
    vListInitialise                          0x080032d9   Thumb Code    26  list.o(i.vListInitialise)
    vListInitialiseItem                      0x080032f3   Thumb Code     6  list.o(i.vListInitialiseItem)
    vListInsert                              0x080032f9   Thumb Code    52  list.o(i.vListInsert)
    vListInsertEnd                           0x0800332d   Thumb Code    24  list.o(i.vListInsertEnd)
    vPortEnterCritical                       0x08003345   Thumb Code    76  port.o(i.vPortEnterCritical)
    vPortExitCritical                        0x08003399   Thumb Code    56  port.o(i.vPortExitCritical)
    vPortFree                                0x080033d5   Thumb Code   140  heap_4.o(i.vPortFree)
    vPortSetupTimerInterrupt                 0x08003469   Thumb Code    36  port.o(i.vPortSetupTimerInterrupt)
    vPortValidateInterruptPriority           0x08003491   Thumb Code   106  port.o(i.vPortValidateInterruptPriority)
    vQueueAddToRegistry                      0x08003509   Thumb Code    38  queue.o(i.vQueueAddToRegistry)
    vQueueWaitForMessageRestricted           0x08003535   Thumb Code    74  queue.o(i.vQueueWaitForMessageRestricted)
    vTaskDelay                               0x08003689   Thumb Code    82  tasks.o(i.vTaskDelay)
    vTaskDelayUntil                          0x080036e5   Thumb Code   200  tasks.o(i.vTaskDelayUntil)
    vTaskDelete                              0x080037b9   Thumb Code   202  tasks.o(i.vTaskDelete)
    vTaskInternalSetTimeOutState             0x080038ad   Thumb Code    14  tasks.o(i.vTaskInternalSetTimeOutState)
    vTaskMissedYield                         0x08003981   Thumb Code     8  tasks.o(i.vTaskMissedYield)
    vTaskPlaceOnEventList                    0x0800398d   Thumb Code    52  tasks.o(i.vTaskPlaceOnEventList)
    vTaskPlaceOnEventListRestricted          0x080039c5   Thumb Code    60  tasks.o(i.vTaskPlaceOnEventListRestricted)
    vTaskStart                               0x08003a05   Thumb Code    88  task_init.o(i.vTaskStart)
    vTaskStartScheduler                      0x08003a65   Thumb Code   118  tasks.o(i.vTaskStartScheduler)
    vTaskSuspendAll                          0x08003af9   Thumb Code    12  tasks.o(i.vTaskSuspendAll)
    vTaskSwitchContext                       0x08003b09   Thumb Code   118  tasks.o(i.vTaskSwitchContext)
    xPortStartScheduler                      0x08003c69   Thumb Code   330  port.o(i.xPortStartScheduler)
    xQueueGenericCreate                      0x08003dd1   Thumb Code    88  queue.o(i.xQueueGenericCreate)
    xQueueGenericReset                       0x08003e29   Thumb Code   146  queue.o(i.xQueueGenericReset)
    xQueueGenericSend                        0x08003ec1   Thumb Code   420  queue.o(i.xQueueGenericSend)
    xQueueGenericSendFromISR                 0x08004069   Thumb Code   248  queue.o(i.xQueueGenericSendFromISR)
    xQueueReceive                            0x08004161   Thumb Code   356  queue.o(i.xQueueReceive)
    xTaskCheckForTimeOut                     0x080042c9   Thumb Code   132  tasks.o(i.xTaskCheckForTimeOut)
    xTaskCreate                              0x08004355   Thumb Code    96  tasks.o(i.xTaskCreate)
    xTaskGetSchedulerState                   0x080043b5   Thumb Code    24  tasks.o(i.xTaskGetSchedulerState)
    xTaskGetTickCount                        0x080043d5   Thumb Code     6  tasks.o(i.xTaskGetTickCount)
    xTaskIncrementTick                       0x080043e1   Thumb Code   282  tasks.o(i.xTaskIncrementTick)
    xTaskPriorityDisinherit                  0x08004529   Thumb Code   188  tasks.o(i.xTaskPriorityDisinherit)
    xTaskRemoveFromEventList                 0x080045f1   Thumb Code   128  tasks.o(i.xTaskRemoveFromEventList)
    xTaskResumeAll                           0x08004689   Thumb Code   224  tasks.o(i.xTaskResumeAll)
    xTimerCreateTimerTask                    0x0800478d   Thumb Code    66  timers.o(i.xTimerCreateTimerTask)
    xTimerGenericCommand                     0x080047e5   Thumb Code   126  timers.o(i.xTimerGenericCommand)
    Region$$Table$$Base                      0x08004a68   Number         0  anon$$obj.o(Region$$Table)
    Region$$Table$$Limit                     0x08004a88   Number         0  anon$$obj.o(Region$$Table)
    StartTaskHandler                         0x20000000   Data           4  task_init.o(.data)
    xUsart1RxQueue                           0x20000028   Data           4  task_usart.o(.data)
    xUsart2RxQueue                           0x2000002c   Data           4  task_usart.o(.data)
    xUsart3RxQueue                           0x20000030   Data           4  task_usart.o(.data)
    xusartTxQueue                            0x20000034   Data           4  task_usart.o(.data)
    xCanSendQueue                            0x20000038   Data           4  task_can.o(.data)
    xCan1RxQueue                             0x2000003c   Data           4  task_can.o(.data)
    xCan2RxQueue                             0x20000040   Data           4  task_can.o(.data)
    pxCurrentTCB                             0x20000054   Data           4  tasks.o(.data)
    SystemCoreClock                          0x200000d8   Data           4  system_stm32f4xx.o(.data)
    AHBPrescTable                            0x200000dc   Data          16  system_stm32f4xx.o(.data)
    DR16                                     0x200000ec   Data          28  dr16.o(.bss)
    Motor                                    0x20000108   Data        1188  motor.o(.bss)
    Posture                                  0x200005f4   Data          24  encoder.o(.bss)
    Usart1Buffer                             0x2000060c   Data          20  bsp_usart.o(.bss)
    Usart2Buffer                             0x20000620   Data          26  bsp_usart.o(.bss)
    Usart3Buffer                             0x2000063a   Data          26  bsp_usart.o(.bss)
    xQueueRegistry                           0x20000654   Data          64  queue.o(.bss)
    __initial_sp                             0x20013788   Data           0  startup_stm32f427_437xx.o(STACK)



==============================================================================

Memory Map of the image

  Image Entry point : 0x080001ad

  Load Region LR_IROM1 (Base: 0x08000000, Size: 0x00004b74, Max: 0x00200000, ABSOLUTE)

    Execution Region ER_IROM1 (Exec base: 0x08000000, Load base: 0x08000000, Size: 0x00004a88, Max: 0x00200000, ABSOLUTE)

    Exec Addr    Load Addr    Size         Type   Attr      Idx    E Section Name        Object

    0x08000000   0x08000000   0x000001ac   Data   RO         2713    RESET               startup_stm32f427_437xx.o
    0x080001ac   0x080001ac   0x00000000   Code   RO         7844  * .ARM.Collect$$$$00000000  mc_w.l(entry.o)
    0x080001ac   0x080001ac   0x00000004   Code   RO         7904    .ARM.Collect$$$$00000001  mc_w.l(entry2.o)
    0x080001b0   0x080001b0   0x00000004   Code   RO         7907    .ARM.Collect$$$$00000004  mc_w.l(entry5.o)
    0x080001b4   0x080001b4   0x00000000   Code   RO         7909    .ARM.Collect$$$$00000008  mc_w.l(entry7b.o)
    0x080001b4   0x080001b4   0x00000000   Code   RO         7911    .ARM.Collect$$$$0000000A  mc_w.l(entry8b.o)
    0x080001b4   0x080001b4   0x00000008   Code   RO         7912    .ARM.Collect$$$$0000000B  mc_w.l(entry9a.o)
    0x080001bc   0x080001bc   0x00000000   Code   RO         7914    .ARM.Collect$$$$0000000D  mc_w.l(entry10a.o)
    0x080001bc   0x080001bc   0x00000000   Code   RO         7916    .ARM.Collect$$$$0000000F  mc_w.l(entry11a.o)
    0x080001bc   0x080001bc   0x00000004   Code   RO         7905    .ARM.Collect$$$$00002712  mc_w.l(entry2.o)
    0x080001c0   0x080001c0   0x000000be   Code   RO         2634    .emb_text           port.o
    0x0800027e   0x0800027e   0x00000002   PAD
    0x08000280   0x08000280   0x00000024   Code   RO         2714    .text               startup_stm32f427_437xx.o
    0x080002a4   0x080002a4   0x00000024   Code   RO         7847    .text               mc_w.l(memcpya.o)
    0x080002c8   0x080002c8   0x00000024   Code   RO         7851    .text               mc_w.l(memseta.o)
    0x080002ec   0x080002ec   0x00000024   Code   RO         7950    .text               mc_w.l(init.o)
    0x08000310   0x08000310   0x00000050   Code   RO         1262    i.BSP_CAN1_GPIOInit  bsp_gpio.o
    0x08000360   0x08000360   0x00000094   Code   RO         1405    i.BSP_CAN1_Init     bsp_can.o
    0x080003f4   0x080003f4   0x0000002c   Code   RO         1264    i.BSP_I2C2_GPIOInit  bsp_gpio.o
    0x08000420   0x08000420   0x00000068   Code   RO         1549    i.BSP_I2C2_Init     bsp_i2c.o
    0x08000488   0x08000488   0x00000030   Code   RO         1265    i.BSP_KEY_GPIOInit  bsp_gpio.o
    0x080004b8   0x080004b8   0x00000058   Code   RO         1266    i.BSP_LED_GPIOInit  bsp_gpio.o
    0x08000510   0x08000510   0x0000014c   Code   RO         1435    i.BSP_NVIC_Init     bsp_nvic.o
    0x0800065c   0x0800065c   0x00000054   Code   RO         1269    i.BSP_USART1_GPIOInit  bsp_gpio.o
    0x080006b0   0x080006b0   0x00000064   Code   RO         1340    i.BSP_USART1_Init   bsp_usart.o
    0x08000714   0x08000714   0x00000054   Code   RO         1270    i.BSP_USART2_GPIOInit  bsp_gpio.o
    0x08000768   0x08000768   0x00000064   Code   RO         1341    i.BSP_USART2_Init   bsp_usart.o
    0x080007cc   0x080007cc   0x00000004   Code   RO          184    i.BusFault_Handler  stm32f4xx_it.o
    0x080007d0   0x080007d0   0x00000058   Code   RO          185    i.CAN1_RX0_IRQHandler  stm32f4xx_it.o
    0x08000828   0x08000828   0x00000058   Code   RO          186    i.CAN2_RX0_IRQHandler  stm32f4xx_it.o
    0x08000880   0x08000880   0x000000a8   Code   RO         3017    i.CAN_ClearITPendingBit  stm32f4xx_can.o
    0x08000928   0x08000928   0x00000108   Code   RO         3021    i.CAN_FilterInit    stm32f4xx_can.o
    0x08000a30   0x08000a30   0x00000120   Code   RO         3023    i.CAN_GetITStatus   stm32f4xx_can.o
    0x08000b50   0x08000b50   0x00000012   Code   RO         3027    i.CAN_ITConfig      stm32f4xx_can.o
    0x08000b62   0x08000b62   0x00000114   Code   RO         3028    i.CAN_Init          stm32f4xx_can.o
    0x08000c76   0x08000c76   0x000000f0   Code   RO         3031    i.CAN_Receive       stm32f4xx_can.o
    0x08000d66   0x08000d66   0x00000126   Code   RO         3036    i.CAN_Transmit      stm32f4xx_can.o
    0x08000e8c   0x08000e8c   0x000000c8   Code   RO          497    i.CanTaskCreate     task_can.o
    0x08000f54   0x08000f54   0x00000012   Code   RO         3039    i.CheckITStatus     stm32f4xx_can.o
    0x08000f66   0x08000f66   0x00000002   PAD
    0x08000f68   0x08000f68   0x0000008c   Code   RO          385    i.ControlTaskCreate  task_ctrl.o
    0x08000ff4   0x08000ff4   0x00000016   Code   RO         3535    i.DMA_Cmd           stm32f4xx_dma.o
    0x0800100a   0x0800100a   0x00000002   PAD
    0x0800100c   0x0800100c   0x00000158   Code   RO         3536    i.DMA_DeInit        stm32f4xx_dma.o
    0x08001164   0x08001164   0x00000014   Code   RO         3540    i.DMA_GetCmdStatus  stm32f4xx_dma.o
    0x08001178   0x08001178   0x00000008   Code   RO         3541    i.DMA_GetCurrDataCounter  stm32f4xx_dma.o
    0x08001180   0x08001180   0x00000058   Code   RO         3547    i.DMA_Init          stm32f4xx_dma.o
    0x080011d8   0x080011d8   0x00000030   Code   RO          858    i.DR16_Init         dr16.o
    0x08001208   0x08001208   0x000000d0   Code   RO          859    i.DR16_getMessage   dr16.o
    0x080012d8   0x080012d8   0x00000002   Code   RO          187    i.DebugMon_Handler  stm32f4xx_it.o
    0x080012da   0x080012da   0x00000002   PAD
    0x080012dc   0x080012dc   0x00000088   Code   RO         1065    i.Dynamixel_setMassage  servo.o
    0x08001364   0x08001364   0x00000090   Code   RO         4380    i.GPIO_Init         stm32f4xx_gpio.o
    0x080013f4   0x080013f4   0x00000046   Code   RO         4381    i.GPIO_PinAFConfig  stm32f4xx_gpio.o
    0x0800143a   0x0800143a   0x0000000a   Code   RO         4392    i.GPIO_WriteBit     stm32f4xx_gpio.o
    0x08001444   0x08001444   0x00000004   Code   RO          188    i.HardFault_Handler  stm32f4xx_it.o
    0x08001448   0x08001448   0x00000018   Code   RO         4674    i.I2C_Cmd           stm32f4xx_i2c.o
    0x08001460   0x08001460   0x00000060   Code   RO         4677    i.I2C_DeInit        stm32f4xx_i2c.o
    0x080014c0   0x080014c0   0x000000e8   Code   RO         4689    i.I2C_Init          stm32f4xx_i2c.o
    0x080015a8   0x080015a8   0x00000008   Code   RO          822    i.KEY_Init          key.o
    0x080015b0   0x080015b0   0x00000054   Code   RO          305    i.LEDTaskcreate     task_init.o
    0x08001604   0x08001604   0x00000028   Code   RO          798    i.LED_Init          led.o
    0x0800162c   0x0800162c   0x0000007c   Code   RO          893    i.M2006_getMessage  motor.o
    0x080016a8   0x080016a8   0x00000090   Code   RO          894    i.M2006_setCurrent  motor.o
    0x08001738   0x08001738   0x0000007c   Code   RO          895    i.M3508_getMessage  motor.o
    0x080017b4   0x080017b4   0x00000084   Code   RO          896    i.M3508_setCurrent  motor.o
    0x08001838   0x08001838   0x00000074   Code   RO          897    i.M6020_getMessage  motor.o
    0x080018ac   0x080018ac   0x00000064   Code   RO          898    i.M6020_setCurrent  motor.o
    0x08001910   0x08001910   0x000000b4   Code   RO          900    i.M6020_setTargetAngle  motor.o
    0x080019c4   0x080019c4   0x00000058   Code   RO          901    i.M6623_getMessage  motor.o
    0x08001a1c   0x08001a1c   0x00000004   Code   RO          189    i.MemManage_Handler  stm32f4xx_it.o
    0x08001a20   0x08001a20   0x000000ac   Code   RO          902    i.MotorParamInit    motor.o
    0x08001acc   0x08001acc   0x00000002   Code   RO          190    i.NMI_Handler       stm32f4xx_it.o
    0x08001ace   0x08001ace   0x00000002   PAD
    0x08001ad0   0x08001ad0   0x00000078   Code   RO         2721    i.NVIC_Init         misc.o
    0x08001b48   0x08001b48   0x00000014   Code   RO         2722    i.NVIC_PriorityGroupConfig  misc.o
    0x08001b5c   0x08001b5c   0x00000214   Code   RO          721    i.PID_Calc          pid.o
    0x08001d70   0x08001d70   0x00000050   Code   RO          722    i.PID_StructInit    pid.o
    0x08001dc0   0x08001dc0   0x0000002c   Code   RO         1232    i.Posture_getMessage  encoder.o
    0x08001dec   0x08001dec   0x00000020   Code   RO         5318    i.RCC_AHB1PeriphClockCmd  stm32f4xx_rcc.o
    0x08001e0c   0x08001e0c   0x00000020   Code   RO         5327    i.RCC_APB1PeriphClockCmd  stm32f4xx_rcc.o
    0x08001e2c   0x08001e2c   0x00000020   Code   RO         5329    i.RCC_APB1PeriphResetCmd  stm32f4xx_rcc.o
    0x08001e4c   0x08001e4c   0x00000020   Code   RO         5330    i.RCC_APB2PeriphClockCmd  stm32f4xx_rcc.o
    0x08001e6c   0x08001e6c   0x000000e8   Code   RO         5339    i.RCC_GetClocksFreq  stm32f4xx_rcc.o
    0x08001f54   0x08001f54   0x00000120   Code   RO         7759    i.SetSysClock       system_stm32f4xx.o
    0x08002074   0x08002074   0x00000034   Code   RO         2635    i.SysTick_Handler   port.o
    0x080020a8   0x080020a8   0x00000068   Code   RO         7761    i.SystemInit        system_stm32f4xx.o
    0x08002110   0x08002110   0x0000008c   Code   RO          585    i.Thigh_M6020Ctrl   joint.o
    0x0800219c   0x0800219c   0x0000006c   Code   RO          191    i.USART1_IRQHandler  stm32f4xx_it.o
    0x08002208   0x08002208   0x0000008c   Code   RO         1459    i.USART1_RXDMA_Config  bsp_dma.o
    0x08002294   0x08002294   0x00000070   Code   RO          192    i.USART2_IRQHandler  stm32f4xx_it.o
    0x08002304   0x08002304   0x0000008c   Code   RO         1460    i.USART2_RXDMA_Config  bsp_dma.o
    0x08002390   0x08002390   0x00000074   Code   RO          193    i.USART3_IRQHandler  stm32f4xx_it.o
    0x08002404   0x08002404   0x00000018   Code   RO         7265    i.USART_Cmd         stm32f4xx_usart.o
    0x0800241c   0x0800241c   0x00000012   Code   RO         7266    i.USART_DMACmd      stm32f4xx_usart.o
    0x0800242e   0x0800242e   0x0000001a   Code   RO         7268    i.USART_GetFlagStatus  stm32f4xx_usart.o
    0x08002448   0x08002448   0x00000054   Code   RO         7269    i.USART_GetITStatus  stm32f4xx_usart.o
    0x0800249c   0x0800249c   0x0000004a   Code   RO         7271    i.USART_ITConfig    stm32f4xx_usart.o
    0x080024e6   0x080024e6   0x00000002   PAD
    0x080024e8   0x080024e8   0x000000d4   Code   RO         7272    i.USART_Init        stm32f4xx_usart.o
    0x080025bc   0x080025bc   0x00000008   Code   RO         7282    i.USART_SendData    stm32f4xx_usart.o
    0x080025c4   0x080025c4   0x0000001e   Code   RO         1343    i.USART_sendChar    bsp_usart.o
    0x080025e2   0x080025e2   0x00000004   Code   RO          194    i.UsageFault_Handler  stm32f4xx_it.o
    0x080025e6   0x080025e6   0x00000002   PAD
    0x080025e8   0x080025e8   0x00000108   Code   RO          439    i.UsartTaskCreate   task_usart.o
    0x080026f0   0x080026f0   0x0000000e   Code   RO         7956    i.__scatterload_copy  mc_w.l(handlers.o)
    0x080026fe   0x080026fe   0x00000002   Code   RO         7957    i.__scatterload_null  mc_w.l(handlers.o)
    0x08002700   0x08002700   0x0000000e   Code   RO         7958    i.__scatterload_zeroinit  mc_w.l(handlers.o)
    0x0800270e   0x0800270e   0x0000002e   Code   RO          723    i.absLimit          pid.o
    0x0800273c   0x0800273c   0x00000034   Code   RO            4    i.main              main.o
    0x08002770   0x08002770   0x00000014   Code   RO          724    i.pidParamInit      pid.o
    0x08002784   0x08002784   0x0000000e   Code   RO          725    i.pidReset          pid.o
    0x08002792   0x08002792   0x00000002   PAD
    0x08002794   0x08002794   0x00000098   Code   RO         2094    i.prvAddCurrentTaskToDelayedList  tasks.o
    0x0800282c   0x0800282c   0x000000b8   Code   RO         2095    i.prvAddNewTaskToReadyList  tasks.o
    0x080028e4   0x080028e4   0x00000064   Code   RO         2443    i.prvCheckForValidListAndQueue  timers.o
    0x08002948   0x08002948   0x00000048   Code   RO         2096    i.prvCheckTasksWaitingTermination  tasks.o
    0x08002990   0x08002990   0x0000002a   Code   RO         1729    i.prvCopyDataFromQueue  queue.o
    0x080029ba   0x080029ba   0x0000007c   Code   RO         1730    i.prvCopyDataToQueue  queue.o
    0x08002a36   0x08002a36   0x00000012   Code   RO         2097    i.prvDeleteTCB      tasks.o
    0x08002a48   0x08002a48   0x00000028   Code   RO         2444    i.prvGetNextExpireTime  timers.o
    0x08002a70   0x08002a70   0x0000007c   Code   RO         2585    i.prvHeapInit       heap_4.o
    0x08002aec   0x08002aec   0x00000028   Code   RO         2098    i.prvIdleTask       tasks.o
    0x08002b14   0x08002b14   0x0000002a   Code   RO         1733    i.prvInitialiseNewQueue  queue.o
    0x08002b3e   0x08002b3e   0x000000b4   Code   RO         2099    i.prvInitialiseNewTask  tasks.o
    0x08002bf2   0x08002bf2   0x00000002   PAD
    0x08002bf4   0x08002bf4   0x00000068   Code   RO         2100    i.prvInitialiseTaskLists  tasks.o
    0x08002c5c   0x08002c5c   0x00000068   Code   RO         2586    i.prvInsertBlockIntoFreeList  heap_4.o
    0x08002cc4   0x08002cc4   0x00000058   Code   RO         2446    i.prvInsertTimerInActiveList  timers.o
    0x08002d1c   0x08002d1c   0x0000001a   Code   RO         1734    i.prvIsQueueEmpty   queue.o
    0x08002d36   0x08002d36   0x0000001e   Code   RO         1735    i.prvIsQueueFull    queue.o
    0x08002d54   0x08002d54   0x00000064   Code   RO         2447    i.prvProcessExpiredTimer  timers.o
    0x08002db8   0x08002db8   0x000000f4   Code   RO         2448    i.prvProcessReceivedCommands  timers.o
    0x08002eac   0x08002eac   0x00000074   Code   RO         2449    i.prvProcessTimerOrBlockTask  timers.o
    0x08002f20   0x08002f20   0x00000034   Code   RO         2102    i.prvResetNextTaskUnblockTime  tasks.o
    0x08002f54   0x08002f54   0x0000002c   Code   RO         2450    i.prvSampleTimeNow  timers.o
    0x08002f80   0x08002f80   0x000000a0   Code   RO         2451    i.prvSwitchTimerLists  timers.o
    0x08003020   0x08003020   0x00000040   Code   RO         2636    i.prvTaskExitError  port.o
    0x08003060   0x08003060   0x0000001a   Code   RO         2452    i.prvTimerTask      timers.o
    0x0800307a   0x0800307a   0x0000007e   Code   RO         1736    i.prvUnlockQueue    queue.o
    0x080030f8   0x080030f8   0x0000013c   Code   RO         2587    i.pvPortMalloc      heap_4.o
    0x08003234   0x08003234   0x0000002c   Code   RO         2637    i.pxPortInitialiseStack  port.o
    0x08003260   0x08003260   0x00000050   Code   RO         1066    i.update_crc        servo.o
    0x080032b0   0x080032b0   0x00000028   Code   RO         1689    i.uxListRemove      list.o
    0x080032d8   0x080032d8   0x0000001a   Code   RO         1690    i.vListInitialise   list.o
    0x080032f2   0x080032f2   0x00000006   Code   RO         1691    i.vListInitialiseItem  list.o
    0x080032f8   0x080032f8   0x00000034   Code   RO         1692    i.vListInsert       list.o
    0x0800332c   0x0800332c   0x00000018   Code   RO         1693    i.vListInsertEnd    list.o
    0x08003344   0x08003344   0x00000054   Code   RO         2639    i.vPortEnterCritical  port.o
    0x08003398   0x08003398   0x0000003c   Code   RO         2640    i.vPortExitCritical  port.o
    0x080033d4   0x080033d4   0x00000094   Code   RO         2588    i.vPortFree         heap_4.o
    0x08003468   0x08003468   0x00000028   Code   RO         2641    i.vPortSetupTimerInterrupt  port.o
    0x08003490   0x08003490   0x00000078   Code   RO         2642    i.vPortValidateInterruptPriority  port.o
    0x08003508   0x08003508   0x0000002c   Code   RO         1742    i.vQueueAddToRegistry  queue.o
    0x08003534   0x08003534   0x0000004a   Code   RO         1746    i.vQueueWaitForMessageRestricted  queue.o
    0x0800357e   0x0800357e   0x00000002   PAD
    0x08003580   0x08003580   0x0000004c   Code   RO          498    i.vTaskCan1Receive  task_can.o
    0x080035cc   0x080035cc   0x00000028   Code   RO          499    i.vTaskCan2Receive  task_can.o
    0x080035f4   0x080035f4   0x0000003c   Code   RO          500    i.vTaskCanSend      task_can.o
    0x08003630   0x08003630   0x00000012   Code   RO          386    i.vTaskCtrlChassis  task_ctrl.o
    0x08003642   0x08003642   0x00000012   Code   RO          387    i.vTaskCtrlGimbal   task_ctrl.o
    0x08003654   0x08003654   0x00000034   Code   RO          388    i.vTaskCtrlJoint    task_ctrl.o
    0x08003688   0x08003688   0x0000005c   Code   RO         2113    i.vTaskDelay        tasks.o
    0x080036e4   0x080036e4   0x000000d4   Code   RO         2114    i.vTaskDelayUntil   tasks.o
    0x080037b8   0x080037b8   0x000000f4   Code   RO         2115    i.vTaskDelete       tasks.o
    0x080038ac   0x080038ac   0x00000018   Code   RO         2118    i.vTaskInternalSetTimeOutState  tasks.o
    0x080038c4   0x080038c4   0x000000b0   Code   RO          306    i.vTaskLED0         task_init.o
    0x08003974   0x08003974   0x0000000a   Code   RO          307    i.vTaskLED6         task_init.o
    0x0800397e   0x0800397e   0x00000002   PAD
    0x08003980   0x08003980   0x0000000c   Code   RO         2119    i.vTaskMissedYield  tasks.o
    0x0800398c   0x0800398c   0x00000038   Code   RO         2121    i.vTaskPlaceOnEventList  tasks.o
    0x080039c4   0x080039c4   0x00000040   Code   RO         2122    i.vTaskPlaceOnEventListRestricted  tasks.o
    0x08003a04   0x08003a04   0x00000060   Code   RO          308    i.vTaskStart        task_init.o
    0x08003a64   0x08003a64   0x00000094   Code   RO         2130    i.vTaskStartScheduler  tasks.o
    0x08003af8   0x08003af8   0x00000010   Code   RO         2132    i.vTaskSuspendAll   tasks.o
    0x08003b08   0x08003b08   0x0000008c   Code   RO         2133    i.vTaskSwitchContext  tasks.o
    0x08003b94   0x08003b94   0x00000034   Code   RO          440    i.vTaskUsart1Receive  task_usart.o
    0x08003bc8   0x08003bc8   0x00000020   Code   RO          441    i.vTaskUsart2Receive  task_usart.o
    0x08003be8   0x08003be8   0x00000018   Code   RO          442    i.vTaskUsart3Receive  task_usart.o
    0x08003c00   0x08003c00   0x00000068   Code   RO          443    i.vTaskUsartSend    task_usart.o
    0x08003c68   0x08003c68   0x00000168   Code   RO         2643    i.xPortStartScheduler  port.o
    0x08003dd0   0x08003dd0   0x00000058   Code   RO         1749    i.xQueueGenericCreate  queue.o
    0x08003e28   0x08003e28   0x00000098   Code   RO         1750    i.xQueueGenericReset  queue.o
    0x08003ec0   0x08003ec0   0x000001a8   Code   RO         1751    i.xQueueGenericSend  queue.o
    0x08004068   0x08004068   0x000000f8   Code   RO         1752    i.xQueueGenericSendFromISR  queue.o
    0x08004160   0x08004160   0x00000168   Code   RO         1759    i.xQueueReceive     queue.o
    0x080042c8   0x080042c8   0x0000008c   Code   RO         2134    i.xTaskCheckForTimeOut  tasks.o
    0x08004354   0x08004354   0x00000060   Code   RO         2135    i.xTaskCreate       tasks.o
    0x080043b4   0x080043b4   0x00000020   Code   RO         2139    i.xTaskGetSchedulerState  tasks.o
    0x080043d4   0x080043d4   0x0000000c   Code   RO         2140    i.xTaskGetTickCount  tasks.o
    0x080043e0   0x080043e0   0x00000148   Code   RO         2142    i.xTaskIncrementTick  tasks.o
    0x08004528   0x08004528   0x000000c8   Code   RO         2145    i.xTaskPriorityDisinherit  tasks.o
    0x080045f0   0x080045f0   0x00000098   Code   RO         2147    i.xTaskRemoveFromEventList  tasks.o
    0x08004688   0x08004688   0x00000104   Code   RO         2148    i.xTaskResumeAll    tasks.o
    0x0800478c   0x0800478c   0x00000058   Code   RO         2458    i.xTimerCreateTimerTask  timers.o
    0x080047e4   0x080047e4   0x00000084   Code   RO         2459    i.xTimerGenericCommand  timers.o
    0x08004868   0x08004868   0x00000200   Data   RO         1067    .constdata          servo.o
    0x08004a68   0x08004a68   0x00000020   Data   RO         7954    Region$$Table       anon$$obj.o


    Execution Region RW_IRAM1 (Exec base: 0x20000000, Load base: 0x08004a88, Size: 0x00013788, Max: 0x00030000, ABSOLUTE)

    Exec Addr    Load Addr    Size         Type   Attr      Idx    E Section Name        Object

    0x20000000   0x08004a88   0x0000000c   Data   RW          309    .data               task_init.o
    0x2000000c   0x08004a94   0x0000000c   Data   RW          389    .data               task_ctrl.o
    0x20000018   0x08004aa0   0x00000020   Data   RW          444    .data               task_usart.o
    0x20000038   0x08004ac0   0x00000018   Data   RW          501    .data               task_can.o
    0x20000050   0x08004ad8   0x00000002   Data   RW          904    .data               motor.o
    0x20000052   0x08004ada   0x00000002   PAD
    0x20000054   0x08004adc   0x0000003c   Data   RW         2151    .data               tasks.o
    0x20000090   0x08004b18   0x00000014   Data   RW         2465    .data               timers.o
    0x200000a4   0x08004b2c   0x00000018   Data   RW         2593    .data               heap_4.o
    0x200000bc   0x08004b44   0x0000000c   Data   RW         2644    .data               port.o
    0x200000c8   0x08004b50   0x00000010   Data   RW         5371    .data               stm32f4xx_rcc.o
    0x200000d8   0x08004b60   0x00000014   Data   RW         7762    .data               system_stm32f4xx.o
    0x200000ec        -       0x0000001c   Zero   RW          860    .bss                dr16.o
    0x20000108        -       0x000004ec   Zero   RW          903    .bss                motor.o
    0x200005f4        -       0x00000018   Zero   RW         1233    .bss                encoder.o
    0x2000060c        -       0x00000048   Zero   RW         1346    .bss                bsp_usart.o
    0x20000654        -       0x00000040   Zero   RW         1763    .bss                queue.o
    0x20000694        -       0x000000c8   Zero   RW         2150    .bss                tasks.o
    0x2000075c        -       0x00000028   Zero   RW         2464    .bss                timers.o
    0x20000784        -       0x00012c00   Zero   RW         2592    .bss                heap_4.o
    0x20013384   0x08004b74   0x00000004   PAD
    0x20013388        -       0x00000400   Zero   RW         2711    STACK               startup_stm32f427_437xx.o


==============================================================================

Image component sizes


      Code (inc. data)   RO Data    RW Data    ZI Data      Debug   Object Name

       148          4          0          0          0        672   bsp_can.o
       280         20          0          0          0       1492   bsp_dma.o
       428         38          0          0          0       3350   bsp_gpio.o
       104         10          0          0          0        564   bsp_i2c.o
       332         30          0          0          0        684   bsp_nvic.o
       230         16          0          0         72       3858   bsp_usart.o
       256         12          0          0         28       2295   dr16.o
        44          4          0          0         24       1887   encoder.o
         0          0          0          0          0      11868   event_groups.o
       692         62          0         24      76800       4687   heap_4.o
       140         14          0          0          0        566   joint.o
         8          0          0          0          0        471   key.o
        40         10          0          0          0        483   led.o
       148          0          0          0          0       3510   list.o
        52         22          0          0          0     311059   main.o
       140         24          0          0          0       1895   misc.o
      1180        122          0          2       1260       7065   motor.o
       692         14          0          0          0       3963   pid.o
      1014         92          0         12          0      11913   port.o
      1780         20          0          0         64      13886   queue.o
       216         10        512          0          0       2104   servo.o
        36          8        428          0       1024        952   startup_stm32f427_437xx.o
      1566         16          0          0          0       7194   stm32f4xx_can.o
       482         26          0          0          0       4818   stm32f4xx_dma.o
       224          0          0          0          0       2795   stm32f4xx_gpio.o
       352         28          0          0          0       2826   stm32f4xx_i2c.o
       532         94          0          0          0       9870   stm32f4xx_it.o
       360         42          0         16          0       5844   stm32f4xx_rcc.o
       446          8          0          0          0       6212   stm32f4xx_usart.o
       392         32          0         20          0       2377   system_stm32f4xx.o
       376        128          0         24          0       2554   task_can.o
       228         86          0         12          0       2452   task_ctrl.o
       366         56          0         12          0       3400   task_init.o
       476        160          0         32          0       3387   task_usart.o
      3030        402          0         60        200      24046   tasks.o
      1138        116          0         20         40      17911   timers.o

    ----------------------------------------------------------------------
     17950       1726        972        236      79516     484910   Object Totals
         0          0         32          0          0          0   (incl. Generated)
        22          0          0          2          4          0   (incl. Padding)

    ----------------------------------------------------------------------

      Code (inc. data)   RO Data    RW Data    ZI Data      Debug   Library Member Name

         0          0          0          0          0          0   entry.o
         0          0          0          0          0          0   entry10a.o
         0          0          0          0          0          0   entry11a.o
         8          4          0          0          0          0   entry2.o
         4          0          0          0          0          0   entry5.o
         0          0          0          0          0          0   entry7b.o
         0          0          0          0          0          0   entry8b.o
         8          4          0          0          0          0   entry9a.o
        30          0          0          0          0          0   handlers.o
        36          8          0          0          0         68   init.o
        36          0          0          0          0         68   memcpya.o
        36          0          0          0          0        108   memseta.o

    ----------------------------------------------------------------------
       158         16          0          0          0        244   Library Totals
         0          0          0          0          0          0   (incl. Padding)

    ----------------------------------------------------------------------

      Code (inc. data)   RO Data    RW Data    ZI Data      Debug   Library Name

       158         16          0          0          0        244   mc_w.l

    ----------------------------------------------------------------------
       158         16          0          0          0        244   Library Totals

    ----------------------------------------------------------------------

==============================================================================


      Code (inc. data)   RO Data    RW Data    ZI Data      Debug   

     18108       1742        972        236      79516     469206   Grand Totals
     18108       1742        972        236      79516     469206   ELF Image Totals
     18108       1742        972        236          0          0   ROM Totals

==============================================================================

    Total RO  Size (Code + RO Data)                19080 (  18.63kB)
    Total RW  Size (RW Data + ZI Data)             79752 (  77.88kB)
    Total ROM Size (Code + RO Data + RW Data)      19316 (  18.86kB)

==============================================================================

