<html>
<body>
<pre>
<h1>µVision Build Log</h1>
<h2>Tool Versions:</h2>
IDE-Version: ¦ÌVision V5.25.2.0
Copyright (C) 2018 ARM Ltd and ARM Germany GmbH. All rights reserved.
License Information: ete Daqo Lee, sgfs, LIC=76FX7-E4NRI-PBZEG-VDLLJ-YUSX7-6J4RY
 
Tool Versions:
Toolchain:       MDK-ARM Plus  Version: 5.25.2.0
Toolchain Path:  C:\Keil_v5\ARM\ARMCC\Bin
C Compiler:      Armcc.exe V5.06 update 6 (build 750)
Assembler:       Armasm.exe V5.06 update 6 (build 750)
Linker/Locator:  ArmLink.exe V5.06 update 6 (build 750)
Library Manager: ArmAr.exe V5.06 update 6 (build 750)
Hex Converter:   FromElf.exe V5.06 update 6 (build 750)
CPU DLL:         SARMCM3.DLL V5.25.2.0
Dialog DLL:      DCM.DLL V1.17.1.0
Target DLL:      CMSIS_AGDI.dll V1.29.10.0
Dialog DLL:      TCM.DLL V1.35.1.0
 
<h2>Project:</h2>
C:\Users\Daqo Lee\Desktop\Robocon\Robocon\RC_Templates\Project\RC_SelfMotion.uvprojx
Project File Date:  01/05/2019

<h2>Output:</h2>
*** Using Compiler 'V5.06 update 6 (build 750)', folder: 'C:\Keil_v5\ARM\ARMCC\Bin'
Build target 'RC_SelfMotion'
compiling Motor.c...
..\Devices\Motor.c(243): warning:  #3170-D: use of a const variable in a constant expression is nonstandard in C
  	const static uint16_t m6020Max=(8191-m6020Mini);
..\Devices\Motor.c(243): warning:  #177-D: variable "m6020Max"  was declared but never referenced
  	const static uint16_t m6020Max=(8191-m6020Mini);
..\Devices\Motor.c(240): warning:  #177-D: function "M6020_setLimitAngle"  was declared but never referenced
  static void M6020_setLimitAngle()
..\Devices\Motor.c: 3 warnings, 0 errors
linking...
Program Size: Code=18108 RO-data=972 RW-data=236 ZI-data=79516  
".\Objects\RC_SelfMotion.axf" - 0 Error(s), 3 Warning(s).

<h2>Software Packages used:</h2>

Package Vendor: Keil
                http://www.keil.com/pack/Keil.STM32F4xx_DFP.2.9.0.pack
                Keil.STM32F4xx_DFP.2.9.0
                STMicroelectronics STM32F4 Series Device Support, Drivers and Examples

<h2>Collection of Component include folders:</h2>
  .\RTE\_RC_SelfMotion
  C:\Keil_v5\ARM\PACK\Keil\STM32F4xx_DFP\2.9.0\Drivers\CMSIS\Device\ST\STM32F4xx\Include

<h2>Collection of Component Files used:</h2>
Build Time Elapsed:  00:00:03
</pre>
</body>
</html>
